Component: ARM Compiler 5.06 update 6 (build 750) Tool: armlink [4d35ed]

==============================================================================

Section Cross References

    startup_stm32f103xb.o(RESET) refers to startup_stm32f103xb.o(STACK) for __initial_sp
    startup_stm32f103xb.o(RESET) refers to startup_stm32f103xb.o(.text) for Reset_Handler
    startup_stm32f103xb.o(RESET) refers to stm32f1xx_it.o(i.NMI_Handler) for NMI_Handler
    startup_stm32f103xb.o(RESET) refers to stm32f1xx_it.o(i.HardFault_Handler) for HardFault_Handler
    startup_stm32f103xb.o(RESET) refers to stm32f1xx_it.o(i.MemManage_Handler) for MemManage_Handler
    startup_stm32f103xb.o(RESET) refers to stm32f1xx_it.o(i.BusFault_Handler) for BusFault_Handler
    startup_stm32f103xb.o(RESET) refers to stm32f1xx_it.o(i.UsageFault_Handler) for UsageFault_Handler
    startup_stm32f103xb.o(RESET) refers to stm32f1xx_it.o(i.SVC_Handler) for SVC_Handler
    startup_stm32f103xb.o(RESET) refers to stm32f1xx_it.o(i.DebugMon_Handler) for DebugMon_Handler
    startup_stm32f103xb.o(RESET) refers to stm32f1xx_it.o(i.PendSV_Handler) for PendSV_Handler
    startup_stm32f103xb.o(RESET) refers to stm32f1xx_it.o(i.SysTick_Handler) for SysTick_Handler
    startup_stm32f103xb.o(RESET) refers to stm32f1xx_it.o(i.DMA1_Channel1_IRQHandler) for DMA1_Channel1_IRQHandler
    startup_stm32f103xb.o(RESET) refers to stm32f1xx_it.o(i.ADC1_2_IRQHandler) for ADC1_2_IRQHandler
    startup_stm32f103xb.o(RESET) refers to stm32f1xx_it.o(i.CAN1_RX1_IRQHandler) for CAN1_RX1_IRQHandler
    startup_stm32f103xb.o(RESET) refers to stm32f1xx_it.o(i.TIM1_UP_IRQHandler) for TIM1_UP_IRQHandler
    startup_stm32f103xb.o(RESET) refers to stm32f1xx_it.o(i.TIM2_IRQHandler) for TIM2_IRQHandler
    startup_stm32f103xb.o(RESET) refers to stm32f1xx_it.o(i.USART1_IRQHandler) for USART1_IRQHandler
    startup_stm32f103xb.o(.text) refers to system_stm32f1xx.o(i.SystemInit) for SystemInit
    startup_stm32f103xb.o(.text) refers to entry.o(.ARM.Collect$$$$00000000) for __main
    main.o(i.SystemClock_Config) refers to stm32f1xx_hal_rcc.o(i.HAL_RCC_OscConfig) for HAL_RCC_OscConfig
    main.o(i.SystemClock_Config) refers to main.o(i._Error_Handler) for _Error_Handler
    main.o(i.SystemClock_Config) refers to stm32f1xx_hal_rcc.o(i.HAL_RCC_ClockConfig) for HAL_RCC_ClockConfig
    main.o(i.SystemClock_Config) refers to stm32f1xx_hal_rcc_ex.o(i.HAL_RCCEx_PeriphCLKConfig) for HAL_RCCEx_PeriphCLKConfig
    main.o(i.SystemClock_Config) refers to stm32f1xx_hal_rcc.o(i.HAL_RCC_GetHCLKFreq) for HAL_RCC_GetHCLKFreq
    main.o(i.SystemClock_Config) refers to stm32f1xx_hal_cortex.o(i.HAL_SYSTICK_Config) for HAL_SYSTICK_Config
    main.o(i.SystemClock_Config) refers to stm32f1xx_hal_cortex.o(i.HAL_SYSTICK_CLKSourceConfig) for HAL_SYSTICK_CLKSourceConfig
    main.o(i.SystemClock_Config) refers to stm32f1xx_hal_cortex.o(i.HAL_NVIC_SetPriority) for HAL_NVIC_SetPriority
    main.o(i.main) refers to stm32f1xx_hal.o(i.HAL_Init) for HAL_Init
    main.o(i.main) refers to main.o(i.SystemClock_Config) for SystemClock_Config
    main.o(i.main) refers to gpio.o(i.MX_GPIO_Init) for MX_GPIO_Init
    main.o(i.main) refers to dma.o(i.MX_DMA_Init) for MX_DMA_Init
    main.o(i.main) refers to usart.o(i.MX_USART1_UART_Init) for MX_USART1_UART_Init
    main.o(i.main) refers to can.o(i.MX_CAN_Init) for MX_CAN_Init
    main.o(i.main) refers to adc.o(i.MX_ADC1_Init) for MX_ADC1_Init
    main.o(i.main) refers to tim.o(i.MX_TIM3_Init) for MX_TIM3_Init
    main.o(i.main) refers to tim.o(i.MX_TIM2_Init) for MX_TIM2_Init
    main.o(i.main) refers to tim.o(i.MX_TIM1_Init) for MX_TIM1_Init
    main.o(i.main) refers to delay.o(i.delay_init) for delay_init
    main.o(i.main) refers to control_can.c.o(i.CAN_Config_Filter) for CAN_Config_Filter
    main.o(i.main) refers to stm32f1xx_hal_adc_ex.o(i.HAL_ADCEx_Calibration_Start) for HAL_ADCEx_Calibration_Start
    main.o(i.main) refers to stm32f1xx_hal_tim.o(i.HAL_TIM_PWM_Start) for HAL_TIM_PWM_Start
    main.o(i.main) refers to stm32f1xx_hal_tim.o(i.HAL_TIM_Base_Start_IT) for HAL_TIM_Base_Start_IT
    main.o(i.main) refers to stm32f1xx_hal_uart.o(i.HAL_UART_Receive_IT) for HAL_UART_Receive_IT
    main.o(i.main) refers to stm32f1xx_hal_can.o(i.HAL_CAN_Receive_IT) for HAL_CAN_Receive_IT
    main.o(i.main) refers to stm32f1xx_hal_adc.o(i.HAL_ADC_Start_DMA) for HAL_ADC_Start_DMA
    main.o(i.main) refers to stm32f1xx_hal_tim.o(i.HAL_TIM_IC_Start_IT) for HAL_TIM_IC_Start_IT
    main.o(i.main) refers to mt6813.o(i.MT6813_init) for MT6813_init
    main.o(i.main) refers to mcp4725.o(i.MCP4725_Init) for MCP4725_Init
    main.o(i.main) refers to delay.o(i.delay_ms) for delay_ms
    main.o(i.main) refers to mcp4725.o(i.MCP4725_WriteBreakData_Voltage) for MCP4725_WriteBreakData_Voltage
    main.o(i.main) refers to mcp4725.o(i.MCP4725_WriteVelData_Voltage) for MCP4725_WriteVelData_Voltage
    main.o(i.main) refers to dfltui.o(.text) for __aeabi_ui2d
[...]
    Removing stm32f1xx_hal_cortex.o(i.HAL_NVIC_GetPriority), (148 bytes).
    Removing stm32f1xx_hal_cortex.o(i.HAL_NVIC_GetPriorityGrouping), (8 bytes).
    Removing stm32f1xx_hal_cortex.o(i.HAL_NVIC_SetPendingIRQ), (28 bytes).
    Removing stm32f1xx_hal_cortex.o(i.HAL_NVIC_SystemReset), (68 bytes).
    Removing stm32f1xx_hal_pwr.o(.rev16_text), (4 bytes).
    Removing stm32f1xx_hal_pwr.o(.revsh_text), (4 bytes).
    Removing stm32f1xx_hal_pwr.o(.rrx_text), (6 bytes).
    Removing stm32f1xx_hal_pwr.o(i.HAL_PWR_ConfigPVD), (180 bytes).
    Removing stm32f1xx_hal_pwr.o(i.HAL_PWR_DeInit), (28 bytes).
    Removing stm32f1xx_hal_pwr.o(i.HAL_PWR_DisableBkUpAccess), (12 bytes).
    Removing stm32f1xx_hal_pwr.o(i.HAL_PWR_DisablePVD), (12 bytes).
    Removing stm32f1xx_hal_pwr.o(i.HAL_PWR_DisableSEVOnPend), (20 bytes).
    Removing stm32f1xx_hal_pwr.o(i.HAL_PWR_DisableSleepOnExit), (20 bytes).
    Removing stm32f1xx_hal_pwr.o(i.HAL_PWR_DisableWakeUpPin), (28 bytes).
    Removing stm32f1xx_hal_pwr.o(i.HAL_PWR_EnableBkUpAccess), (12 bytes).
    Removing stm32f1xx_hal_pwr.o(i.HAL_PWR_EnablePVD), (12 bytes).
    Removing stm32f1xx_hal_pwr.o(i.HAL_PWR_EnableSEVOnPend), (20 bytes).
    Removing stm32f1xx_hal_pwr.o(i.HAL_PWR_EnableSleepOnExit), (20 bytes).
    Removing stm32f1xx_hal_pwr.o(i.HAL_PWR_EnableWakeUpPin), (28 bytes).
    Removing stm32f1xx_hal_pwr.o(i.HAL_PWR_EnterSLEEPMode), (32 bytes).
    Removing stm32f1xx_hal_pwr.o(i.HAL_PWR_EnterSTANDBYMode), (40 bytes).
    Removing stm32f1xx_hal_pwr.o(i.HAL_PWR_EnterSTOPMode), (84 bytes).
    Removing stm32f1xx_hal_pwr.o(i.HAL_PWR_PVDCallback), (2 bytes).
    Removing stm32f1xx_hal_pwr.o(i.HAL_PWR_PVD_IRQHandler), (32 bytes).
    Removing stm32f1xx_hal_pwr.o(i.PWR_OverloadWfe), (6 bytes).
    Removing stm32f1xx_hal_flash.o(.rev16_text), (4 bytes).
    Removing stm32f1xx_hal_flash.o(.revsh_text), (4 bytes).
    Removing stm32f1xx_hal_flash.o(.rrx_text), (6 bytes).
    Removing stm32f1xx_hal_flash.o(i.FLASH_Program_HalfWord), (32 bytes).
    Removing stm32f1xx_hal_flash.o(i.FLASH_SetErrorCode), (132 bytes).
    Removing stm32f1xx_hal_flash.o(i.FLASH_WaitForLastOperation), (112 bytes).
    Removing stm32f1xx_hal_flash.o(i.HAL_FLASH_EndOfOperationCallback), (2 bytes).
    Removing stm32f1xx_hal_flash.o(i.HAL_FLASH_GetError), (12 bytes).
    Removing stm32f1xx_hal_flash.o(i.HAL_FLASH_IRQHandler), (384 bytes).
    Removing stm32f1xx_hal_flash.o(i.HAL_FLASH_Lock), (20 bytes).
    Removing stm32f1xx_hal_flash.o(i.HAL_FLASH_OB_Launch), (8 bytes).
    Removing stm32f1xx_hal_flash.o(i.HAL_FLASH_OB_Lock), (20 bytes).
    Removing stm32f1xx_hal_flash.o(i.HAL_FLASH_OB_Unlock), (44 bytes).
    Removing stm32f1xx_hal_flash.o(i.HAL_FLASH_OperationErrorCallback), (2 bytes).
    Removing stm32f1xx_hal_flash.o(i.HAL_FLASH_Program), (176 bytes).
    Removing stm32f1xx_hal_flash.o(i.HAL_FLASH_Program_IT), (124 bytes).
    Removing stm32f1xx_hal_flash.o(i.HAL_FLASH_Unlock), (48 bytes).
    Removing stm32f1xx_hal_flash.o(.bss), (32 bytes).
    Removing stm32f1xx_hal_flash_ex.o(.rev16_text), (4 bytes).
    Removing stm32f1xx_hal_flash_ex.o(.revsh_text), (4 bytes).
    Removing stm32f1xx_hal_flash_ex.o(.rrx_text), (6 bytes).
    Removing stm32f1xx_hal_flash_ex.o(i.FLASH_MassErase), (40 bytes).
    Removing stm32f1xx_hal_flash_ex.o(i.FLASH_OB_DisableWRP), (232 bytes).
    Removing stm32f1xx_hal_flash_ex.o(i.FLASH_OB_EnableWRP), (236 bytes).
    Removing stm32f1xx_hal_flash_ex.o(i.FLASH_OB_GetRDP), (28 bytes).
    Removing stm32f1xx_hal_flash_ex.o(i.FLASH_OB_GetUser), (16 bytes).
    Removing stm32f1xx_hal_flash_ex.o(i.FLASH_OB_GetWRP), (12 bytes).
    Removing stm32f1xx_hal_flash_ex.o(i.FLASH_OB_ProgramData), (76 bytes).
    Removing stm32f1xx_hal_flash_ex.o(i.FLASH_OB_RDP_LevelConfig), (124 bytes).
    Removing stm32f1xx_hal_flash_ex.o(i.FLASH_OB_UserConfig), (84 bytes).
    Removing stm32f1xx_hal_flash_ex.o(i.FLASH_PageErase), (40 bytes).
    Removing stm32f1xx_hal_flash_ex.o(i.HAL_FLASHEx_Erase), (176 bytes).
    Removing stm32f1xx_hal_flash_ex.o(i.HAL_FLASHEx_Erase_IT), (100 bytes).
    Removing stm32f1xx_hal_flash_ex.o(i.HAL_FLASHEx_OBErase), (96 bytes).
    Removing stm32f1xx_hal_flash_ex.o(i.HAL_FLASHEx_OBGetConfig), (28 bytes).
    Removing stm32f1xx_hal_flash_ex.o(i.HAL_FLASHEx_OBGetUserData), (40 bytes).
    Removing stm32f1xx_hal_flash_ex.o(i.HAL_FLASHEx_OBProgram), (200 bytes).
    Removing system_stm32f1xx.o(.rev16_text), (4 bytes).
    Removing system_stm32f1xx.o(.revsh_text), (4 bytes).
    Removing system_stm32f1xx.o(.rrx_text), (6 bytes).
    Removing system_stm32f1xx.o(i.SystemCoreClockUpdate), (164 bytes).
    Removing control.o(.rev16_text), (4 bytes).
    Removing control.o(.revsh_text), (4 bytes).
    Removing control.o(.rrx_text), (6 bytes).
    Removing control_can.c.o(.rev16_text), (4 bytes).
    Removing control_can.c.o(.revsh_text), (4 bytes).
    Removing control_can.c.o(.rrx_text), (6 bytes).
    Removing control_can.c.o(i.CAN_SendMessage), (84 bytes).
    Removing mt6813.o(.rev16_text), (4 bytes).
    Removing mt6813.o(.revsh_text), (4 bytes).
    Removing mt6813.o(.rrx_text), (6 bytes).
    Removing mt6813.o(i.MT6813_Get_Angle), (128 bytes).
    Removing mt6813.o(i.MT6813_Write_Byte), (76 bytes).
    Removing myiic.o(.rev16_text), (4 bytes).
    Removing myiic.o(.revsh_text), (4 bytes).
    Removing myiic.o(.rrx_text), (6 bytes).
    Removing myiic.o(i.IIC_Ack), (80 bytes).
    Removing myiic.o(i.IIC_NAck), (80 bytes).
    Removing myiic.o(i.IIC_Read_Byte), (112 bytes).
    Removing pid.o(.rev16_text), (4 bytes).
    Removing pid.o(.revsh_text), (4 bytes).
    Removing pid.o(.rrx_text), (6 bytes).
    Removing pid.o(i.All_PID_Init), (148 bytes).
    Removing pid.o(i.Current_PID_Init), (14 bytes).
    Removing pid.o(i.PID_Calc), (314 bytes).
    Removing pid.o(i.Speed_PID_Init), (14 bytes).
    Removing pid.o(.bss), (320 bytes).
    Removing myi2c.o(.rev16_text), (4 bytes).
    Removing myi2c.o(.revsh_text), (4 bytes).
    Removing myi2c.o(.rrx_text), (6 bytes).
    Removing mcp4725.o(.rev16_text), (4 bytes).
    Removing mcp4725.o(.revsh_text), (4 bytes).
    Removing mcp4725.o(.rrx_text), (6 bytes).
    Removing mcp4725.o(i.MCP4725_ReadData), (42 bytes).
    Removing driver.o(.rev16_text), (4 bytes).
    Removing driver.o(.revsh_text), (4 bytes).
    Removing driver.o(.rrx_text), (6 bytes).
    Removing driver.o(i.driver_control), (72 bytes).
    Removing delay.o(.rev16_text), (4 bytes).
    Removing delay.o(.revsh_text), (4 bytes).
    Removing delay.o(.rrx_text), (6 bytes).
    Removing fadd.o(.text), (176 bytes).
    Removing fmul.o(.text), (100 bytes).
    Removing dflti.o(.text), (34 bytes).
    Removing cfrcmple.o(.text), (20 bytes).

419 unused section(s) (total 29844 bytes) removed from the image.

==============================================================================

Image Symbol Table

    Local Symbols

    Symbol Name                              Value     Ov Type        Size  Object(Section)

    ..//Src/system_stm32f1xx.c               0x00000000   Number         0  system_stm32f1xx.o ABSOLUTE
    ../Drivers/STM32F1xx_HAL_Driver/Src/stm32f1xx_hal.c 0x00000000   Number         0  stm32f1xx_hal.o ABSOLUTE
    ../Drivers/STM32F1xx_HAL_Driver/Src/stm32f1xx_hal_adc.c 0x00000000   Number         0  stm32f1xx_hal_adc.o ABSOLUTE
    ../Drivers/STM32F1xx_HAL_Driver/Src/stm32f1xx_hal_adc_ex.c 0x00000000   Number         0  stm32f1xx_hal_adc_ex.o ABSOLUTE
    ../Drivers/STM32F1xx_HAL_Driver/Src/stm32f1xx_hal_can.c 0x00000000   Number         0  stm32f1xx_hal_can.o ABSOLUTE
    ../Drivers/STM32F1xx_HAL_Driver/Src/stm32f1xx_hal_cortex.c 0x00000000   Number         0  stm32f1xx_hal_cortex.o ABSOLUTE
    ../Drivers/STM32F1xx_HAL_Driver/Src/stm32f1xx_hal_dma.c 0x00000000   Number         0  stm32f1xx_hal_dma.o ABSOLUTE
    ../Drivers/STM32F1xx_HAL_Driver/Src/stm32f1xx_hal_flash.c 0x00000000   Number         0  stm32f1xx_hal_flash.o ABSOLUTE
    ../Drivers/STM32F1xx_HAL_Driver/Src/stm32f1xx_hal_flash_ex.c 0x00000000   Number         0  stm32f1xx_hal_flash_ex.o ABSOLUTE
    ../Drivers/STM32F1xx_HAL_Driver/Src/stm32f1xx_hal_gpio.c 0x00000000   Number         0  stm32f1xx_hal_gpio.o ABSOLUTE
    ../Drivers/STM32F1xx_HAL_Driver/Src/stm32f1xx_hal_gpio_ex.c 0x00000000   Number         0  stm32f1xx_hal_gpio_ex.o ABSOLUTE
    ../Drivers/STM32F1xx_HAL_Driver/Src/stm32f1xx_hal_pwr.c 0x00000000   Number         0  stm32f1xx_hal_pwr.o ABSOLUTE
    ../Drivers/STM32F1xx_HAL_Driver/Src/stm32f1xx_hal_rcc.c 0x00000000   Number         0  stm32f1xx_hal_rcc.o ABSOLUTE
    ../Drivers/STM32F1xx_HAL_Driver/Src/stm32f1xx_hal_rcc_ex.c 0x00000000   Number         0  stm32f1xx_hal_rcc_ex.o ABSOLUTE
    ../Drivers/STM32F1xx_HAL_Driver/Src/stm32f1xx_hal_tim.c 0x00000000   Number         0  stm32f1xx_hal_tim.o ABSOLUTE
    ../Drivers/STM32F1xx_HAL_Driver/Src/stm32f1xx_hal_tim_ex.c 0x00000000   Number         0  stm32f1xx_hal_tim_ex.o ABSOLUTE
    ../Drivers/STM32F1xx_HAL_Driver/Src/stm32f1xx_hal_uart.c 0x00000000   Number         0  stm32f1xx_hal_uart.o ABSOLUTE
    ../Src/adc.c                             0x00000000   Number         0  adc.o ABSOLUTE
    ../Src/can.c                             0x00000000   Number         0  can.o ABSOLUTE
    ../Src/dma.c                             0x00000000   Number         0  dma.o ABSOLUTE
    ../Src/gpio.c                            0x00000000   Number         0  gpio.o ABSOLUTE
    ../Src/main.c                            0x00000000   Number         0  main.o ABSOLUTE
    ../Src/stm32f1xx_hal_msp.c               0x00000000   Number         0  stm32f1xx_hal_msp.o ABSOLUTE
    ../Src/stm32f1xx_it.c                    0x00000000   Number         0  stm32f1xx_it.o ABSOLUTE
    ../Src/tim.c                             0x00000000   Number         0  tim.o ABSOLUTE
    ../Src/usart.c                           0x00000000   Number         0  usart.o ABSOLUTE
    ../clib/microlib/init/entry.s            0x00000000   Number         0  entry.o ABSOLUTE
    ../clib/microlib/init/entry.s            0x00000000   Number         0  entry5.o ABSOLUTE
    ../clib/microlib/init/entry.s            0x00000000   Number         0  entry11b.o ABSOLUTE
    ../clib/microlib/init/entry.s            0x00000000   Number         0  entry11a.o ABSOLUTE
    ../clib/microlib/init/entry.s            0x00000000   Number         0  entry10b.o ABSOLUTE
    ../clib/microlib/init/entry.s            0x00000000   Number         0  entry10a.o ABSOLUTE
    ../clib/microlib/init/entry.s            0x00000000   Number         0  entry9b.o ABSOLUTE
    ../clib/microlib/init/entry.s            0x00000000   Number         0  entry9a.o ABSOLUTE
    ../clib/microlib/init/entry.s            0x00000000   Number         0  entry8b.o ABSOLUTE
    ../clib/microlib/init/entry.s            0x00000000   Number         0  entry8a.o ABSOLUTE
    ../clib/microlib/init/entry.s            0x00000000   Number         0  entry7b.o ABSOLUTE
    ../clib/microlib/init/entry.s            0x00000000   Number         0  entry7a.o ABSOLUTE
    ../clib/microlib/init/entry.s            0x00000000   Number         0  entry2.o ABSOLUTE
    ../clib/microlib/longlong.c              0x00000000   Number         0  llshl.o ABSOLUTE
    ../clib/microlib/longlong.c              0x00000000   Number         0  llushr.o ABSOLUTE
    ../clib/microlib/stubs.s                 0x00000000   Number         0  iusefp.o ABSOLUTE
    ../fplib/microlib/d2f.c                  0x00000000   Number         0  d2f.o ABSOLUTE
    ../fplib/microlib/fpadd.c                0x00000000   Number         0  fadd.o ABSOLUTE
    ../fplib/microlib/fpdiv.c                0x00000000   Number         0  ddiv.o ABSOLUTE
    ../fplib/microlib/fpepilogue.c           0x00000000   Number         0  depilogue.o ABSOLUTE
    ../fplib/microlib/fpepilogue.c           0x00000000   Number         0  fepilogue.o ABSOLUTE
    ../fplib/microlib/fpflt.c                0x00000000   Number         0  dfltui.o ABSOLUTE
    ../fplib/microlib/fpflt.c                0x00000000   Number         0  dflti.o ABSOLUTE
    ../fplib/microlib/fpmul.c                0x00000000   Number         0  dmul.o ABSOLUTE
    ../fplib/microlib/fpmul.c                0x00000000   Number         0  fmul.o ABSOLUTE
    ..\Control\Src\MT6813.c                  0x00000000   Number         0  mt6813.o ABSOLUTE
    ..\Control\Src\control.c                 0x00000000   Number         0  control.o ABSOLUTE
    ..\Control\Src\control_can.c.c           0x00000000   Number         0  control_can.c.o ABSOLUTE
    ..\Control\Src\driver.c                  0x00000000   Number         0  driver.o ABSOLUTE
    ..\Control\Src\mcp4725.c                 0x00000000   Number         0  mcp4725.o ABSOLUTE
    ..\Control\Src\myi2c.c                   0x00000000   Number         0  myi2c.o ABSOLUTE
    ..\Control\Src\myiic.c                   0x00000000   Number         0  myiic.o ABSOLUTE
    ..\Control\Src\pid.c                     0x00000000   Number         0  pid.o ABSOLUTE
    ..\Drivers\STM32F1xx_HAL_Driver\Src\stm32f1xx_hal.c 0x00000000   Number         0  stm32f1xx_hal.o ABSOLUTE
    ..\Drivers\STM32F1xx_HAL_Driver\Src\stm32f1xx_hal_adc.c 0x00000000   Number         0  stm32f1xx_hal_adc.o ABSOLUTE
    ..\Drivers\STM32F1xx_HAL_Driver\Src\stm32f1xx_hal_adc_ex.c 0x00000000   Number         0  stm32f1xx_hal_adc_ex.o ABSOLUTE
    ..\Drivers\STM32F1xx_HAL_Driver\Src\stm32f1xx_hal_can.c 0x00000000   Number         0  stm32f1xx_hal_can.o ABSOLUTE
    ..\Drivers\STM32F1xx_HAL_Driver\Src\stm32f1xx_hal_cortex.c 0x00000000   Number         0  stm32f1xx_hal_cortex.o ABSOLUTE
    ..\Drivers\STM32F1xx_HAL_Driver\Src\stm32f1xx_hal_dma.c 0x00000000   Number         0  stm32f1xx_hal_dma.o ABSOLUTE
    ..\Drivers\STM32F1xx_HAL_Driver\Src\stm32f1xx_hal_flash.c 0x00000000   Number         0  stm32f1xx_hal_flash.o ABSOLUTE
    ..\Drivers\STM32F1xx_HAL_Driver\Src\stm32f1xx_hal_flash_ex.c 0x00000000   Number         0  stm32f1xx_hal_flash_ex.o ABSOLUTE
    ..\Drivers\STM32F1xx_HAL_Driver\Src\stm32f1xx_hal_gpio.c 0x00000000   Number         0  stm32f1xx_hal_gpio.o ABSOLUTE
    ..\Drivers\STM32F1xx_HAL_Driver\Src\stm32f1xx_hal_gpio_ex.c 0x00000000   Number         0  stm32f1xx_hal_gpio_ex.o ABSOLUTE
    ..\Drivers\STM32F1xx_HAL_Driver\Src\stm32f1xx_hal_pwr.c 0x00000000   Number         0  stm32f1xx_hal_pwr.o ABSOLUTE
    ..\Drivers\STM32F1xx_HAL_Driver\Src\stm32f1xx_hal_rcc.c 0x00000000   Number         0  stm32f1xx_hal_rcc.o ABSOLUTE
    ..\Drivers\STM32F1xx_HAL_Driver\Src\stm32f1xx_hal_rcc_ex.c 0x00000000   Number         0  stm32f1xx_hal_rcc_ex.o ABSOLUTE
    ..\Drivers\STM32F1xx_HAL_Driver\Src\stm32f1xx_hal_tim.c 0x00000000   Number         0  stm32f1xx_hal_tim.o ABSOLUTE
    ..\Drivers\STM32F1xx_HAL_Driver\Src\stm32f1xx_hal_tim_ex.c 0x00000000   Number         0  stm32f1xx_hal_tim_ex.o ABSOLUTE
    ..\Drivers\STM32F1xx_HAL_Driver\Src\stm32f1xx_hal_uart.c 0x00000000   Number         0  stm32f1xx_hal_uart.o ABSOLUTE
    ..\Src\adc.c                             0x00000000   Number         0  adc.o ABSOLUTE
    ..\Src\can.c                             0x00000000   Number         0  can.o ABSOLUTE
    ..\Src\dma.c                             0x00000000   Number         0  dma.o ABSOLUTE
    ..\Src\gpio.c                            0x00000000   Number         0  gpio.o ABSOLUTE
    ..\Src\main.c                            0x00000000   Number         0  main.o ABSOLUTE
    ..\Src\stm32f1xx_hal_msp.c               0x00000000   Number         0  stm32f1xx_hal_msp.o ABSOLUTE
    ..\Src\stm32f1xx_it.c                    0x00000000   Number         0  stm32f1xx_it.o ABSOLUTE
    ..\Src\tim.c                             0x00000000   Number         0  tim.o ABSOLUTE
    ..\Src\usart.c                           0x00000000   Number         0  usart.o ABSOLUTE
    ..\System\delay\delay.c                  0x00000000   Number         0  delay.o ABSOLUTE
    ..\\Control\\Src\\MT6813.c               0x00000000   Number         0  mt6813.o ABSOLUTE
    ..\\Control\\Src\\control.c              0x00000000   Number         0  control.o ABSOLUTE
    ..\\Control\\Src\\control_can.c.c        0x00000000   Number         0  control_can.c.o ABSOLUTE
    ..\\Control\\Src\\driver.c               0x00000000   Number         0  driver.o ABSOLUTE
    ..\\Control\\Src\\mcp4725.c              0x00000000   Number         0  mcp4725.o ABSOLUTE
    ..\\Control\\Src\\myi2c.c                0x00000000   Number         0  myi2c.o ABSOLUTE
    ..\\Control\\Src\\myiic.c                0x00000000   Number         0  myiic.o ABSOLUTE
    ..\\Control\\Src\\pid.c                  0x00000000   Number         0  pid.o ABSOLUTE
    ..\\Src\system_stm32f1xx.c               0x00000000   Number         0  system_stm32f1xx.o ABSOLUTE
    ..\\System\\delay\\delay.c               0x00000000   Number         0  delay.o ABSOLUTE
    cfrcmple.s                               0x00000000   Number         0  cfrcmple.o ABSOLUTE
    dc.s                                     0x00000000   Number         0  dc.o ABSOLUTE
    handlers.s                               0x00000000   Number         0  handlers.o ABSOLUTE
    init.s                                   0x00000000   Number         0  init.o ABSOLUTE
    startup_stm32f103xb.s                    0x00000000   Number         0  startup_stm32f103xb.o ABSOLUTE
    RESET                                    0x08000000   Section      236  startup_stm32f103xb.o(RESET)
    .ARM.Collect$$$$00000000                 0x080000ec   Section        0  entry.o(.ARM.Collect$$$$00000000)
    .ARM.Collect$$$$00000001                 0x080000ec   Section        4  entry2.o(.ARM.Collect$$$$00000001)
    .ARM.Collect$$$$00000004                 0x080000f0   Section        4  entry5.o(.ARM.Collect$$$$00000004)
    .ARM.Collect$$$$00000008                 0x080000f4   Section        0  entry7b.o(.ARM.Collect$$$$00000008)
    .ARM.Collect$$$$0000000A                 0x080000f4   Section        0  entry8b.o(.ARM.Collect$$$$0000000A)
    .ARM.Collect$$$$0000000B                 0x080000f4   Section        8  entry9a.o(.ARM.Collect$$$$0000000B)
    .ARM.Collect$$$$0000000D                 0x080000fc   Section        0  entry10a.o(.ARM.Collect$$$$0000000D)
    .ARM.Collect$$$$0000000F                 0x080000fc   Section        0  entry11a.o(.ARM.Collect$$$$0000000F)
    .ARM.Collect$$$$00002712                 0x080000fc   Section        4  entry2.o(.ARM.Collect$$$$00002712)
    __lit__00000000                          0x080000fc   Data           4  entry2.o(.ARM.Collect$$$$00002712)
    .text                                    0x08000100   Section       36  startup_stm32f103xb.o(.text)
    .text                                    0x08000124   Section        0  llushr.o(.text)
    .text                                    0x08000144   Section        0  dmul.o(.text)
    .text                                    0x08000228   Section        0  ddiv.o(.text)
    .text                                    0x08000306   Section        0  dfltui.o(.text)
    .text                                    0x08000320   Section        0  d2f.o(.text)
    .text                                    0x08000358   Section        0  iusefp.o(.text)
    .text                                    0x08000358   Section        0  fepilogue.o(.text)
    .text                                    0x080003c6   Section        0  depilogue.o(.text)
    .text                                    0x08000480   Section       36  init.o(.text)
    .text                                    0x080004a4   Section        0  llshl.o(.text)
    i.ADC1_2_IRQHandler                      0x080004c4   Section        0  stm32f1xx_it.o(i.ADC1_2_IRQHandler)
    i.ADC_ConversionStop_Disable             0x080004d4   Section        0  stm32f1xx_hal_adc.o(i.ADC_ConversionStop_Disable)
    i.ADC_DMAConvCplt                        0x08000526   Section        0  stm32f1xx_hal_adc.o(i.ADC_DMAConvCplt)
    i.ADC_DMAError                           0x08000578   Section        0  stm32f1xx_hal_adc.o(i.ADC_DMAError)
    i.ADC_DMAHalfConvCplt                    0x08000596   Section        0  stm32f1xx_hal_adc.o(i.ADC_DMAHalfConvCplt)
    i.ADC_Enable                             0x080005a4   Section        0  stm32f1xx_hal_adc.o(i.ADC_Enable)
    i.BusFault_Handler                       0x08000628   Section        0  stm32f1xx_it.o(i.BusFault_Handler)
    i.CAN1_RX1_IRQHandler                    0x0800062c   Section        0  stm32f1xx_it.o(i.CAN1_RX1_IRQHandler)
    i.CAN_Config_Filter                      0x0800063c   Section        0  control_can.c.o(i.CAN_Config_Filter)
    i.CAN_Receive_IT                         0x08000680   Section        0  stm32f1xx_hal_can.o(i.CAN_Receive_IT)
    CAN_Receive_IT                           0x08000681   Thumb Code   450  stm32f1xx_hal_can.o(i.CAN_Receive_IT)
    i.CAN_Transmit_IT                        0x08000842   Section        0  stm32f1xx_hal_can.o(i.CAN_Transmit_IT)
    CAN_Transmit_IT                          0x08000843   Thumb Code    98  stm32f1xx_hal_can.o(i.CAN_Transmit_IT)
    i.DMA1_Channel1_IRQHandler               0x080008a4   Section        0  stm32f1xx_it.o(i.DMA1_Channel1_IRQHandler)
    i.DMA_SetConfig                          0x080008b4   Section        0  stm32f1xx_hal_dma.o(i.DMA_SetConfig)
    DMA_SetConfig                            0x080008b5   Thumb Code    44  stm32f1xx_hal_dma.o(i.DMA_SetConfig)
    i.DebugMon_Handler                       0x080008e0   Section        0  stm32f1xx_it.o(i.DebugMon_Handler)
    i.HAL_ADCEx_Calibration_Start            0x080008e4   Section        0  stm32f1xx_hal_adc_ex.o(i.HAL_ADCEx_Calibration_Start)
    i.HAL_ADCEx_InjectedConvCpltCallback     0x080009e8   Section        0  stm32f1xx_hal_adc_ex.o(i.HAL_ADCEx_InjectedConvCpltCallback)
    i.HAL_ADC_ConfigChannel                  0x080009ec   Section        0  stm32f1xx_hal_adc.o(i.HAL_ADC_ConfigChannel)
    i.HAL_ADC_ConvCpltCallback               0x08000b4c   Section        0  stm32f1xx_hal_adc.o(i.HAL_ADC_ConvCpltCallback)
    i.HAL_ADC_ConvHalfCpltCallback           0x08000b4e   Section        0  stm32f1xx_hal_adc.o(i.HAL_ADC_ConvHalfCpltCallback)
    i.HAL_ADC_ErrorCallback                  0x08000b50   Section        0  stm32f1xx_hal_adc.o(i.HAL_ADC_ErrorCallback)
    i.HAL_ADC_IRQHandler                     0x08000b52   Section        0  stm32f1xx_hal_adc.o(i.HAL_ADC_IRQHandler)
    i.HAL_ADC_Init                           0x08000c74   Section        0  stm32f1xx_hal_adc.o(i.HAL_ADC_Init)
    i.HAL_ADC_LevelOutOfWindowCallback       0x08000db8   Section        0  stm32f1xx_hal_adc.o(i.HAL_ADC_LevelOutOfWindowCallback)
    i.HAL_ADC_MspInit                        0x08000dbc   Section        0  adc.o(i.HAL_ADC_MspInit)
    i.HAL_ADC_Start_DMA                      0x08000e6c   Section        0  stm32f1xx_hal_adc.o(i.HAL_ADC_Start_DMA)
    i.HAL_CAN_ConfigFilter                   0x08000fec   Section        0  stm32f1xx_hal_can.o(i.HAL_CAN_ConfigFilter)
    i.HAL_CAN_ErrorCallback                  0x08001110   Section        0  stm32f1xx_hal_can.o(i.HAL_CAN_ErrorCallback)
    i.HAL_CAN_IRQHandler                     0x08001114   Section        0  stm32f1xx_hal_can.o(i.HAL_CAN_IRQHandler)
    i.HAL_CAN_Init                           0x08001368   Section        0  stm32f1xx_hal_can.o(i.HAL_CAN_Init)
    i.HAL_CAN_MspInit                        0x080014d8   Section        0  can.o(i.HAL_CAN_MspInit)
    i.HAL_CAN_Receive_IT                     0x0800154c   Section        0  stm32f1xx_hal_can.o(i.HAL_CAN_Receive_IT)
    i.HAL_CAN_RxCpltCallback                 0x08001658   Section        0  control_can.c.o(i.HAL_CAN_RxCpltCallback)
    i.HAL_CAN_TxCpltCallback                 0x080016a4   Section        0  stm32f1xx_hal_can.o(i.HAL_CAN_TxCpltCallback)
    i.HAL_DMA_Abort_IT                       0x080016a8   Section        0  stm32f1xx_hal_dma.o(i.HAL_DMA_Abort_IT)
    i.HAL_DMA_IRQHandler                     0x08001758   Section        0  stm32f1xx_hal_dma.o(i.HAL_DMA_IRQHandler)
    i.HAL_DMA_Init                           0x080018f4   Section        0  stm32f1xx_hal_dma.o(i.HAL_DMA_Init)
    i.HAL_DMA_Start_IT                       0x08001964   Section        0  stm32f1xx_hal_dma.o(i.HAL_DMA_Start_IT)
    i.HAL_GPIO_Init                          0x08001a00   Section        0  stm32f1xx_hal_gpio.o(i.HAL_GPIO_Init)
    i.HAL_GPIO_WritePin                      0x08001d1c   Section        0  stm32f1xx_hal_gpio.o(i.HAL_GPIO_WritePin)
    i.HAL_GetTick                            0x08001d28   Section        0  stm32f1xx_hal.o(i.HAL_GetTick)
    i.HAL_IncTick                            0x08001d34   Section        0  stm32f1xx_hal.o(i.HAL_IncTick)
    i.HAL_Init                               0x08001d4c   Section        0  stm32f1xx_hal.o(i.HAL_Init)
    i.HAL_InitTick                           0x08001d74   Section        0  stm32f1xx_hal.o(i.HAL_InitTick)
    i.HAL_MspInit                            0x08001dc0   Section        0  stm32f1xx_hal_msp.o(i.HAL_MspInit)
    i.HAL_NVIC_EnableIRQ                     0x08001e68   Section        0  stm32f1xx_hal_cortex.o(i.HAL_NVIC_EnableIRQ)
    i.HAL_NVIC_SetPriority                   0x08001e82   Section        0  stm32f1xx_hal_cortex.o(i.HAL_NVIC_SetPriority)
    i.HAL_NVIC_SetPriorityGrouping           0x08001f00   Section        0  stm32f1xx_hal_cortex.o(i.HAL_NVIC_SetPriorityGrouping)
    i.HAL_RCCEx_GetPeriphCLKFreq             0x08001f28   Section        0  stm32f1xx_hal_rcc_ex.o(i.HAL_RCCEx_GetPeriphCLKFreq)
    i.HAL_RCCEx_PeriphCLKConfig              0x08002048   Section        0  stm32f1xx_hal_rcc_ex.o(i.HAL_RCCEx_PeriphCLKConfig)
    i.HAL_RCC_ClockConfig                    0x08002178   Section        0  stm32f1xx_hal_rcc.o(i.HAL_RCC_ClockConfig)
    i.HAL_RCC_GetHCLKFreq                    0x0800231c   Section        0  stm32f1xx_hal_rcc.o(i.HAL_RCC_GetHCLKFreq)
    i.HAL_RCC_GetPCLK1Freq                   0x08002328   Section        0  stm32f1xx_hal_rcc.o(i.HAL_RCC_GetPCLK1Freq)
    i.HAL_RCC_GetPCLK2Freq                   0x08002348   Section        0  stm32f1xx_hal_rcc.o(i.HAL_RCC_GetPCLK2Freq)
    i.HAL_RCC_GetSysClockFreq                0x08002368   Section        0  stm32f1xx_hal_rcc.o(i.HAL_RCC_GetSysClockFreq)
    i.HAL_RCC_OscConfig                      0x080023fc   Section        0  stm32f1xx_hal_rcc.o(i.HAL_RCC_OscConfig)
    i.HAL_SYSTICK_CLKSourceConfig            0x0800283c   Section        0  stm32f1xx_hal_cortex.o(i.HAL_SYSTICK_CLKSourceConfig)
    i.HAL_SYSTICK_Callback                   0x08002864   Section        0  stm32f1xx_hal_cortex.o(i.HAL_SYSTICK_Callback)
    i.HAL_SYSTICK_Config                     0x08002866   Section        0  stm32f1xx_hal_cortex.o(i.HAL_SYSTICK_Config)
    i.HAL_SYSTICK_IRQHandler                 0x0800289a   Section        0  stm32f1xx_hal_cortex.o(i.HAL_SYSTICK_IRQHandler)
    i.HAL_TIMEx_BreakCallback                0x080028a2   Section        0  stm32f1xx_hal_tim_ex.o(i.HAL_TIMEx_BreakCallback)
    i.HAL_TIMEx_CommutationCallback          0x080028a4   Section        0  stm32f1xx_hal_tim_ex.o(i.HAL_TIMEx_CommutationCallback)
    i.HAL_TIMEx_MasterConfigSynchronization  0x080028a6   Section        0  stm32f1xx_hal_tim_ex.o(i.HAL_TIMEx_MasterConfigSynchronization)
    i.HAL_TIM_Base_Init                      0x08002908   Section        0  stm32f1xx_hal_tim.o(i.HAL_TIM_Base_Init)
    i.HAL_TIM_Base_MspInit                   0x0800293c   Section        0  tim.o(i.HAL_TIM_Base_MspInit)
    i.HAL_TIM_Base_Start_IT                  0x08002a14   Section        0  stm32f1xx_hal_tim.o(i.HAL_TIM_Base_Start_IT)
    i.HAL_TIM_ConfigClockSource              0x08002a32   Section        0  stm32f1xx_hal_tim.o(i.HAL_TIM_ConfigClockSource)
    i.HAL_TIM_IC_CaptureCallback             0x08002b64   Section        0  stm32f1xx_hal_tim.o(i.HAL_TIM_IC_CaptureCallback)
    i.HAL_TIM_IC_ConfigChannel               0x08002b66   Section        0  stm32f1xx_hal_tim.o(i.HAL_TIM_IC_ConfigChannel)
    i.HAL_TIM_IC_Init                        0x08002c46   Section        0  stm32f1xx_hal_tim.o(i.HAL_TIM_IC_Init)
    i.HAL_TIM_IC_MspInit                     0x08002c7a   Section        0  stm32f1xx_hal_tim.o(i.HAL_TIM_IC_MspInit)
    i.HAL_TIM_IC_Start_IT                    0x08002c7c   Section        0  stm32f1xx_hal_tim.o(i.HAL_TIM_IC_Start_IT)
    i.HAL_TIM_IRQHandler                     0x08002ce8   Section        0  stm32f1xx_hal_tim.o(i.HAL_TIM_IRQHandler)
    i.HAL_TIM_MspPostInit                    0x08002e80   Section        0  tim.o(i.HAL_TIM_MspPostInit)
    i.HAL_TIM_OC_DelayElapsedCallback        0x08002ef4   Section        0  stm32f1xx_hal_tim.o(i.HAL_TIM_OC_DelayElapsedCallback)
    i.HAL_TIM_PWM_ConfigChannel              0x08002ef6   Section        0  stm32f1xx_hal_tim.o(i.HAL_TIM_PWM_ConfigChannel)
    i.HAL_TIM_PWM_Init                       0x08002ffe   Section        0  stm32f1xx_hal_tim.o(i.HAL_TIM_PWM_Init)
    i.HAL_TIM_PWM_MspInit                    0x08003032   Section        0  stm32f1xx_hal_tim.o(i.HAL_TIM_PWM_MspInit)
    i.HAL_TIM_PWM_PulseFinishedCallback      0x08003034   Section        0  stm32f1xx_hal_tim.o(i.HAL_TIM_PWM_PulseFinishedCallback)
    i.HAL_TIM_PWM_Start                      0x08003038   Section        0  stm32f1xx_hal_tim.o(i.HAL_TIM_PWM_Start)
    i.HAL_TIM_PeriodElapsedCallback          0x08003078   Section        0  stm32f1xx_hal_tim.o(i.HAL_TIM_PeriodElapsedCallback)
    i.HAL_TIM_TriggerCallback                0x0800307a   Section        0  stm32f1xx_hal_tim.o(i.HAL_TIM_TriggerCallback)
    i.HAL_UART_ErrorCallback                 0x0800307c   Section        0  stm32f1xx_hal_uart.o(i.HAL_UART_ErrorCallback)
    i.HAL_UART_IRQHandler                    0x08003080   Section        0  stm32f1xx_hal_uart.o(i.HAL_UART_IRQHandler)
    i.HAL_UART_Init                          0x080031cc   Section        0  stm32f1xx_hal_uart.o(i.HAL_UART_Init)
    i.HAL_UART_MspInit                       0x08003240   Section        0  usart.o(i.HAL_UART_MspInit)
    i.HAL_UART_Receive_IT                    0x080032b4   Section        0  stm32f1xx_hal_uart.o(i.HAL_UART_Receive_IT)
    i.HAL_UART_RxCpltCallback                0x08003324   Section        0  usart.o(i.HAL_UART_RxCpltCallback)
    i.HAL_UART_TxCpltCallback                0x08003348   Section        0  stm32f1xx_hal_uart.o(i.HAL_UART_TxCpltCallback)
    i.HardFault_Handler                      0x0800334a   Section        0  stm32f1xx_it.o(i.HardFault_Handler)
    i.IIC_Init                               0x08003350   Section        0  myiic.o(i.IIC_Init)
    i.IIC_Send_Byte                          0x080033a8   Section        0  myiic.o(i.IIC_Send_Byte)
    i.IIC_Start                              0x08003410   Section        0  myiic.o(i.IIC_Start)
    i.IIC_Stop                               0x0800345c   Section        0  myiic.o(i.IIC_Stop)
    i.IIC_Wait_Ack                           0x080034a8   Section        0  myiic.o(i.IIC_Wait_Ack)
    i.MCP4725_Init                           0x0800350c   Section        0  mcp4725.o(i.MCP4725_Init)
    i.MCP4725_WriteBreakData_Voltage         0x08003514   Section        0  mcp4725.o(i.MCP4725_WriteBreakData_Voltage)
    i.MCP4725_WriteVelData_Voltage           0x08003552   Section        0  mcp4725.o(i.MCP4725_WriteVelData_Voltage)
    i.MT6813_IIC_Ack                         0x08003590   Section        0  myi2c.o(i.MT6813_IIC_Ack)
    i.MT6813_IIC_Init                        0x080035e0   Section        0  myi2c.o(i.MT6813_IIC_Init)
    i.MT6813_IIC_NAck                        0x08003638   Section        0  myi2c.o(i.MT6813_IIC_NAck)
    i.MT6813_IIC_Read_Byte                   0x08003688   Section        0  myi2c.o(i.MT6813_IIC_Read_Byte)
    i.MT6813_IIC_Send_Byte                   0x080036f8   Section        0  myi2c.o(i.MT6813_IIC_Send_Byte)
    i.MT6813_IIC_Start                       0x08003760   Section        0  myi2c.o(i.MT6813_IIC_Start)
    i.MT6813_IIC_Stop                        0x080037ac   Section        0  myi2c.o(i.MT6813_IIC_Stop)
    i.MT6813_IIC_Wait_Ack                    0x080037f8   Section        0  myi2c.o(i.MT6813_IIC_Wait_Ack)
    i.MT6813_Read_Byte                       0x0800385c   Section        0  mt6813.o(i.MT6813_Read_Byte)
    i.MT6813_init                            0x080038a4   Section        0  mt6813.o(i.MT6813_init)
    i.MX_ADC1_Init                           0x080038c0   Section        0  adc.o(i.MX_ADC1_Init)
    i.MX_CAN_Init                            0x08003944   Section        0  can.o(i.MX_CAN_Init)
    i.MX_DMA_Init                            0x0800399c   Section        0  dma.o(i.MX_DMA_Init)
    i.MX_GPIO_Init                           0x080039d0   Section        0  gpio.o(i.MX_GPIO_Init)
    i.MX_TIM1_Init                           0x08003a9c   Section        0  tim.o(i.MX_TIM1_Init)
    i.MX_TIM2_Init                           0x08003b18   Section        0  tim.o(i.MX_TIM2_Init)
    i.MX_TIM3_Init                           0x08003c10   Section        0  tim.o(i.MX_TIM3_Init)
    i.MX_USART1_UART_Init                    0x08003cd4   Section        0  usart.o(i.MX_USART1_UART_Init)
    i.MemManage_Handler                      0x08003d20   Section        0  stm32f1xx_it.o(i.MemManage_Handler)
    i.NMI_Handler                            0x08003d24   Section        0  stm32f1xx_it.o(i.NMI_Handler)
    i.NVIC_GetPriorityGrouping               0x08003d28   Section        0  stm32f1xx_hal_cortex.o(i.NVIC_GetPriorityGrouping)
    NVIC_GetPriorityGrouping                 0x08003d29   Thumb Code    10  stm32f1xx_hal_cortex.o(i.NVIC_GetPriorityGrouping)
    i.NVIC_SetPriority                       0x08003d38   Section        0  stm32f1xx_hal_cortex.o(i.NVIC_SetPriority)
    NVIC_SetPriority                         0x08003d39   Thumb Code    32  stm32f1xx_hal_cortex.o(i.NVIC_SetPriority)
    i.PendSV_Handler                         0x08003d60   Section        0  stm32f1xx_it.o(i.PendSV_Handler)
    i.RCC_Delay                              0x08003d64   Section        0  stm32f1xx_hal_rcc.o(i.RCC_Delay)
    RCC_Delay                                0x08003d65   Thumb Code    36  stm32f1xx_hal_rcc.o(i.RCC_Delay)
    i.SVC_Handler                            0x08003d8c   Section        0  stm32f1xx_it.o(i.SVC_Handler)
    i.SysTick_Handler                        0x08003d8e   Section        0  stm32f1xx_it.o(i.SysTick_Handler)
    i.SystemClock_Config                     0x08003d9c   Section        0  main.o(i.SystemClock_Config)
    i.SystemInit                             0x08003e44   Section        0  system_stm32f1xx.o(i.SystemInit)
    i.TIM1_UP_IRQHandler                     0x08003e9c   Section        0  stm32f1xx_it.o(i.TIM1_UP_IRQHandler)
    i.TIM2_IRQHandler                        0x08003eac   Section        0  stm32f1xx_it.o(i.TIM2_IRQHandler)
    i.TIM_Base_SetConfig                     0x08003ebc   Section        0  stm32f1xx_hal_tim.o(i.TIM_Base_SetConfig)
    i.TIM_CCxChannelCmd                      0x08003f30   Section        0  stm32f1xx_hal_tim.o(i.TIM_CCxChannelCmd)
    i.TIM_ETR_SetConfig                      0x08003f4c   Section        0  stm32f1xx_hal_tim.o(i.TIM_ETR_SetConfig)
    TIM_ETR_SetConfig                        0x08003f4d   Thumb Code    24  stm32f1xx_hal_tim.o(i.TIM_ETR_SetConfig)
    i.TIM_ITRx_SetConfig                     0x08003f64   Section        0  stm32f1xx_hal_tim.o(i.TIM_ITRx_SetConfig)
    TIM_ITRx_SetConfig                       0x08003f65   Thumb Code    20  stm32f1xx_hal_tim.o(i.TIM_ITRx_SetConfig)
    i.TIM_OC1_SetConfig                      0x08003f78   Section        0  stm32f1xx_hal_tim.o(i.TIM_OC1_SetConfig)
    TIM_OC1_SetConfig                        0x08003f79   Thumb Code    96  stm32f1xx_hal_tim.o(i.TIM_OC1_SetConfig)
    i.TIM_OC2_SetConfig                      0x08003fdc   Section        0  stm32f1xx_hal_tim.o(i.TIM_OC2_SetConfig)
    i.TIM_OC3_SetConfig                      0x0800404c   Section        0  stm32f1xx_hal_tim.o(i.TIM_OC3_SetConfig)
    TIM_OC3_SetConfig                        0x0800404d   Thumb Code   104  stm32f1xx_hal_tim.o(i.TIM_OC3_SetConfig)
    i.TIM_OC4_SetConfig                      0x080040b8   Section        0  stm32f1xx_hal_tim.o(i.TIM_OC4_SetConfig)
    TIM_OC4_SetConfig                        0x080040b9   Thumb Code    74  stm32f1xx_hal_tim.o(i.TIM_OC4_SetConfig)
    i.TIM_TI1_ConfigInputStage               0x08004108   Section        0  stm32f1xx_hal_tim.o(i.TIM_TI1_ConfigInputStage)
    TIM_TI1_ConfigInputStage                 0x08004109   Thumb Code    42  stm32f1xx_hal_tim.o(i.TIM_TI1_ConfigInputStage)
    i.TIM_TI1_SetConfig                      0x08004134   Section        0  stm32f1xx_hal_tim.o(i.TIM_TI1_SetConfig)
    i.TIM_TI2_ConfigInputStage               0x080041a0   Section        0  stm32f1xx_hal_tim.o(i.TIM_TI2_ConfigInputStage)
    TIM_TI2_ConfigInputStage                 0x080041a1   Thumb Code    44  stm32f1xx_hal_tim.o(i.TIM_TI2_ConfigInputStage)
    i.TIM_TI2_SetConfig                      0x080041cc   Section        0  stm32f1xx_hal_tim.o(i.TIM_TI2_SetConfig)
    TIM_TI2_SetConfig                        0x080041cd   Thumb Code    62  stm32f1xx_hal_tim.o(i.TIM_TI2_SetConfig)
    i.TIM_TI3_SetConfig                      0x0800420a   Section        0  stm32f1xx_hal_tim.o(i.TIM_TI3_SetConfig)
    TIM_TI3_SetConfig                        0x0800420b   Thumb Code    60  stm32f1xx_hal_tim.o(i.TIM_TI3_SetConfig)
    i.TIM_TI4_SetConfig                      0x08004246   Section        0  stm32f1xx_hal_tim.o(i.TIM_TI4_SetConfig)
    TIM_TI4_SetConfig                        0x08004247   Thumb Code    64  stm32f1xx_hal_tim.o(i.TIM_TI4_SetConfig)
    i.UART_DMAAbortOnError                   0x08004286   Section        0  stm32f1xx_hal_uart.o(i.UART_DMAAbortOnError)
    UART_DMAAbortOnError                     0x08004287   Thumb Code    20  stm32f1xx_hal_uart.o(i.UART_DMAAbortOnError)
    i.UART_EndRxTransfer                     0x0800429a   Section        0  stm32f1xx_hal_uart.o(i.UART_EndRxTransfer)
    UART_EndRxTransfer                       0x0800429b   Thumb Code    32  stm32f1xx_hal_uart.o(i.UART_EndRxTransfer)
    i.UART_EndTransmit_IT                    0x080042ba   Section        0  stm32f1xx_hal_uart.o(i.UART_EndTransmit_IT)
    UART_EndTransmit_IT                      0x080042bb   Thumb Code    32  stm32f1xx_hal_uart.o(i.UART_EndTransmit_IT)
    i.UART_Receive_IT                        0x080042da   Section        0  stm32f1xx_hal_uart.o(i.UART_Receive_IT)
    UART_Receive_IT                          0x080042db   Thumb Code   166  stm32f1xx_hal_uart.o(i.UART_Receive_IT)
    i.UART_SetConfig                         0x08004380   Section        0  stm32f1xx_hal_uart.o(i.UART_SetConfig)
    UART_SetConfig                           0x08004381   Thumb Code   450  stm32f1xx_hal_uart.o(i.UART_SetConfig)
    i.UART_Transmit_IT                       0x08004548   Section        0  stm32f1xx_hal_uart.o(i.UART_Transmit_IT)
    UART_Transmit_IT                         0x08004549   Thumb Code   104  stm32f1xx_hal_uart.o(i.UART_Transmit_IT)
    i.USART1_IRQHandler                      0x080045b0   Section        0  stm32f1xx_it.o(i.USART1_IRQHandler)
    i.UsageFault_Handler                     0x080045c0   Section        0  stm32f1xx_it.o(i.UsageFault_Handler)
    i._Error_Handler                         0x080045c4   Section        0  main.o(i._Error_Handler)
    i.__scatterload_copy                     0x080045c8   Section       14  handlers.o(i.__scatterload_copy)
    i.__scatterload_null                     0x080045d6   Section        2  handlers.o(i.__scatterload_null)
    i.__scatterload_zeroinit                 0x080045d8   Section       14  handlers.o(i.__scatterload_zeroinit)
    i.delay_init                             0x080045e8   Section        0  delay.o(i.delay_init)
    i.delay_ms                               0x080045fc   Section        0  delay.o(i.delay_ms)
    i.delay_us                               0x08004614   Section        0  delay.o(i.delay_us)
    i.main                                   0x0800465c   Section        0  main.o(i.main)
    .constdata                               0x08004780   Section       24  system_stm32f1xx.o(.constdata)
    .data                                    0x20000000   Section       16  main.o(.data)
    .data                                    0x20000010   Section        9  stm32f1xx_hal.o(.data)
    .data                                    0x2000001c   Section        4  system_stm32f1xx.o(.data)
    .data                                    0x20000020   Section       11  control_can.c.o(.data)
    .data                                    0x2000002c   Section        4  delay.o(.data)
    fac_us                                   0x2000002c   Data           4  delay.o(.data)
    .bss                                     0x20000030   Section      116  adc.o(.bss)
    .bss                                     0x200000a4   Section       68  can.o(.bss)
    .bss                                     0x200000e8   Section      192  tim.o(.bss)
    .bss                                     0x200001a8   Section       64  usart.o(.bss)
    .bss                                     0x200001e8   Section       64  control_can.c.o(.bss)
    STACK                                    0x20000228   Section     1024  startup_stm32f103xb.o(STACK)

    Global Symbols

    Symbol Name                              Value     Ov Type        Size  Object(Section)

    BuildAttributes$$THM_ISAv4$P$D$K$B$S$PE$A:L22UL41UL21$X:L11$S22US41US21$IEEE1$IW$USESV6$~STKCKD$USESV7$~SHL$OTIME$ROPI$EBA8$MICROLIB$REQ8$PRES8$EABIv2 0x00000000   Number         0  anon$$obj.o ABSOLUTE
    __ARM_use_no_argv                        0x00000000   Number         0  main.o ABSOLUTE
    __cpp_initialize__aeabi_                  - Undefined Weak Reference
    __cxa_finalize                            - Undefined Weak Reference
    __decompress                              - Undefined Weak Reference
    _clock_init                               - Undefined Weak Reference
    _microlib_exit                            - Undefined Weak Reference
    __Vectors_Size                           0x000000ec   Number         0  startup_stm32f103xb.o ABSOLUTE
    __Vectors                                0x08000000   Data           4  startup_stm32f103xb.o(RESET)
    __Vectors_End                            0x080000ec   Data           0  startup_stm32f103xb.o(RESET)
    __main                                   0x080000ed   Thumb Code     0  entry.o(.ARM.Collect$$$$00000000)
    _main_stk                                0x080000ed   Thumb Code     0  entry2.o(.ARM.Collect$$$$00000001)
    _main_scatterload                        0x080000f1   Thumb Code     0  entry5.o(.ARM.Collect$$$$00000004)
    __main_after_scatterload                 0x080000f5   Thumb Code     0  entry5.o(.ARM.Collect$$$$00000004)
    _main_clock                              0x080000f5   Thumb Code     0  entry7b.o(.ARM.Collect$$$$00000008)
    _main_cpp_init                           0x080000f5   Thumb Code     0  entry8b.o(.ARM.Collect$$$$0000000A)
    _main_init                               0x080000f5   Thumb Code     0  entry9a.o(.ARM.Collect$$$$0000000B)
    __rt_final_cpp                           0x080000fd   Thumb Code     0  entry10a.o(.ARM.Collect$$$$0000000D)
    __rt_final_exit                          0x080000fd   Thumb Code     0  entry11a.o(.ARM.Collect$$$$0000000F)
    Reset_Handler                            0x08000101   Thumb Code     8  startup_stm32f103xb.o(.text)
    CAN1_SCE_IRQHandler                      0x0800011b   Thumb Code     0  startup_stm32f103xb.o(.text)
    DMA1_Channel2_IRQHandler                 0x0800011b   Thumb Code     0  startup_stm32f103xb.o(.text)
    DMA1_Channel3_IRQHandler                 0x0800011b   Thumb Code     0  startup_stm32f103xb.o(.text)
    DMA1_Channel4_IRQHandler                 0x0800011b   Thumb Code     0  startup_stm32f103xb.o(.text)
    DMA1_Channel5_IRQHandler                 0x0800011b   Thumb Code     0  startup_stm32f103xb.o(.text)
    DMA1_Channel6_IRQHandler                 0x0800011b   Thumb Code     0  startup_stm32f103xb.o(.text)
    DMA1_Channel7_IRQHandler                 0x0800011b   Thumb Code     0  startup_stm32f103xb.o(.text)
    EXTI0_IRQHandler                         0x0800011b   Thumb Code     0  startup_stm32f103xb.o(.text)
    EXTI15_10_IRQHandler                     0x0800011b   Thumb Code     0  startup_stm32f103xb.o(.text)
    EXTI1_IRQHandler                         0x0800011b   Thumb Code     0  startup_stm32f103xb.o(.text)
    EXTI2_IRQHandler                         0x0800011b   Thumb Code     0  startup_stm32f103xb.o(.text)
    EXTI3_IRQHandler                         0x0800011b   Thumb Code     0  startup_stm32f103xb.o(.text)
    EXTI4_IRQHandler                         0x0800011b   Thumb Code     0  startup_stm32f103xb.o(.text)
    EXTI9_5_IRQHandler                       0x0800011b   Thumb Code     0  startup_stm32f103xb.o(.text)
    FLASH_IRQHandler                         0x0800011b   Thumb Code     0  startup_stm32f103xb.o(.text)
    I2C1_ER_IRQHandler                       0x0800011b   Thumb Code     0  startup_stm32f103xb.o(.text)
    I2C1_EV_IRQHandler                       0x0800011b   Thumb Code     0  startup_stm32f103xb.o(.text)
    I2C2_ER_IRQHandler                       0x0800011b   Thumb Code     0  startup_stm32f103xb.o(.text)
    I2C2_EV_IRQHandler                       0x0800011b   Thumb Code     0  startup_stm32f103xb.o(.text)
    PVD_IRQHandler                           0x0800011b   Thumb Code     0  startup_stm32f103xb.o(.text)
    RCC_IRQHandler                           0x0800011b   Thumb Code     0  startup_stm32f103xb.o(.text)
    RTC_Alarm_IRQHandler                     0x0800011b   Thumb Code     0  startup_stm32f103xb.o(.text)
    RTC_IRQHandler                           0x0800011b   Thumb Code     0  startup_stm32f103xb.o(.text)
    SPI1_IRQHandler                          0x0800011b   Thumb Code     0  startup_stm32f103xb.o(.text)
    SPI2_IRQHandler                          0x0800011b   Thumb Code     0  startup_stm32f103xb.o(.text)
    TAMPER_IRQHandler                        0x0800011b   Thumb Code     0  startup_stm32f103xb.o(.text)
    TIM1_BRK_IRQHandler                      0x0800011b   Thumb Code     0  startup_stm32f103xb.o(.text)
    TIM1_CC_IRQHandler                       0x0800011b   Thumb Code     0  startup_stm32f103xb.o(.text)
    TIM1_TRG_COM_IRQHandler                  0x0800011b   Thumb Code     0  startup_stm32f103xb.o(.text)
    TIM3_IRQHandler                          0x0800011b   Thumb Code     0  startup_stm32f103xb.o(.text)
    TIM4_IRQHandler                          0x0800011b   Thumb Code     0  startup_stm32f103xb.o(.text)
    USART2_IRQHandler                        0x0800011b   Thumb Code     0  startup_stm32f103xb.o(.text)
    USART3_IRQHandler                        0x0800011b   Thumb Code     0  startup_stm32f103xb.o(.text)
    USBWakeUp_IRQHandler                     0x0800011b   Thumb Code     0  startup_stm32f103xb.o(.text)
    USB_HP_CAN1_TX_IRQHandler                0x0800011b   Thumb Code     0  startup_stm32f103xb.o(.text)
    USB_LP_CAN1_RX0_IRQHandler               0x0800011b   Thumb Code     0  startup_stm32f103xb.o(.text)
    WWDG_IRQHandler                          0x0800011b   Thumb Code     0  startup_stm32f103xb.o(.text)
    __aeabi_llsr                             0x08000125   Thumb Code    32  llushr.o(.text)
    _ll_ushift_r                             0x08000125   Thumb Code     0  llushr.o(.text)
    __aeabi_dmul                             0x08000145   Thumb Code   228  dmul.o(.text)
    __aeabi_ddiv                             0x08000229   Thumb Code   222  ddiv.o(.text)
    __aeabi_ui2d                             0x08000307   Thumb Code    26  dfltui.o(.text)
    __aeabi_d2f                              0x08000321   Thumb Code    56  d2f.o(.text)
    __I$use$fp                               0x08000359   Thumb Code     0  iusefp.o(.text)
    _float_round                             0x08000359   Thumb Code    18  fepilogue.o(.text)
    _float_epilogue                          0x0800036b   Thumb Code    92  fepilogue.o(.text)
    _double_round                            0x080003c7   Thumb Code    30  depilogue.o(.text)
    _double_epilogue                         0x080003e5   Thumb Code   156  depilogue.o(.text)
    __scatterload                            0x08000481   Thumb Code    28  init.o(.text)
    __scatterload_rt2                        0x08000481   Thumb Code     0  init.o(.text)
    __aeabi_llsl                             0x080004a5   Thumb Code    30  llshl.o(.text)
    _ll_shift_l                              0x080004a5   Thumb Code     0  llshl.o(.text)
    ADC1_2_IRQHandler                        0x080004c5   Thumb Code    10  stm32f1xx_it.o(i.ADC1_2_IRQHandler)
    ADC_ConversionStop_Disable               0x080004d5   Thumb Code    82  stm32f1xx_hal_adc.o(i.ADC_ConversionStop_Disable)
    ADC_DMAConvCplt                          0x08000527   Thumb Code    82  stm32f1xx_hal_adc.o(i.ADC_DMAConvCplt)
    ADC_DMAError                             0x08000579   Thumb Code    30  stm32f1xx_hal_adc.o(i.ADC_DMAError)
    ADC_DMAHalfConvCplt                      0x08000597   Thumb Code    14  stm32f1xx_hal_adc.o(i.ADC_DMAHalfConvCplt)
    ADC_Enable                               0x080005a5   Thumb Code   122  stm32f1xx_hal_adc.o(i.ADC_Enable)
    BusFault_Handler                         0x08000629   Thumb Code     4  stm32f1xx_it.o(i.BusFault_Handler)
    CAN1_RX1_IRQHandler                      0x0800062d   Thumb Code    10  stm32f1xx_it.o(i.CAN1_RX1_IRQHandler)
    CAN_Config_Filter                        0x0800063d   Thumb Code    56  control_can.c.o(i.CAN_Config_Filter)
    DMA1_Channel1_IRQHandler                 0x080008a5   Thumb Code    10  stm32f1xx_it.o(i.DMA1_Channel1_IRQHandler)
    DebugMon_Handler                         0x080008e1   Thumb Code     2  stm32f1xx_it.o(i.DebugMon_Handler)
    HAL_ADCEx_Calibration_Start              0x080008e5   Thumb Code   256  stm32f1xx_hal_adc_ex.o(i.HAL_ADCEx_Calibration_Start)
    HAL_ADCEx_InjectedConvCpltCallback       0x080009e9   Thumb Code     2  stm32f1xx_hal_adc_ex.o(i.HAL_ADCEx_InjectedConvCpltCallback)
    HAL_ADC_ConfigChannel                    0x080009ed   Thumb Code   338  stm32f1xx_hal_adc.o(i.HAL_ADC_ConfigChannel)
    HAL_ADC_ConvCpltCallback                 0x08000b4d   Thumb Code     2  stm32f1xx_hal_adc.o(i.HAL_ADC_ConvCpltCallback)
    HAL_ADC_ConvHalfCpltCallback             0x08000b4f   Thumb Code     2  stm32f1xx_hal_adc.o(i.HAL_ADC_ConvHalfCpltCallback)
    HAL_ADC_ErrorCallback                    0x08000b51   Thumb Code     2  stm32f1xx_hal_adc.o(i.HAL_ADC_ErrorCallback)
    HAL_ADC_IRQHandler                       0x08000b53   Thumb Code   290  stm32f1xx_hal_adc.o(i.HAL_ADC_IRQHandler)
    HAL_ADC_Init                             0x08000c75   Thumb Code   314  stm32f1xx_hal_adc.o(i.HAL_ADC_Init)
    HAL_ADC_LevelOutOfWindowCallback         0x08000db9   Thumb Code     2  stm32f1xx_hal_adc.o(i.HAL_ADC_LevelOutOfWindowCallback)
    HAL_ADC_MspInit                          0x08000dbd   Thumb Code   138  adc.o(i.HAL_ADC_MspInit)
    HAL_ADC_Start_DMA                        0x08000e6d   Thumb Code   362  stm32f1xx_hal_adc.o(i.HAL_ADC_Start_DMA)
    HAL_CAN_ConfigFilter                     0x08000fed   Thumb Code   292  stm32f1xx_hal_can.o(i.HAL_CAN_ConfigFilter)
    HAL_CAN_ErrorCallback                    0x08001111   Thumb Code     2  stm32f1xx_hal_can.o(i.HAL_CAN_ErrorCallback)
    HAL_CAN_IRQHandler                       0x08001115   Thumb Code   580  stm32f1xx_hal_can.o(i.HAL_CAN_IRQHandler)
    HAL_CAN_Init                             0x08001369   Thumb Code   366  stm32f1xx_hal_can.o(i.HAL_CAN_Init)
    HAL_CAN_MspInit                          0x080014d9   Thumb Code   102  can.o(i.HAL_CAN_MspInit)
    HAL_CAN_Receive_IT                       0x0800154d   Thumb Code   268  stm32f1xx_hal_can.o(i.HAL_CAN_Receive_IT)
    HAL_CAN_RxCpltCallback                   0x08001659   Thumb Code    64  control_can.c.o(i.HAL_CAN_RxCpltCallback)
    HAL_CAN_TxCpltCallback                   0x080016a5   Thumb Code     2  stm32f1xx_hal_can.o(i.HAL_CAN_TxCpltCallback)
    HAL_DMA_Abort_IT                         0x080016a9   Thumb Code   172  stm32f1xx_hal_dma.o(i.HAL_DMA_Abort_IT)
    HAL_DMA_IRQHandler                       0x08001759   Thumb Code   408  stm32f1xx_hal_dma.o(i.HAL_DMA_IRQHandler)
    HAL_DMA_Init                             0x080018f5   Thumb Code   108  stm32f1xx_hal_dma.o(i.HAL_DMA_Init)
    HAL_DMA_Start_IT                         0x08001965   Thumb Code   156  stm32f1xx_hal_dma.o(i.HAL_DMA_Start_IT)
    HAL_GPIO_Init                            0x08001a01   Thumb Code   764  stm32f1xx_hal_gpio.o(i.HAL_GPIO_Init)
    HAL_GPIO_WritePin                        0x08001d1d   Thumb Code    12  stm32f1xx_hal_gpio.o(i.HAL_GPIO_WritePin)
    HAL_GetTick                              0x08001d29   Thumb Code     6  stm32f1xx_hal.o(i.HAL_GetTick)
    HAL_IncTick                              0x08001d35   Thumb Code    16  stm32f1xx_hal.o(i.HAL_IncTick)
    HAL_Init                                 0x08001d4d   Thumb Code    34  stm32f1xx_hal.o(i.HAL_Init)
    HAL_InitTick                             0x08001d75   Thumb Code    64  stm32f1xx_hal.o(i.HAL_InitTick)
    HAL_MspInit                              0x08001dc1   Thumb Code   158  stm32f1xx_hal_msp.o(i.HAL_MspInit)
    HAL_NVIC_EnableIRQ                       0x08001e69   Thumb Code    26  stm32f1xx_hal_cortex.o(i.HAL_NVIC_EnableIRQ)
    HAL_NVIC_SetPriority                     0x08001e83   Thumb Code   124  stm32f1xx_hal_cortex.o(i.HAL_NVIC_SetPriority)
    HAL_NVIC_SetPriorityGrouping             0x08001f01   Thumb Code    32  stm32f1xx_hal_cortex.o(i.HAL_NVIC_SetPriorityGrouping)
    HAL_RCCEx_GetPeriphCLKFreq               0x08001f29   Thumb Code   254  stm32f1xx_hal_rcc_ex.o(i.HAL_RCCEx_GetPeriphCLKFreq)
    HAL_RCCEx_PeriphCLKConfig                0x08002049   Thumb Code   290  stm32f1xx_hal_rcc_ex.o(i.HAL_RCCEx_PeriphCLKConfig)
    HAL_RCC_ClockConfig                      0x08002179   Thumb Code   402  stm32f1xx_hal_rcc.o(i.HAL_RCC_ClockConfig)
    HAL_RCC_GetHCLKFreq                      0x0800231d   Thumb Code     6  stm32f1xx_hal_rcc.o(i.HAL_RCC_GetHCLKFreq)
    HAL_RCC_GetPCLK1Freq                     0x08002329   Thumb Code    22  stm32f1xx_hal_rcc.o(i.HAL_RCC_GetPCLK1Freq)
    HAL_RCC_GetPCLK2Freq                     0x08002349   Thumb Code    22  stm32f1xx_hal_rcc.o(i.HAL_RCC_GetPCLK2Freq)
    HAL_RCC_GetSysClockFreq                  0x08002369   Thumb Code   116  stm32f1xx_hal_rcc.o(i.HAL_RCC_GetSysClockFreq)
    HAL_RCC_OscConfig                        0x080023fd   Thumb Code  1078  stm32f1xx_hal_rcc.o(i.HAL_RCC_OscConfig)
    HAL_SYSTICK_CLKSourceConfig              0x0800283d   Thumb Code    40  stm32f1xx_hal_cortex.o(i.HAL_SYSTICK_CLKSourceConfig)
    HAL_SYSTICK_Callback                     0x08002865   Thumb Code     2  stm32f1xx_hal_cortex.o(i.HAL_SYSTICK_Callback)
    HAL_SYSTICK_Config                       0x08002867   Thumb Code    52  stm32f1xx_hal_cortex.o(i.HAL_SYSTICK_Config)
    HAL_SYSTICK_IRQHandler                   0x0800289b   Thumb Code     8  stm32f1xx_hal_cortex.o(i.HAL_SYSTICK_IRQHandler)
    HAL_TIMEx_BreakCallback                  0x080028a3   Thumb Code     2  stm32f1xx_hal_tim_ex.o(i.HAL_TIMEx_BreakCallback)
    HAL_TIMEx_CommutationCallback            0x080028a5   Thumb Code     2  stm32f1xx_hal_tim_ex.o(i.HAL_TIMEx_CommutationCallback)
    HAL_TIMEx_MasterConfigSynchronization    0x080028a7   Thumb Code    98  stm32f1xx_hal_tim_ex.o(i.HAL_TIMEx_MasterConfigSynchronization)
    HAL_TIM_Base_Init                        0x08002909   Thumb Code    52  stm32f1xx_hal_tim.o(i.HAL_TIM_Base_Init)
    HAL_TIM_Base_MspInit                     0x0800293d   Thumb Code   194  tim.o(i.HAL_TIM_Base_MspInit)
    HAL_TIM_Base_Start_IT                    0x08002a15   Thumb Code    30  stm32f1xx_hal_tim.o(i.HAL_TIM_Base_Start_IT)
    HAL_TIM_ConfigClockSource                0x08002a33   Thumb Code   306  stm32f1xx_hal_tim.o(i.HAL_TIM_ConfigClockSource)
    HAL_TIM_IC_CaptureCallback               0x08002b65   Thumb Code     2  stm32f1xx_hal_tim.o(i.HAL_TIM_IC_CaptureCallback)
    HAL_TIM_IC_ConfigChannel                 0x08002b67   Thumb Code   224  stm32f1xx_hal_tim.o(i.HAL_TIM_IC_ConfigChannel)
    HAL_TIM_IC_Init                          0x08002c47   Thumb Code    52  stm32f1xx_hal_tim.o(i.HAL_TIM_IC_Init)
    HAL_TIM_IC_MspInit                       0x08002c7b   Thumb Code     2  stm32f1xx_hal_tim.o(i.HAL_TIM_IC_MspInit)
    HAL_TIM_IC_Start_IT                      0x08002c7d   Thumb Code   108  stm32f1xx_hal_tim.o(i.HAL_TIM_IC_Start_IT)
    HAL_TIM_IRQHandler                       0x08002ce9   Thumb Code   406  stm32f1xx_hal_tim.o(i.HAL_TIM_IRQHandler)
    HAL_TIM_MspPostInit                      0x08002e81   Thumb Code   100  tim.o(i.HAL_TIM_MspPostInit)
    HAL_TIM_OC_DelayElapsedCallback          0x08002ef5   Thumb Code     2  stm32f1xx_hal_tim.o(i.HAL_TIM_OC_DelayElapsedCallback)
    HAL_TIM_PWM_ConfigChannel                0x08002ef7   Thumb Code   264  stm32f1xx_hal_tim.o(i.HAL_TIM_PWM_ConfigChannel)
    HAL_TIM_PWM_Init                         0x08002fff   Thumb Code    52  stm32f1xx_hal_tim.o(i.HAL_TIM_PWM_Init)
    HAL_TIM_PWM_MspInit                      0x08003033   Thumb Code     2  stm32f1xx_hal_tim.o(i.HAL_TIM_PWM_MspInit)
    HAL_TIM_PWM_PulseFinishedCallback        0x08003035   Thumb Code     2  stm32f1xx_hal_tim.o(i.HAL_TIM_PWM_PulseFinishedCallback)
    HAL_TIM_PWM_Start                        0x08003039   Thumb Code    60  stm32f1xx_hal_tim.o(i.HAL_TIM_PWM_Start)
    HAL_TIM_PeriodElapsedCallback            0x08003079   Thumb Code     2  stm32f1xx_hal_tim.o(i.HAL_TIM_PeriodElapsedCallback)
    HAL_TIM_TriggerCallback                  0x0800307b   Thumb Code     2  stm32f1xx_hal_tim.o(i.HAL_TIM_TriggerCallback)
    HAL_UART_ErrorCallback                   0x0800307d   Thumb Code     2  stm32f1xx_hal_uart.o(i.HAL_UART_ErrorCallback)
    HAL_UART_IRQHandler                      0x08003081   Thumb Code   326  stm32f1xx_hal_uart.o(i.HAL_UART_IRQHandler)
    HAL_UART_Init                            0x080031cd   Thumb Code   114  stm32f1xx_hal_uart.o(i.HAL_UART_Init)
    HAL_UART_MspInit                         0x08003241   Thumb Code   104  usart.o(i.HAL_UART_MspInit)
    HAL_UART_Receive_IT                      0x080032b5   Thumb Code   112  stm32f1xx_hal_uart.o(i.HAL_UART_Receive_IT)
    HAL_UART_RxCpltCallback                  0x08003325   Thumb Code    24  usart.o(i.HAL_UART_RxCpltCallback)
    HAL_UART_TxCpltCallback                  0x08003349   Thumb Code     2  stm32f1xx_hal_uart.o(i.HAL_UART_TxCpltCallback)
    HardFault_Handler                        0x0800334b   Thumb Code     4  stm32f1xx_it.o(i.HardFault_Handler)
    IIC_Init                                 0x08003351   Thumb Code    70  myiic.o(i.IIC_Init)
    IIC_Send_Byte                            0x080033a9   Thumb Code    90  myiic.o(i.IIC_Send_Byte)
    IIC_Start                                0x08003411   Thumb Code    64  myiic.o(i.IIC_Start)
    IIC_Stop                                 0x0800345d   Thumb Code    64  myiic.o(i.IIC_Stop)
    IIC_Wait_Ack                             0x080034a9   Thumb Code    86  myiic.o(i.IIC_Wait_Ack)
    MCP4725_Init                             0x0800350d   Thumb Code     8  mcp4725.o(i.MCP4725_Init)
    MCP4725_WriteBreakData_Voltage           0x08003515   Thumb Code    62  mcp4725.o(i.MCP4725_WriteBreakData_Voltage)
    MCP4725_WriteVelData_Voltage             0x08003553   Thumb Code    62  mcp4725.o(i.MCP4725_WriteVelData_Voltage)
    MT6813_IIC_Ack                           0x08003591   Thumb Code    66  myi2c.o(i.MT6813_IIC_Ack)
    MT6813_IIC_Init                          0x080035e1   Thumb Code    72  myi2c.o(i.MT6813_IIC_Init)
    MT6813_IIC_NAck                          0x08003639   Thumb Code    66  myi2c.o(i.MT6813_IIC_NAck)
    MT6813_IIC_Read_Byte                     0x08003689   Thumb Code    98  myi2c.o(i.MT6813_IIC_Read_Byte)
    MT6813_IIC_Send_Byte                     0x080036f9   Thumb Code    90  myi2c.o(i.MT6813_IIC_Send_Byte)
    MT6813_IIC_Start                         0x08003761   Thumb Code    64  myi2c.o(i.MT6813_IIC_Start)
    MT6813_IIC_Stop                          0x080037ad   Thumb Code    64  myi2c.o(i.MT6813_IIC_Stop)
    MT6813_IIC_Wait_Ack                      0x080037f9   Thumb Code    86  myi2c.o(i.MT6813_IIC_Wait_Ack)
    MT6813_Read_Byte                         0x0800385d   Thumb Code    72  mt6813.o(i.MT6813_Read_Byte)
    MT6813_init                              0x080038a5   Thumb Code    28  mt6813.o(i.MT6813_init)
    MX_ADC1_Init                             0x080038c1   Thumb Code   108  adc.o(i.MX_ADC1_Init)
    MX_CAN_Init                              0x08003945   Thumb Code    62  can.o(i.MX_CAN_Init)
    MX_DMA_Init                              0x0800399d   Thumb Code    48  dma.o(i.MX_DMA_Init)
    MX_GPIO_Init                             0x080039d1   Thumb Code   192  gpio.o(i.MX_GPIO_Init)
    MX_TIM1_Init                             0x08003a9d   Thumb Code   100  tim.o(i.MX_TIM1_Init)
    MX_TIM2_Init                             0x08003b19   Thumb Code   226  tim.o(i.MX_TIM2_Init)
    MX_TIM3_Init                             0x08003c11   Thumb Code   172  tim.o(i.MX_TIM3_Init)
    MX_USART1_UART_Init                      0x08003cd5   Thumb Code    50  usart.o(i.MX_USART1_UART_Init)
    MemManage_Handler                        0x08003d21   Thumb Code     4  stm32f1xx_it.o(i.MemManage_Handler)
    NMI_Handler                              0x08003d25   Thumb Code     2  stm32f1xx_it.o(i.NMI_Handler)
    PendSV_Handler                           0x08003d61   Thumb Code     2  stm32f1xx_it.o(i.PendSV_Handler)
    SVC_Handler                              0x08003d8d   Thumb Code     2  stm32f1xx_it.o(i.SVC_Handler)
    SysTick_Handler                          0x08003d8f   Thumb Code    12  stm32f1xx_it.o(i.SysTick_Handler)
    SystemClock_Config                       0x08003d9d   Thumb Code   152  main.o(i.SystemClock_Config)
    SystemInit                               0x08003e45   Thumb Code    70  system_stm32f1xx.o(i.SystemInit)
    TIM1_UP_IRQHandler                       0x08003e9d   Thumb Code    10  stm32f1xx_it.o(i.TIM1_UP_IRQHandler)
    TIM2_IRQHandler                          0x08003ead   Thumb Code    10  stm32f1xx_it.o(i.TIM2_IRQHandler)
    TIM_Base_SetConfig                       0x08003ebd   Thumb Code   102  stm32f1xx_hal_tim.o(i.TIM_Base_SetConfig)
    TIM_CCxChannelCmd                        0x08003f31   Thumb Code    28  stm32f1xx_hal_tim.o(i.TIM_CCxChannelCmd)
    TIM_OC2_SetConfig                        0x08003fdd   Thumb Code   106  stm32f1xx_hal_tim.o(i.TIM_OC2_SetConfig)
    TIM_TI1_SetConfig                        0x08004135   Thumb Code    94  stm32f1xx_hal_tim.o(i.TIM_TI1_SetConfig)
    USART1_IRQHandler                        0x080045b1   Thumb Code    10  stm32f1xx_it.o(i.USART1_IRQHandler)
    UsageFault_Handler                       0x080045c1   Thumb Code     4  stm32f1xx_it.o(i.UsageFault_Handler)
    _Error_Handler                           0x080045c5   Thumb Code     4  main.o(i._Error_Handler)
    __scatterload_copy                       0x080045c9   Thumb Code    14  handlers.o(i.__scatterload_copy)
    __scatterload_null                       0x080045d7   Thumb Code     2  handlers.o(i.__scatterload_null)
    __scatterload_zeroinit                   0x080045d9   Thumb Code    14  handlers.o(i.__scatterload_zeroinit)
    delay_init                               0x080045e9   Thumb Code    16  delay.o(i.delay_init)
    delay_ms                                 0x080045fd   Thumb Code    24  delay.o(i.delay_ms)
    delay_us                                 0x08004615   Thumb Code    68  delay.o(i.delay_us)
    main                                     0x0800465d   Thumb Code   244  main.o(i.main)
    AHBPrescTable                            0x08004780   Data          16  system_stm32f1xx.o(.constdata)
    APBPrescTable                            0x08004790   Data           8  system_stm32f1xx.o(.constdata)
    Region$$Table$$Base                      0x08004798   Number         0  anon$$obj.o(Region$$Table)
    Region$$Table$$Limit                     0x080047b8   Number         0  anon$$obj.o(Region$$Table)
    ADC_RX                                   0x20000000   Data           8  main.o(.data)
    rx                                       0x20000008   Data           1  main.o(.data)
    val                                      0x2000000c   Data           4  main.o(.data)
    uwTick                                   0x20000010   Data           4  stm32f1xx_hal.o(.data)
    uwTickPrio                               0x20000014   Data           4  stm32f1xx_hal.o(.data)
    uwTickFreq                               0x20000018   Data           1  stm32f1xx_hal.o(.data)
    SystemCoreClock                          0x2000001c   Data           4  system_stm32f1xx.o(.data)
    CAN_RX                                   0x20000020   Data           8  control_can.c.o(.data)
    CAN_TX                                   0x20000028   Data           2  control_can.c.o(.data)
    CAN_RX_Flag                              0x2000002a   Data           1  control_can.c.o(.data)
    hadc1                                    0x20000030   Data          48  adc.o(.bss)
    hdma_adc1                                0x20000060   Data          68  adc.o(.bss)
    hcan                                     0x200000a4   Data          68  can.o(.bss)
    htim1                                    0x200000e8   Data          64  tim.o(.bss)
    htim2                                    0x20000128   Data          64  tim.o(.bss)
    htim3                                    0x20000168   Data          64  tim.o(.bss)
    huart1                                   0x200001a8   Data          64  usart.o(.bss)
    CANTxMsg                                 0x200001e8   Data          28  control_can.c.o(.bss)
    CANRxMsg                                 0x20000204   Data          36  control_can.c.o(.bss)
    __initial_sp                             0x20000628   Data           0  startup_stm32f103xb.o(STACK)



==============================================================================

Memory Map of the image

  Image Entry point : 0x080000ed

  Load Region LR_IROM1 (Base: 0x08000000, Size: 0x000047e8, Max: 0x00010000, ABSOLUTE)

    Execution Region ER_IROM1 (Exec base: 0x08000000, Load base: 0x08000000, Size: 0x000047b8, Max: 0x00010000, ABSOLUTE)

    Exec Addr    Load Addr    Size         Type   Attr      Idx    E Section Name        Object

    0x08000000   0x08000000   0x000000ec   Data   RO            3    RESET               startup_stm32f103xb.o
    0x080000ec   0x080000ec   0x00000000   Code   RO         3568  * .ARM.Collect$$$$00000000  mc_w.l(entry.o)
    0x080000ec   0x080000ec   0x00000004   Code   RO         3589    .ARM.Collect$$$$00000001  mc_w.l(entry2.o)
    0x080000f0   0x080000f0   0x00000004   Code   RO         3592    .ARM.Collect$$$$00000004  mc_w.l(entry5.o)
    0x080000f4   0x080000f4   0x00000000   Code   RO         3594    .ARM.Collect$$$$00000008  mc_w.l(entry7b.o)
    0x080000f4   0x080000f4   0x00000000   Code   RO         3596    .ARM.Collect$$$$0000000A  mc_w.l(entry8b.o)
    0x080000f4   0x080000f4   0x00000008   Code   RO         3597    .ARM.Collect$$$$0000000B  mc_w.l(entry9a.o)
    0x080000fc   0x080000fc   0x00000000   Code   RO         3599    .ARM.Collect$$$$0000000D  mc_w.l(entry10a.o)
    0x080000fc   0x080000fc   0x00000000   Code   RO         3601    .ARM.Collect$$$$0000000F  mc_w.l(entry11a.o)
    0x080000fc   0x080000fc   0x00000004   Code   RO         3590    .ARM.Collect$$$$00002712  mc_w.l(entry2.o)
    0x08000100   0x08000100   0x00000024   Code   RO            4    .text               startup_stm32f103xb.o
    0x08000124   0x08000124   0x00000020   Code   RO         3571    .text               mc_w.l(llushr.o)
    0x08000144   0x08000144   0x000000e4   Code   RO         3577    .text               mf_w.l(dmul.o)
    0x08000228   0x08000228   0x000000de   Code   RO         3579    .text               mf_w.l(ddiv.o)
    0x08000306   0x08000306   0x0000001a   Code   RO         3583    .text               mf_w.l(dfltui.o)
    0x08000320   0x08000320   0x00000038   Code   RO         3585    .text               mf_w.l(d2f.o)
    0x08000358   0x08000358   0x00000000   Code   RO         3603    .text               mc_w.l(iusefp.o)
    0x08000358   0x08000358   0x0000006e   Code   RO         3604    .text               mf_w.l(fepilogue.o)
    0x080003c6   0x080003c6   0x000000ba   Code   RO         3606    .text               mf_w.l(depilogue.o)
    0x08000480   0x08000480   0x00000024   Code   RO         3608    .text               mc_w.l(init.o)
    0x080004a4   0x080004a4   0x0000001e   Code   RO         3610    .text               mc_w.l(llshl.o)
    0x080004c2   0x080004c2   0x00000002   PAD
    0x080004c4   0x080004c4   0x00000010   Code   RO          432    i.ADC1_2_IRQHandler  stm32f1xx_it.o
    0x080004d4   0x080004d4   0x00000052   Code   RO          604    i.ADC_ConversionStop_Disable  stm32f1xx_hal_adc.o
    0x08000526   0x08000526   0x00000052   Code   RO          605    i.ADC_DMAConvCplt   stm32f1xx_hal_adc.o
    0x08000578   0x08000578   0x0000001e   Code   RO          606    i.ADC_DMAError      stm32f1xx_hal_adc.o
    0x08000596   0x08000596   0x0000000e   Code   RO          607    i.ADC_DMAHalfConvCplt  stm32f1xx_hal_adc.o
    0x080005a4   0x080005a4   0x00000084   Code   RO          608    i.ADC_Enable        stm32f1xx_hal_adc.o
    0x08000628   0x08000628   0x00000004   Code   RO          433    i.BusFault_Handler  stm32f1xx_it.o
    0x0800062c   0x0800062c   0x00000010   Code   RO          434    i.CAN1_RX1_IRQHandler  stm32f1xx_it.o
    0x0800063c   0x0800063c   0x00000044   Code   RO         3192    i.CAN_Config_Filter  control_can.c.o
    0x08000680   0x08000680   0x000001c2   Code   RO          880    i.CAN_Receive_IT    stm32f1xx_hal_can.o
    0x08000842   0x08000842   0x00000062   Code   RO          881    i.CAN_Transmit_IT   stm32f1xx_hal_can.o
    0x080008a4   0x080008a4   0x00000010   Code   RO          435    i.DMA1_Channel1_IRQHandler  stm32f1xx_it.o
    0x080008b4   0x080008b4   0x0000002c   Code   RO         2583    i.DMA_SetConfig     stm32f1xx_hal_dma.o
    0x080008e0   0x080008e0   0x00000002   Code   RO          436    i.DebugMon_Handler  stm32f1xx_it.o
    0x080008e2   0x080008e2   0x00000002   PAD
    0x080008e4   0x080008e4   0x00000104   Code   RO          784    i.HAL_ADCEx_Calibration_Start  stm32f1xx_hal_adc_ex.o
    0x080009e8   0x080009e8   0x00000002   Code   RO          786    i.HAL_ADCEx_InjectedConvCpltCallback  stm32f1xx_hal_adc_ex.o
    0x080009ea   0x080009ea   0x00000002   PAD
    0x080009ec   0x080009ec   0x00000160   Code   RO          610    i.HAL_ADC_ConfigChannel  stm32f1xx_hal_adc.o
    0x08000b4c   0x08000b4c   0x00000002   Code   RO          611    i.HAL_ADC_ConvCpltCallback  stm32f1xx_hal_adc.o
    0x08000b4e   0x08000b4e   0x00000002   Code   RO          612    i.HAL_ADC_ConvHalfCpltCallback  stm32f1xx_hal_adc.o
    0x08000b50   0x08000b50   0x00000002   Code   RO          614    i.HAL_ADC_ErrorCallback  stm32f1xx_hal_adc.o
    0x08000b52   0x08000b52   0x00000122   Code   RO          618    i.HAL_ADC_IRQHandler  stm32f1xx_hal_adc.o
    0x08000c74   0x08000c74   0x00000144   Code   RO          619    i.HAL_ADC_Init      stm32f1xx_hal_adc.o
    0x08000db8   0x08000db8   0x00000002   Code   RO          620    i.HAL_ADC_LevelOutOfWindowCallback  stm32f1xx_hal_adc.o
    0x08000dba   0x08000dba   0x00000002   PAD
    0x08000dbc   0x08000dbc   0x000000b0   Code   RO          210    i.HAL_ADC_MspInit   adc.o
    0x08000e6c   0x08000e6c   0x00000180   Code   RO          626    i.HAL_ADC_Start_DMA  stm32f1xx_hal_adc.o
    0x08000fec   0x08000fec   0x00000124   Code   RO          882    i.HAL_CAN_ConfigFilter  stm32f1xx_hal_can.o
    0x08001110   0x08001110   0x00000002   Code   RO          884    i.HAL_CAN_ErrorCallback  stm32f1xx_hal_can.o
    0x08001112   0x08001112   0x00000002   PAD
    0x08001114   0x08001114   0x00000254   Code   RO          887    i.HAL_CAN_IRQHandler  stm32f1xx_hal_can.o
    0x08001368   0x08001368   0x0000016e   Code   RO          888    i.HAL_CAN_Init      stm32f1xx_hal_can.o
    0x080014d6   0x080014d6   0x00000002   PAD
    0x080014d8   0x080014d8   0x00000074   Code   RO          252    i.HAL_CAN_MspInit   can.o
    0x0800154c   0x0800154c   0x0000010c   Code   RO          892    i.HAL_CAN_Receive_IT  stm32f1xx_hal_can.o
    0x08001658   0x08001658   0x0000004c   Code   RO         3194    i.HAL_CAN_RxCpltCallback  control_can.c.o
    0x080016a4   0x080016a4   0x00000002   Code   RO          897    i.HAL_CAN_TxCpltCallback  stm32f1xx_hal_can.o
    0x080016a6   0x080016a6   0x00000002   PAD
    0x080016a8   0x080016a8   0x000000b0   Code   RO         2585    i.HAL_DMA_Abort_IT  stm32f1xx_hal_dma.o
    0x08001758   0x08001758   0x0000019c   Code   RO         2589    i.HAL_DMA_IRQHandler  stm32f1xx_hal_dma.o
    0x080018f4   0x080018f4   0x00000070   Code   RO         2590    i.HAL_DMA_Init      stm32f1xx_hal_dma.o
    0x08001964   0x08001964   0x0000009c   Code   RO         2594    i.HAL_DMA_Start_IT  stm32f1xx_hal_dma.o
    0x08001a00   0x08001a00   0x0000031c   Code   RO         2520    i.HAL_GPIO_Init     stm32f1xx_hal_gpio.o
    0x08001d1c   0x08001d1c   0x0000000c   Code   RO         2524    i.HAL_GPIO_WritePin  stm32f1xx_hal_gpio.o
    0x08001d28   0x08001d28   0x0000000c   Code   RO         2226    i.HAL_GetTick       stm32f1xx_hal.o
    0x08001d34   0x08001d34   0x00000018   Code   RO         2230    i.HAL_IncTick       stm32f1xx_hal.o
    0x08001d4c   0x08001d4c   0x00000028   Code   RO         2231    i.HAL_Init          stm32f1xx_hal.o
    0x08001d74   0x08001d74   0x0000004c   Code   RO         2232    i.HAL_InitTick      stm32f1xx_hal.o
    0x08001dc0   0x08001dc0   0x000000a8   Code   RO          544    i.HAL_MspInit       stm32f1xx_hal_msp.o
    0x08001e68   0x08001e68   0x0000001a   Code   RO         2680    i.HAL_NVIC_EnableIRQ  stm32f1xx_hal_cortex.o
    0x08001e82   0x08001e82   0x0000007c   Code   RO         2686    i.HAL_NVIC_SetPriority  stm32f1xx_hal_cortex.o
    0x08001efe   0x08001efe   0x00000002   PAD
    0x08001f00   0x08001f00   0x00000028   Code   RO         2687    i.HAL_NVIC_SetPriorityGrouping  stm32f1xx_hal_cortex.o
    0x08001f28   0x08001f28   0x00000120   Code   RO         2482    i.HAL_RCCEx_GetPeriphCLKFreq  stm32f1xx_hal_rcc_ex.o
    0x08002048   0x08002048   0x00000130   Code   RO         2483    i.HAL_RCCEx_PeriphCLKConfig  stm32f1xx_hal_rcc_ex.o
    0x08002178   0x08002178   0x000001a4   Code   RO         2375    i.HAL_RCC_ClockConfig  stm32f1xx_hal_rcc.o
    0x0800231c   0x0800231c   0x0000000c   Code   RO         2380    i.HAL_RCC_GetHCLKFreq  stm32f1xx_hal_rcc.o
    0x08002328   0x08002328   0x00000020   Code   RO         2382    i.HAL_RCC_GetPCLK1Freq  stm32f1xx_hal_rcc.o
    0x08002348   0x08002348   0x00000020   Code   RO         2383    i.HAL_RCC_GetPCLK2Freq  stm32f1xx_hal_rcc.o
    0x08002368   0x08002368   0x00000094   Code   RO         2384    i.HAL_RCC_GetSysClockFreq  stm32f1xx_hal_rcc.o
    0x080023fc   0x080023fc   0x00000440   Code   RO         2387    i.HAL_RCC_OscConfig  stm32f1xx_hal_rcc.o
    0x0800283c   0x0800283c   0x00000028   Code   RO         2689    i.HAL_SYSTICK_CLKSourceConfig  stm32f1xx_hal_cortex.o
    0x08002864   0x08002864   0x00000002   Code   RO         2690    i.HAL_SYSTICK_Callback  stm32f1xx_hal_cortex.o
    0x08002866   0x08002866   0x00000034   Code   RO         2691    i.HAL_SYSTICK_Config  stm32f1xx_hal_cortex.o
    0x0800289a   0x0800289a   0x00000008   Code   RO         2692    i.HAL_SYSTICK_IRQHandler  stm32f1xx_hal_cortex.o
    0x080028a2   0x080028a2   0x00000002   Code   RO         1651    i.HAL_TIMEx_BreakCallback  stm32f1xx_hal_tim_ex.o
    0x080028a4   0x080028a4   0x00000002   Code   RO         1652    i.HAL_TIMEx_CommutationCallback  stm32f1xx_hal_tim_ex.o
    0x080028a6   0x080028a6   0x00000062   Code   RO         1668    i.HAL_TIMEx_MasterConfigSynchronization  stm32f1xx_hal_tim_ex.o
    0x08002908   0x08002908   0x00000034   Code   RO         1012    i.HAL_TIM_Base_Init  stm32f1xx_hal_tim.o
    0x0800293c   0x0800293c   0x000000d8   Code   RO          318    i.HAL_TIM_Base_MspInit  tim.o
    0x08002a14   0x08002a14   0x0000001e   Code   RO         1017    i.HAL_TIM_Base_Start_IT  stm32f1xx_hal_tim.o
    0x08002a32   0x08002a32   0x00000132   Code   RO         1021    i.HAL_TIM_ConfigClockSource  stm32f1xx_hal_tim.o
    0x08002b64   0x08002b64   0x00000002   Code   RO         1041    i.HAL_TIM_IC_CaptureCallback  stm32f1xx_hal_tim.o
    0x08002b66   0x08002b66   0x000000e0   Code   RO         1042    i.HAL_TIM_IC_ConfigChannel  stm32f1xx_hal_tim.o
    0x08002c46   0x08002c46   0x00000034   Code   RO         1045    i.HAL_TIM_IC_Init   stm32f1xx_hal_tim.o
    0x08002c7a   0x08002c7a   0x00000002   Code   RO         1047    i.HAL_TIM_IC_MspInit  stm32f1xx_hal_tim.o
    0x08002c7c   0x08002c7c   0x0000006c   Code   RO         1050    i.HAL_TIM_IC_Start_IT  stm32f1xx_hal_tim.o
    0x08002ce8   0x08002ce8   0x00000196   Code   RO         1054    i.HAL_TIM_IRQHandler  stm32f1xx_hal_tim.o
    0x08002e7e   0x08002e7e   0x00000002   PAD
    0x08002e80   0x08002e80   0x00000074   Code   RO          319    i.HAL_TIM_MspPostInit  tim.o
    0x08002ef4   0x08002ef4   0x00000002   Code   RO         1057    i.HAL_TIM_OC_DelayElapsedCallback  stm32f1xx_hal_tim.o
    0x08002ef6   0x08002ef6   0x00000108   Code   RO         1078    i.HAL_TIM_PWM_ConfigChannel  stm32f1xx_hal_tim.o
    0x08002ffe   0x08002ffe   0x00000034   Code   RO         1081    i.HAL_TIM_PWM_Init  stm32f1xx_hal_tim.o
    0x08003032   0x08003032   0x00000002   Code   RO         1083    i.HAL_TIM_PWM_MspInit  stm32f1xx_hal_tim.o
    0x08003034   0x08003034   0x00000002   Code   RO         1084    i.HAL_TIM_PWM_PulseFinishedCallback  stm32f1xx_hal_tim.o
    0x08003036   0x08003036   0x00000002   PAD
    0x08003038   0x08003038   0x00000040   Code   RO         1085    i.HAL_TIM_PWM_Start  stm32f1xx_hal_tim.o
    0x08003078   0x08003078   0x00000002   Code   RO         1091    i.HAL_TIM_PeriodElapsedCallback  stm32f1xx_hal_tim.o
    0x0800307a   0x0800307a   0x00000002   Code   RO         1095    i.HAL_TIM_TriggerCallback  stm32f1xx_hal_tim.o
    0x0800307c   0x0800307c   0x00000002   Code   RO         1905    i.HAL_UART_ErrorCallback  stm32f1xx_hal_uart.o
    0x0800307e   0x0800307e   0x00000002   PAD
    0x08003080   0x08003080   0x0000014c   Code   RO         1908    i.HAL_UART_IRQHandler  stm32f1xx_hal_uart.o
    0x080031cc   0x080031cc   0x00000072   Code   RO         1909    i.HAL_UART_Init     stm32f1xx_hal_uart.o
    0x0800323e   0x0800323e   0x00000002   PAD
    0x08003240   0x08003240   0x00000074   Code   RO          378    i.HAL_UART_MspInit  usart.o
    0x080032b4   0x080032b4   0x00000070   Code   RO         1914    i.HAL_UART_Receive_IT  stm32f1xx_hal_uart.o
    0x08003324   0x08003324   0x00000024   Code   RO          379    i.HAL_UART_RxCpltCallback  usart.o
    0x08003348   0x08003348   0x00000002   Code   RO         1920    i.HAL_UART_TxCpltCallback  stm32f1xx_hal_uart.o
    0x0800334a   0x0800334a   0x00000004   Code   RO          437    i.HardFault_Handler  stm32f1xx_it.o
    0x0800334e   0x0800334e   0x00000002   PAD
    0x08003350   0x08003350   0x00000058   Code   RO         3282    i.IIC_Init          myiic.o
    0x080033a8   0x080033a8   0x00000068   Code   RO         3285    i.IIC_Send_Byte     myiic.o
    0x08003410   0x08003410   0x0000004c   Code   RO         3286    i.IIC_Start         myiic.o
    0x0800345c   0x0800345c   0x0000004c   Code   RO         3287    i.IIC_Stop          myiic.o
    0x080034a8   0x080034a8   0x00000064   Code   RO         3288    i.IIC_Wait_Ack      myiic.o
    0x0800350c   0x0800350c   0x00000008   Code   RO         3464    i.MCP4725_Init      mcp4725.o
    0x08003514   0x08003514   0x0000003e   Code   RO         3466    i.MCP4725_WriteBreakData_Voltage  mcp4725.o
    0x08003552   0x08003552   0x0000003e   Code   RO         3467    i.MCP4725_WriteVelData_Voltage  mcp4725.o
    0x08003590   0x08003590   0x00000050   Code   RO         3398    i.MT6813_IIC_Ack    myi2c.o
    0x080035e0   0x080035e0   0x00000058   Code   RO         3399    i.MT6813_IIC_Init   myi2c.o
    0x08003638   0x08003638   0x00000050   Code   RO         3400    i.MT6813_IIC_NAck   myi2c.o
    0x08003688   0x08003688   0x00000070   Code   RO         3401    i.MT6813_IIC_Read_Byte  myi2c.o
    0x080036f8   0x080036f8   0x00000068   Code   RO         3402    i.MT6813_IIC_Send_Byte  myi2c.o
    0x08003760   0x08003760   0x0000004c   Code   RO         3403    i.MT6813_IIC_Start  myi2c.o
    0x080037ac   0x080037ac   0x0000004c   Code   RO         3404    i.MT6813_IIC_Stop   myi2c.o
    0x080037f8   0x080037f8   0x00000064   Code   RO         3405    i.MT6813_IIC_Wait_Ack  myi2c.o
    0x0800385c   0x0800385c   0x00000048   Code   RO         3237    i.MT6813_Read_Byte  mt6813.o
    0x080038a4   0x080038a4   0x0000001c   Code   RO         3239    i.MT6813_init       mt6813.o
    0x080038c0   0x080038c0   0x00000084   Code   RO          211    i.MX_ADC1_Init      adc.o
    0x08003944   0x08003944   0x00000058   Code   RO          253    i.MX_CAN_Init       can.o
    0x0800399c   0x0800399c   0x00000034   Code   RO          293    i.MX_DMA_Init       dma.o
    0x080039d0   0x080039d0   0x000000cc   Code   RO          185    i.MX_GPIO_Init      gpio.o
    0x08003a9c   0x08003a9c   0x0000007c   Code   RO          320    i.MX_TIM1_Init      tim.o
    0x08003b18   0x08003b18   0x000000f8   Code   RO          321    i.MX_TIM2_Init      tim.o
    0x08003c10   0x08003c10   0x000000c4   Code   RO          322    i.MX_TIM3_Init      tim.o
    0x08003cd4   0x08003cd4   0x0000004c   Code   RO          380    i.MX_USART1_UART_Init  usart.o
    0x08003d20   0x08003d20   0x00000004   Code   RO          438    i.MemManage_Handler  stm32f1xx_it.o
    0x08003d24   0x08003d24   0x00000002   Code   RO          439    i.NMI_Handler       stm32f1xx_it.o
    0x08003d26   0x08003d26   0x00000002   PAD
    0x08003d28   0x08003d28   0x00000010   Code   RO         2693    i.NVIC_GetPriorityGrouping  stm32f1xx_hal_cortex.o
    0x08003d38   0x08003d38   0x00000028   Code   RO         2694    i.NVIC_SetPriority  stm32f1xx_hal_cortex.o
    0x08003d60   0x08003d60   0x00000002   Code   RO          440    i.PendSV_Handler    stm32f1xx_it.o
    0x08003d62   0x08003d62   0x00000002   PAD
    0x08003d64   0x08003d64   0x00000028   Code   RO         2388    i.RCC_Delay         stm32f1xx_hal_rcc.o
    0x08003d8c   0x08003d8c   0x00000002   Code   RO          441    i.SVC_Handler       stm32f1xx_it.o
    0x08003d8e   0x08003d8e   0x0000000c   Code   RO          442    i.SysTick_Handler   stm32f1xx_it.o
    0x08003d9a   0x08003d9a   0x00000002   PAD
    0x08003d9c   0x08003d9c   0x000000a8   Code   RO           13    i.SystemClock_Config  main.o
    0x08003e44   0x08003e44   0x00000058   Code   RO         3135    i.SystemInit        system_stm32f1xx.o
    0x08003e9c   0x08003e9c   0x00000010   Code   RO          443    i.TIM1_UP_IRQHandler  stm32f1xx_it.o
    0x08003eac   0x08003eac   0x00000010   Code   RO          444    i.TIM2_IRQHandler   stm32f1xx_it.o
    0x08003ebc   0x08003ebc   0x00000074   Code   RO         1096    i.TIM_Base_SetConfig  stm32f1xx_hal_tim.o
    0x08003f30   0x08003f30   0x0000001c   Code   RO         1097    i.TIM_CCxChannelCmd  stm32f1xx_hal_tim.o
    0x08003f4c   0x08003f4c   0x00000018   Code   RO         1103    i.TIM_ETR_SetConfig  stm32f1xx_hal_tim.o
    0x08003f64   0x08003f64   0x00000014   Code   RO         1104    i.TIM_ITRx_SetConfig  stm32f1xx_hal_tim.o
    0x08003f78   0x08003f78   0x00000064   Code   RO         1105    i.TIM_OC1_SetConfig  stm32f1xx_hal_tim.o
    0x08003fdc   0x08003fdc   0x00000070   Code   RO         1106    i.TIM_OC2_SetConfig  stm32f1xx_hal_tim.o
    0x0800404c   0x0800404c   0x0000006c   Code   RO         1107    i.TIM_OC3_SetConfig  stm32f1xx_hal_tim.o
    0x080040b8   0x080040b8   0x00000050   Code   RO         1108    i.TIM_OC4_SetConfig  stm32f1xx_hal_tim.o
    0x08004108   0x08004108   0x0000002a   Code   RO         1110    i.TIM_TI1_ConfigInputStage  stm32f1xx_hal_tim.o
    0x08004132   0x08004132   0x00000002   PAD
    0x08004134   0x08004134   0x0000006c   Code   RO         1111    i.TIM_TI1_SetConfig  stm32f1xx_hal_tim.o
    0x080041a0   0x080041a0   0x0000002c   Code   RO         1112    i.TIM_TI2_ConfigInputStage  stm32f1xx_hal_tim.o
    0x080041cc   0x080041cc   0x0000003e   Code   RO         1113    i.TIM_TI2_SetConfig  stm32f1xx_hal_tim.o
    0x0800420a   0x0800420a   0x0000003c   Code   RO         1114    i.TIM_TI3_SetConfig  stm32f1xx_hal_tim.o
    0x08004246   0x08004246   0x00000040   Code   RO         1115    i.TIM_TI4_SetConfig  stm32f1xx_hal_tim.o
    0x08004286   0x08004286   0x00000014   Code   RO         1922    i.UART_DMAAbortOnError  stm32f1xx_hal_uart.o
    0x0800429a   0x0800429a   0x00000020   Code   RO         1932    i.UART_EndRxTransfer  stm32f1xx_hal_uart.o
    0x080042ba   0x080042ba   0x00000020   Code   RO         1933    i.UART_EndTransmit_IT  stm32f1xx_hal_uart.o
    0x080042da   0x080042da   0x000000a6   Code   RO         1935    i.UART_Receive_IT   stm32f1xx_hal_uart.o
    0x08004380   0x08004380   0x000001c8   Code   RO         1936    i.UART_SetConfig    stm32f1xx_hal_uart.o
    0x08004548   0x08004548   0x00000068   Code   RO         1937    i.UART_Transmit_IT  stm32f1xx_hal_uart.o
    0x080045b0   0x080045b0   0x00000010   Code   RO          445    i.USART1_IRQHandler  stm32f1xx_it.o
    0x080045c0   0x080045c0   0x00000004   Code   RO          446    i.UsageFault_Handler  stm32f1xx_it.o
    0x080045c4   0x080045c4   0x00000004   Code   RO           14    i._Error_Handler    main.o
    0x080045c8   0x080045c8   0x0000000e   Code   RO         3614    i.__scatterload_copy  mc_w.l(handlers.o)
    0x080045d6   0x080045d6   0x00000002   Code   RO         3615    i.__scatterload_null  mc_w.l(handlers.o)
    0x080045d8   0x080045d8   0x0000000e   Code   RO         3616    i.__scatterload_zeroinit  mc_w.l(handlers.o)
    0x080045e6   0x080045e6   0x00000002   PAD
    0x080045e8   0x080045e8   0x00000014   Code   RO         3533    i.delay_init        delay.o
    0x080045fc   0x080045fc   0x00000018   Code   RO         3534    i.delay_ms          delay.o
    0x08004614   0x08004614   0x00000048   Code   RO         3535    i.delay_us          delay.o
    0x0800465c   0x0800465c   0x00000124   Code   RO           15    i.main              main.o
    0x08004780   0x08004780   0x00000018   Data   RO         3136    .constdata          system_stm32f1xx.o
    0x08004798   0x08004798   0x00000020   Data   RO         3612    Region$$Table       anon$$obj.o


    Execution Region RW_IRAM1 (Exec base: 0x20000000, Load base: 0x080047b8, Size: 0x00000628, Max: 0x00005000, ABSOLUTE)

    Exec Addr    Load Addr    Size         Type   Attr      Idx    E Section Name        Object

    0x20000000   0x080047b8   0x00000010   Data   RW           16    .data               main.o
    0x20000010   0x080047c8   0x00000009   Data   RW         2238    .data               stm32f1xx_hal.o
    0x20000019   0x080047d1   0x00000003   PAD
    0x2000001c   0x080047d4   0x00000004   Data   RW         3137    .data               system_stm32f1xx.o
    0x20000020   0x080047d8   0x0000000b   Data   RW         3196    .data               control_can.c.o
    0x2000002b   0x080047e3   0x00000001   PAD
    0x2000002c   0x080047e4   0x00000004   Data   RW         3536    .data               delay.o
    0x20000030        -       0x00000074   Zero   RW          212    .bss                adc.o
    0x200000a4        -       0x00000044   Zero   RW          254    .bss                can.o
    0x200000e8        -       0x000000c0   Zero   RW          323    .bss                tim.o
    0x200001a8        -       0x00000040   Zero   RW          382    .bss                usart.o
    0x200001e8        -       0x00000040   Zero   RW         3195    .bss                control_can.c.o
    0x20000228        -       0x00000400   Zero   RW            1    STACK               startup_stm32f103xb.o


==============================================================================

Image component sizes


      Code (inc. data)   RO Data    RW Data    ZI Data      Debug   Object Name

       308         62          0          0        116       1571   adc.o
       204         40          0          0         68       1435   can.o
       144         24          0         11         64       1770   control_can.c.o
       116          8          0          4          0       1715   delay.o
        52          4          0          0          0        658   dma.o
       204         12          0          0          0        875   gpio.o
       464         64          0         16          0     468987   main.o
       132          0          0          0          0       1567   mcp4725.o
       100          0          0          0          0       1097   mt6813.o
       716        110          0          0          0       4394   myi2c.o
       444         70          0          0          0       2805   myiic.o
        36          8        236          0       1024        772   startup_stm32f103xb.o
       152         32          0          9          0       3033   stm32f1xx_hal.o
      1698         56          0          0          0       9150   stm32f1xx_hal_adc.o
       262          4          0          0          0       1927   stm32f1xx_hal_adc_ex.o
      2074         16          0          0          0       6301   stm32f1xx_hal_can.o
       348         22          0          0          0      27529   stm32f1xx_hal_cortex.o
       900         12          0          0          0       4014   stm32f1xx_hal_dma.o
       808         32          0          0          0       2560   stm32f1xx_hal_gpio.o
       168         10          0          0          0        874   stm32f1xx_hal_msp.o
      1772        108          0          0          0       5688   stm32f1xx_hal_rcc.o
       592         48          0          0          0       2313   stm32f1xx_hal_rcc_ex.o
      2540         52          0          0          0      20532   stm32f1xx_hal_tim.o
       102          0          0          0          0       2130   stm32f1xx_hal_tim_ex.o
      1372         12          0          0          0       7247   stm32f1xx_hal_uart.o
       132         36          0          0          0       6090   stm32f1xx_it.o
        88         18         24          4          0       1067   system_stm32f1xx.o
       900        108          0          0        192       3662   tim.o
       228         50          0          0         64       1997   usart.o

    ----------------------------------------------------------------------
     17088       1018        292         48       1528     593760   Object Totals
         0          0         32          0          0          0   (incl. Generated)
        32          0          0          4          0          0   (incl. Padding)

    ----------------------------------------------------------------------

      Code (inc. data)   RO Data    RW Data    ZI Data      Debug   Library Member Name

         0          0          0          0          0          0   entry.o
         0          0          0          0          0          0   entry10a.o
         0          0          0          0          0          0   entry11a.o
         8          4          0          0          0          0   entry2.o
         4          0          0          0          0          0   entry5.o
         0          0          0          0          0          0   entry7b.o
         0          0          0          0          0          0   entry8b.o
         8          4          0          0          0          0   entry9a.o
        30          0          0          0          0          0   handlers.o
        36          8          0          0          0         68   init.o
         0          0          0          0          0          0   iusefp.o
        30          0          0          0          0         68   llshl.o
        32          0          0          0          0         68   llushr.o
        56          0          0          0          0         88   d2f.o
       222          0          0          0          0        100   ddiv.o
       186          0          0          0          0        176   depilogue.o
        26          0          0          0          0         76   dfltui.o
       228          0          0          0          0         96   dmul.o
       110          0          0          0          0        168   fepilogue.o

    ----------------------------------------------------------------------
       980         16          0          0          0        908   Library Totals
         4          0          0          0          0          0   (incl. Padding)

    ----------------------------------------------------------------------

      Code (inc. data)   RO Data    RW Data    ZI Data      Debug   Library Name

       148         16          0          0          0        204   mc_w.l
       828          0          0          0          0        704   mf_w.l

    ----------------------------------------------------------------------
       980         16          0          0          0        908   Library Totals

    ----------------------------------------------------------------------

==============================================================================


      Code (inc. data)   RO Data    RW Data    ZI Data      Debug   

     18068       1034        292         48       1528     586656   Grand Totals
     18068       1034        292         48       1528     586656   ELF Image Totals
     18068       1034        292         48          0          0   ROM Totals

==============================================================================

    Total RO  Size (Code + RO Data)                18360 (  17.93kB)
    Total RW  Size (RW Data + ZI Data)              1576 (   1.54kB)
    Total ROM Size (Code + RO Data + RW Data)      18408 (  17.98kB)

==============================================================================

