Component: ARM Compiler 5.06 update 6 (build 750) Tool: armlink [4d35ed]

==============================================================================

Section Cross References

    startup_stm32f103xb.o(RESET) refers to startup_stm32f103xb.o(STACK) for __initial_sp
    startup_stm32f103xb.o(RESET) refers to startup_stm32f103xb.o(.text) for Reset_Handler
    startup_stm32f103xb.o(RESET) refers to stm32f1xx_it.o(i.NMI_Handler) for NMI_Handler
    startup_stm32f103xb.o(RESET) refers to stm32f1xx_it.o(i.HardFault_Handler) for HardFault_Handler
    startup_stm32f103xb.o(RESET) refers to stm32f1xx_it.o(i.MemManage_Handler) for MemManage_Handler
    startup_stm32f103xb.o(RESET) refers to stm32f1xx_it.o(i.BusFault_Handler) for BusFault_Handler
    startup_stm32f103xb.o(RESET) refers to stm32f1xx_it.o(i.UsageFault_Handler) for UsageFault_Handler
    startup_stm32f103xb.o(RESET) refers to stm32f1xx_it.o(i.SVC_Handler) for SVC_Handler
    startup_stm32f103xb.o(RESET) refers to stm32f1xx_it.o(i.DebugMon_Handler) for DebugMon_Handler
    startup_stm32f103xb.o(RESET) refers to stm32f1xx_it.o(i.PendSV_Handler) for PendSV_Handler
    startup_stm32f103xb.o(RESET) refers to stm32f1xx_it.o(i.SysTick_Handler) for SysTick_Handler
    startup_stm32f103xb.o(RESET) refers to stm32f1xx_it.o(i.DMA1_Channel1_IRQHandler) for DMA1_Channel1_IRQHandler
    startup_stm32f103xb.o(RESET) refers to stm32f1xx_it.o(i.DMA1_Channel4_IRQHandler) for DMA1_Channel4_IRQHandler
    startup_stm32f103xb.o(RESET) refers to stm32f1xx_it.o(i.DMA1_Channel5_IRQHandler) for DMA1_Channel5_IRQHandler
    startup_stm32f103xb.o(RESET) refers to stm32f1xx_it.o(i.ADC1_2_IRQHandler) for ADC1_2_IRQHandler
    startup_stm32f103xb.o(RESET) refers to stm32f1xx_it.o(i.CAN1_RX1_IRQHandler) for CAN1_RX1_IRQHandler
    startup_stm32f103xb.o(RESET) refers to stm32f1xx_it.o(i.TIM1_UP_IRQHandler) for TIM1_UP_IRQHandler
    startup_stm32f103xb.o(RESET) refers to stm32f1xx_it.o(i.TIM2_IRQHandler) for TIM2_IRQHandler
    startup_stm32f103xb.o(RESET) refers to stm32f1xx_it.o(i.USART1_IRQHandler) for USART1_IRQHandler
    startup_stm32f103xb.o(.text) refers to system_stm32f1xx.o(i.SystemInit) for SystemInit
    startup_stm32f103xb.o(.text) refers to entry.o(.ARM.Collect$$$$00000000) for __main
    main.o(i.SystemClock_Config) refers to stm32f1xx_hal_rcc.o(i.HAL_RCC_OscConfig) for HAL_RCC_OscConfig
    main.o(i.SystemClock_Config) refers to main.o(i._Error_Handler) for _Error_Handler
    main.o(i.SystemClock_Config) refers to stm32f1xx_hal_rcc.o(i.HAL_RCC_ClockConfig) for HAL_RCC_ClockConfig
    main.o(i.SystemClock_Config) refers to stm32f1xx_hal_rcc_ex.o(i.HAL_RCCEx_PeriphCLKConfig) for HAL_RCCEx_PeriphCLKConfig
    main.o(i.SystemClock_Config) refers to stm32f1xx_hal_rcc.o(i.HAL_RCC_GetHCLKFreq) for HAL_RCC_GetHCLKFreq
    main.o(i.SystemClock_Config) refers to stm32f1xx_hal_cortex.o(i.HAL_SYSTICK_Config) for HAL_SYSTICK_Config
    main.o(i.SystemClock_Config) refers to stm32f1xx_hal_cortex.o(i.HAL_SYSTICK_CLKSourceConfig) for HAL_SYSTICK_CLKSourceConfig
    main.o(i.SystemClock_Config) refers to stm32f1xx_hal_cortex.o(i.HAL_NVIC_SetPriority) for HAL_NVIC_SetPriority
    main.o(i.main) refers to stm32f1xx_hal.o(i.HAL_Init) for HAL_Init
    main.o(i.main) refers to main.o(i.SystemClock_Config) for SystemClock_Config
    main.o(i.main) refers to gpio.o(i.MX_GPIO_Init) for MX_GPIO_Init
    main.o(i.main) refers to dma.o(i.MX_DMA_Init) for MX_DMA_Init
    main.o(i.main) refers to usart.o(i.MX_USART1_UART_Init) for MX_USART1_UART_Init
    main.o(i.main) refers to can.o(i.MX_CAN_Init) for MX_CAN_Init
    main.o(i.main) refers to adc.o(i.MX_ADC1_Init) for MX_ADC1_Init
    main.o(i.main) refers to tim.o(i.MX_TIM3_Init) for MX_TIM3_Init
    main.o(i.main) refers to tim.o(i.MX_TIM2_Init) for MX_TIM2_Init
    main.o(i.main) refers to tim.o(i.MX_TIM1_Init) for MX_TIM1_Init
    main.o(i.main) refers to delay.o(i.delay_init) for delay_init
    main.o(i.main) refers to control_can.c.o(i.CAN_Config_Filter) for CAN_Config_Filter
    main.o(i.main) refers to stm32f1xx_hal_adc_ex.o(i.HAL_ADCEx_Calibration_Start) for HAL_ADCEx_Calibration_Start
    main.o(i.main) refers to stm32f1xx_hal_tim.o(i.HAL_TIM_PWM_Start) for HAL_TIM_PWM_Start
    main.o(i.main) refers to stm32f1xx_hal_tim.o(i.HAL_TIM_Base_Start_IT) for HAL_TIM_Base_Start_IT
    main.o(i.main) refers to stm32f1xx_hal_uart.o(i.HAL_UART_Receive_IT) for HAL_UART_Receive_IT
    main.o(i.main) refers to stm32f1xx_hal_can.o(i.HAL_CAN_Receive_IT) for HAL_CAN_Receive_IT
    main.o(i.main) refers to stm32f1xx_hal_adc.o(i.HAL_ADC_Start_DMA) for HAL_ADC_Start_DMA
    main.o(i.main) refers to stm32f1xx_hal_tim.o(i.HAL_TIM_IC_Start_IT) for HAL_TIM_IC_Start_IT
    main.o(i.main) refers to mt6813.o(i.MT6813_init) for MT6813_init
    main.o(i.main) refers to mcp4725.o(i.MCP4725_Init) for MCP4725_Init
    main.o(i.main) refers to delay.o(i.delay_ms) for delay_ms
[...]
    Removing stm32f1xx_hal_pwr.o(i.HAL_PWR_EnterSTOPMode), (84 bytes).
    Removing stm32f1xx_hal_pwr.o(i.HAL_PWR_PVDCallback), (2 bytes).
    Removing stm32f1xx_hal_pwr.o(i.HAL_PWR_PVD_IRQHandler), (32 bytes).
    Removing stm32f1xx_hal_pwr.o(i.PWR_OverloadWfe), (6 bytes).
    Removing stm32f1xx_hal_flash.o(.rev16_text), (4 bytes).
    Removing stm32f1xx_hal_flash.o(.revsh_text), (4 bytes).
    Removing stm32f1xx_hal_flash.o(.rrx_text), (6 bytes).
    Removing stm32f1xx_hal_flash.o(i.FLASH_Program_HalfWord), (32 bytes).
    Removing stm32f1xx_hal_flash.o(i.FLASH_SetErrorCode), (132 bytes).
    Removing stm32f1xx_hal_flash.o(i.FLASH_WaitForLastOperation), (112 bytes).
    Removing stm32f1xx_hal_flash.o(i.HAL_FLASH_EndOfOperationCallback), (2 bytes).
    Removing stm32f1xx_hal_flash.o(i.HAL_FLASH_GetError), (12 bytes).
    Removing stm32f1xx_hal_flash.o(i.HAL_FLASH_IRQHandler), (384 bytes).
    Removing stm32f1xx_hal_flash.o(i.HAL_FLASH_Lock), (20 bytes).
    Removing stm32f1xx_hal_flash.o(i.HAL_FLASH_OB_Launch), (8 bytes).
    Removing stm32f1xx_hal_flash.o(i.HAL_FLASH_OB_Lock), (20 bytes).
    Removing stm32f1xx_hal_flash.o(i.HAL_FLASH_OB_Unlock), (44 bytes).
    Removing stm32f1xx_hal_flash.o(i.HAL_FLASH_OperationErrorCallback), (2 bytes).
    Removing stm32f1xx_hal_flash.o(i.HAL_FLASH_Program), (176 bytes).
    Removing stm32f1xx_hal_flash.o(i.HAL_FLASH_Program_IT), (124 bytes).
    Removing stm32f1xx_hal_flash.o(i.HAL_FLASH_Unlock), (48 bytes).
    Removing stm32f1xx_hal_flash.o(.bss), (32 bytes).
    Removing stm32f1xx_hal_flash_ex.o(.rev16_text), (4 bytes).
    Removing stm32f1xx_hal_flash_ex.o(.revsh_text), (4 bytes).
    Removing stm32f1xx_hal_flash_ex.o(.rrx_text), (6 bytes).
    Removing stm32f1xx_hal_flash_ex.o(i.FLASH_MassErase), (40 bytes).
    Removing stm32f1xx_hal_flash_ex.o(i.FLASH_OB_DisableWRP), (232 bytes).
    Removing stm32f1xx_hal_flash_ex.o(i.FLASH_OB_EnableWRP), (236 bytes).
    Removing stm32f1xx_hal_flash_ex.o(i.FLASH_OB_GetRDP), (28 bytes).
    Removing stm32f1xx_hal_flash_ex.o(i.FLASH_OB_GetUser), (16 bytes).
    Removing stm32f1xx_hal_flash_ex.o(i.FLASH_OB_GetWRP), (12 bytes).
    Removing stm32f1xx_hal_flash_ex.o(i.FLASH_OB_ProgramData), (76 bytes).
    Removing stm32f1xx_hal_flash_ex.o(i.FLASH_OB_RDP_LevelConfig), (124 bytes).
    Removing stm32f1xx_hal_flash_ex.o(i.FLASH_OB_UserConfig), (84 bytes).
    Removing stm32f1xx_hal_flash_ex.o(i.FLASH_PageErase), (40 bytes).
    Removing stm32f1xx_hal_flash_ex.o(i.HAL_FLASHEx_Erase), (176 bytes).
    Removing stm32f1xx_hal_flash_ex.o(i.HAL_FLASHEx_Erase_IT), (100 bytes).
    Removing stm32f1xx_hal_flash_ex.o(i.HAL_FLASHEx_OBErase), (96 bytes).
    Removing stm32f1xx_hal_flash_ex.o(i.HAL_FLASHEx_OBGetConfig), (28 bytes).
    Removing stm32f1xx_hal_flash_ex.o(i.HAL_FLASHEx_OBGetUserData), (40 bytes).
    Removing stm32f1xx_hal_flash_ex.o(i.HAL_FLASHEx_OBProgram), (200 bytes).
    Removing system_stm32f1xx.o(.rev16_text), (4 bytes).
    Removing system_stm32f1xx.o(.revsh_text), (4 bytes).
    Removing system_stm32f1xx.o(.rrx_text), (6 bytes).
    Removing system_stm32f1xx.o(i.SystemCoreClockUpdate), (164 bytes).
    Removing motor.o(.rev16_text), (4 bytes).
    Removing motor.o(.revsh_text), (4 bytes).
    Removing motor.o(.rrx_text), (6 bytes).
    Removing motor.o(i.motor_check_blocking), (2 bytes).
    Removing motor.o(i.motor_get_current), (6 bytes).
    Removing motor.o(i.motor_get_position), (6 bytes).
    Removing motor.o(i.motor_get_speed), (6 bytes).
    Removing motor.o(i.motor_get_zero_position), (6 bytes).
    Removing motor.o(i.motor_is_blocked), (6 bytes).
    Removing motor.o(i.motor_output), (180 bytes).
    Removing motor.o(i.motor_read_current), (132 bytes).
    Removing motor.o(i.motor_read_position), (38 bytes).
    Removing motor.o(i.motor_read_speed), (68 bytes).
    Removing motor.o(i.motor_set_zero_position), (6 bytes).
    Removing pid.o(.rev16_text), (4 bytes).
    Removing pid.o(.revsh_text), (4 bytes).
    Removing pid.o(.rrx_text), (6 bytes).
    Removing pid.o(i.PID_Calc), (290 bytes).
    Removing pid.o(i.PID_Init), (38 bytes).
    Removing pid.o(i.get_fdb), (6 bytes).
    Removing pid.o(i.get_output), (6 bytes).
    Removing pid.o(i.get_ref), (6 bytes).
    Removing pid.o(i.set_fdb), (8 bytes).
    Removing pid.o(i.set_ref), (8 bytes).
    Removing delay.o(.rev16_text), (4 bytes).
    Removing delay.o(.revsh_text), (4 bytes).
    Removing delay.o(.rrx_text), (6 bytes).
    Removing control_can.c.o(.rev16_text), (4 bytes).
    Removing control_can.c.o(.revsh_text), (4 bytes).
    Removing control_can.c.o(.rrx_text), (6 bytes).
    Removing control_can.c.o(i.CAN_SendMessage), (84 bytes).
    Removing mcp4725.o(.rev16_text), (4 bytes).
    Removing mcp4725.o(.revsh_text), (4 bytes).
    Removing mcp4725.o(.rrx_text), (6 bytes).
    Removing mt6813.o(.rev16_text), (4 bytes).
    Removing mt6813.o(.revsh_text), (4 bytes).
    Removing mt6813.o(.rrx_text), (6 bytes).
    Removing mt6813.o(i.MT6813_Get_Angle), (128 bytes).
    Removing mt6813.o(i.MT6813_Write_Byte), (76 bytes).
    Removing myi2c.o(.rev16_text), (4 bytes).
    Removing myi2c.o(.revsh_text), (4 bytes).
    Removing myi2c.o(.rrx_text), (6 bytes).
    Removing myiic.o(.rev16_text), (4 bytes).
    Removing myiic.o(.revsh_text), (4 bytes).
    Removing myiic.o(.rrx_text), (6 bytes).
    Removing myiic.o(i.IIC_Ack), (80 bytes).
    Removing myiic.o(i.IIC_NAck), (80 bytes).
    Removing myiic.o(i.IIC_Read_Byte), (112 bytes).
    Removing fadd.o(.text), (176 bytes).
    Removing fmul.o(.text), (100 bytes).
    Removing ffltui.o(.text), (10 bytes).
    Removing dflti.o(.text), (34 bytes).
    Removing ffixui.o(.text), (40 bytes).
    Removing cfrcmple.o(.text), (20 bytes).

429 unused section(s) (total 29786 bytes) removed from the image.

==============================================================================

Image Symbol Table

    Local Symbols

    Symbol Name                              Value     Ov Type        Size  Object(Section)

    ..//Src/system_stm32f1xx.c               0x00000000   Number         0  system_stm32f1xx.o ABSOLUTE
    ../Drivers/STM32F1xx_HAL_Driver/Src/stm32f1xx_hal.c 0x00000000   Number         0  stm32f1xx_hal.o ABSOLUTE
    ../Drivers/STM32F1xx_HAL_Driver/Src/stm32f1xx_hal_adc.c 0x00000000   Number         0  stm32f1xx_hal_adc.o ABSOLUTE
    ../Drivers/STM32F1xx_HAL_Driver/Src/stm32f1xx_hal_adc_ex.c 0x00000000   Number         0  stm32f1xx_hal_adc_ex.o ABSOLUTE
    ../Drivers/STM32F1xx_HAL_Driver/Src/stm32f1xx_hal_can.c 0x00000000   Number         0  stm32f1xx_hal_can.o ABSOLUTE
    ../Drivers/STM32F1xx_HAL_Driver/Src/stm32f1xx_hal_cortex.c 0x00000000   Number         0  stm32f1xx_hal_cortex.o ABSOLUTE
    ../Drivers/STM32F1xx_HAL_Driver/Src/stm32f1xx_hal_dma.c 0x00000000   Number         0  stm32f1xx_hal_dma.o ABSOLUTE
    ../Drivers/STM32F1xx_HAL_Driver/Src/stm32f1xx_hal_flash.c 0x00000000   Number         0  stm32f1xx_hal_flash.o ABSOLUTE
    ../Drivers/STM32F1xx_HAL_Driver/Src/stm32f1xx_hal_flash_ex.c 0x00000000   Number         0  stm32f1xx_hal_flash_ex.o ABSOLUTE
    ../Drivers/STM32F1xx_HAL_Driver/Src/stm32f1xx_hal_gpio.c 0x00000000   Number         0  stm32f1xx_hal_gpio.o ABSOLUTE
    ../Drivers/STM32F1xx_HAL_Driver/Src/stm32f1xx_hal_gpio_ex.c 0x00000000   Number         0  stm32f1xx_hal_gpio_ex.o ABSOLUTE
    ../Drivers/STM32F1xx_HAL_Driver/Src/stm32f1xx_hal_pwr.c 0x00000000   Number         0  stm32f1xx_hal_pwr.o ABSOLUTE
    ../Drivers/STM32F1xx_HAL_Driver/Src/stm32f1xx_hal_rcc.c 0x00000000   Number         0  stm32f1xx_hal_rcc.o ABSOLUTE
    ../Drivers/STM32F1xx_HAL_Driver/Src/stm32f1xx_hal_rcc_ex.c 0x00000000   Number         0  stm32f1xx_hal_rcc_ex.o ABSOLUTE
    ../Drivers/STM32F1xx_HAL_Driver/Src/stm32f1xx_hal_tim.c 0x00000000   Number         0  stm32f1xx_hal_tim.o ABSOLUTE
    ../Drivers/STM32F1xx_HAL_Driver/Src/stm32f1xx_hal_tim_ex.c 0x00000000   Number         0  stm32f1xx_hal_tim_ex.o ABSOLUTE
    ../Drivers/STM32F1xx_HAL_Driver/Src/stm32f1xx_hal_uart.c 0x00000000   Number         0  stm32f1xx_hal_uart.o ABSOLUTE
    ../Src/adc.c                             0x00000000   Number         0  adc.o ABSOLUTE
    ../Src/can.c                             0x00000000   Number         0  can.o ABSOLUTE
    ../Src/dma.c                             0x00000000   Number         0  dma.o ABSOLUTE
    ../Src/gpio.c                            0x00000000   Number         0  gpio.o ABSOLUTE
    ../Src/main.c                            0x00000000   Number         0  main.o ABSOLUTE
    ../Src/stm32f1xx_hal_msp.c               0x00000000   Number         0  stm32f1xx_hal_msp.o ABSOLUTE
    ../Src/stm32f1xx_it.c                    0x00000000   Number         0  stm32f1xx_it.o ABSOLUTE
    ../Src/tim.c                             0x00000000   Number         0  tim.o ABSOLUTE
    ../Src/usart.c                           0x00000000   Number         0  usart.o ABSOLUTE
    ../clib/microlib/init/entry.s            0x00000000   Number         0  entry9b.o ABSOLUTE
    ../clib/microlib/init/entry.s            0x00000000   Number         0  entry9a.o ABSOLUTE
    ../clib/microlib/init/entry.s            0x00000000   Number         0  entry8b.o ABSOLUTE
    ../clib/microlib/init/entry.s            0x00000000   Number         0  entry8a.o ABSOLUTE
    ../clib/microlib/init/entry.s            0x00000000   Number         0  entry7b.o ABSOLUTE
    ../clib/microlib/init/entry.s            0x00000000   Number         0  entry2.o ABSOLUTE
    ../clib/microlib/init/entry.s            0x00000000   Number         0  entry5.o ABSOLUTE
    ../clib/microlib/init/entry.s            0x00000000   Number         0  entry7a.o ABSOLUTE
    ../clib/microlib/init/entry.s            0x00000000   Number         0  entry.o ABSOLUTE
    ../clib/microlib/init/entry.s            0x00000000   Number         0  entry11a.o ABSOLUTE
    ../clib/microlib/init/entry.s            0x00000000   Number         0  entry11b.o ABSOLUTE
    ../clib/microlib/init/entry.s            0x00000000   Number         0  entry10b.o ABSOLUTE
    ../clib/microlib/init/entry.s            0x00000000   Number         0  entry10a.o ABSOLUTE
    ../clib/microlib/longlong.c              0x00000000   Number         0  llshl.o ABSOLUTE
    ../clib/microlib/longlong.c              0x00000000   Number         0  llushr.o ABSOLUTE
    ../clib/microlib/stubs.s                 0x00000000   Number         0  iusefp.o ABSOLUTE
    ../fplib/microlib/d2f.c                  0x00000000   Number         0  d2f.o ABSOLUTE
    ../fplib/microlib/fpadd.c                0x00000000   Number         0  fadd.o ABSOLUTE
    ../fplib/microlib/fpdiv.c                0x00000000   Number         0  ddiv.o ABSOLUTE
    ../fplib/microlib/fpepilogue.c           0x00000000   Number         0  depilogue.o ABSOLUTE
    ../fplib/microlib/fpepilogue.c           0x00000000   Number         0  fepilogue.o ABSOLUTE
    ../fplib/microlib/fpfix.c                0x00000000   Number         0  ffixui.o ABSOLUTE
    ../fplib/microlib/fpflt.c                0x00000000   Number         0  dfltui.o ABSOLUTE
    ../fplib/microlib/fpflt.c                0x00000000   Number         0  dflti.o ABSOLUTE
    ../fplib/microlib/fpflt.c                0x00000000   Number         0  ffltui.o ABSOLUTE
    ../fplib/microlib/fpmul.c                0x00000000   Number         0  dmul.o ABSOLUTE
    ../fplib/microlib/fpmul.c                0x00000000   Number         0  fmul.o ABSOLUTE
    ..\Controler\Scr\motor.c                 0x00000000   Number         0  motor.o ABSOLUTE
    ..\Controler\Scr\pid.c                   0x00000000   Number         0  pid.o ABSOLUTE
    ..\Driver\Src\MT6813.c                   0x00000000   Number         0  mt6813.o ABSOLUTE
    ..\Driver\Src\control_can.c.c            0x00000000   Number         0  control_can.c.o ABSOLUTE
    ..\Driver\Src\driver.c                   0x00000000   Number         0  driver.o ABSOLUTE
    ..\Driver\Src\mcp4725.c                  0x00000000   Number         0  mcp4725.o ABSOLUTE
    ..\Driver\Src\myi2c.c                    0x00000000   Number         0  myi2c.o ABSOLUTE
    ..\Driver\Src\myiic.c                    0x00000000   Number         0  myiic.o ABSOLUTE
    ..\Drivers\STM32F1xx_HAL_Driver\Src\stm32f1xx_hal.c 0x00000000   Number         0  stm32f1xx_hal.o ABSOLUTE
    ..\Drivers\STM32F1xx_HAL_Driver\Src\stm32f1xx_hal_adc.c 0x00000000   Number         0  stm32f1xx_hal_adc.o ABSOLUTE
    ..\Drivers\STM32F1xx_HAL_Driver\Src\stm32f1xx_hal_adc_ex.c 0x00000000   Number         0  stm32f1xx_hal_adc_ex.o ABSOLUTE
    ..\Drivers\STM32F1xx_HAL_Driver\Src\stm32f1xx_hal_can.c 0x00000000   Number         0  stm32f1xx_hal_can.o ABSOLUTE
    ..\Drivers\STM32F1xx_HAL_Driver\Src\stm32f1xx_hal_cortex.c 0x00000000   Number         0  stm32f1xx_hal_cortex.o ABSOLUTE
    ..\Drivers\STM32F1xx_HAL_Driver\Src\stm32f1xx_hal_dma.c 0x00000000   Number         0  stm32f1xx_hal_dma.o ABSOLUTE
    ..\Drivers\STM32F1xx_HAL_Driver\Src\stm32f1xx_hal_flash.c 0x00000000   Number         0  stm32f1xx_hal_flash.o ABSOLUTE
    ..\Drivers\STM32F1xx_HAL_Driver\Src\stm32f1xx_hal_flash_ex.c 0x00000000   Number         0  stm32f1xx_hal_flash_ex.o ABSOLUTE
    ..\Drivers\STM32F1xx_HAL_Driver\Src\stm32f1xx_hal_gpio.c 0x00000000   Number         0  stm32f1xx_hal_gpio.o ABSOLUTE
    ..\Drivers\STM32F1xx_HAL_Driver\Src\stm32f1xx_hal_gpio_ex.c 0x00000000   Number         0  stm32f1xx_hal_gpio_ex.o ABSOLUTE
    ..\Drivers\STM32F1xx_HAL_Driver\Src\stm32f1xx_hal_pwr.c 0x00000000   Number         0  stm32f1xx_hal_pwr.o ABSOLUTE
    ..\Drivers\STM32F1xx_HAL_Driver\Src\stm32f1xx_hal_rcc.c 0x00000000   Number         0  stm32f1xx_hal_rcc.o ABSOLUTE
    ..\Drivers\STM32F1xx_HAL_Driver\Src\stm32f1xx_hal_rcc_ex.c 0x00000000   Number         0  stm32f1xx_hal_rcc_ex.o ABSOLUTE
    ..\Drivers\STM32F1xx_HAL_Driver\Src\stm32f1xx_hal_tim.c 0x00000000   Number         0  stm32f1xx_hal_tim.o ABSOLUTE
    ..\Drivers\STM32F1xx_HAL_Driver\Src\stm32f1xx_hal_tim_ex.c 0x00000000   Number         0  stm32f1xx_hal_tim_ex.o ABSOLUTE
    ..\Drivers\STM32F1xx_HAL_Driver\Src\stm32f1xx_hal_uart.c 0x00000000   Number         0  stm32f1xx_hal_uart.o ABSOLUTE
    ..\Src\adc.c                             0x00000000   Number         0  adc.o ABSOLUTE
    ..\Src\can.c                             0x00000000   Number         0  can.o ABSOLUTE
    ..\Src\dma.c                             0x00000000   Number         0  dma.o ABSOLUTE
    ..\Src\gpio.c                            0x00000000   Number         0  gpio.o ABSOLUTE
    ..\Src\main.c                            0x00000000   Number         0  main.o ABSOLUTE
    ..\Src\stm32f1xx_hal_msp.c               0x00000000   Number         0  stm32f1xx_hal_msp.o ABSOLUTE
    ..\Src\stm32f1xx_it.c                    0x00000000   Number         0  stm32f1xx_it.o ABSOLUTE
    ..\Src\tim.c                             0x00000000   Number         0  tim.o ABSOLUTE
    ..\Src\usart.c                           0x00000000   Number         0  usart.o ABSOLUTE
    ..\System\delay\delay.c                  0x00000000   Number         0  delay.o ABSOLUTE
    ..\\Controler\\Scr\\motor.c              0x00000000   Number         0  motor.o ABSOLUTE
    ..\\Controler\\Scr\\pid.c                0x00000000   Number         0  pid.o ABSOLUTE
    ..\\Driver\\Src\\MT6813.c                0x00000000   Number         0  mt6813.o ABSOLUTE
    ..\\Driver\\Src\\control_can.c.c         0x00000000   Number         0  control_can.c.o ABSOLUTE
    ..\\Driver\\Src\\mcp4725.c               0x00000000   Number         0  mcp4725.o ABSOLUTE
    ..\\Driver\\Src\\myi2c.c                 0x00000000   Number         0  myi2c.o ABSOLUTE
    ..\\Driver\\Src\\myiic.c                 0x00000000   Number         0  myiic.o ABSOLUTE
    ..\\Src\system_stm32f1xx.c               0x00000000   Number         0  system_stm32f1xx.o ABSOLUTE
    ..\\System\\delay\\delay.c               0x00000000   Number         0  delay.o ABSOLUTE
    cfrcmple.s                               0x00000000   Number         0  cfrcmple.o ABSOLUTE
    dc.s                                     0x00000000   Number         0  dc.o ABSOLUTE
    handlers.s                               0x00000000   Number         0  handlers.o ABSOLUTE
    init.s                                   0x00000000   Number         0  init.o ABSOLUTE
    startup_stm32f103xb.s                    0x00000000   Number         0  startup_stm32f103xb.o ABSOLUTE
    RESET                                    0x08000000   Section      236  startup_stm32f103xb.o(RESET)
    .ARM.Collect$$$$00000000                 0x080000ec   Section        0  entry.o(.ARM.Collect$$$$00000000)
    .ARM.Collect$$$$00000001                 0x080000ec   Section        4  entry2.o(.ARM.Collect$$$$00000001)
    .ARM.Collect$$$$00000004                 0x080000f0   Section        4  entry5.o(.ARM.Collect$$$$00000004)
    .ARM.Collect$$$$00000008                 0x080000f4   Section        0  entry7b.o(.ARM.Collect$$$$00000008)
    .ARM.Collect$$$$0000000A                 0x080000f4   Section        0  entry8b.o(.ARM.Collect$$$$0000000A)
    .ARM.Collect$$$$0000000B                 0x080000f4   Section        8  entry9a.o(.ARM.Collect$$$$0000000B)
    .ARM.Collect$$$$0000000D                 0x080000fc   Section        0  entry10a.o(.ARM.Collect$$$$0000000D)
    .ARM.Collect$$$$0000000F                 0x080000fc   Section        0  entry11a.o(.ARM.Collect$$$$0000000F)
    .ARM.Collect$$$$00002712                 0x080000fc   Section        4  entry2.o(.ARM.Collect$$$$00002712)
    __lit__00000000                          0x080000fc   Data           4  entry2.o(.ARM.Collect$$$$00002712)
    .text                                    0x08000100   Section       36  startup_stm32f103xb.o(.text)
    .text                                    0x08000124   Section        0  llushr.o(.text)
    .text                                    0x08000144   Section        0  dmul.o(.text)
    .text                                    0x08000228   Section        0  ddiv.o(.text)
    .text                                    0x08000306   Section        0  dfltui.o(.text)
    .text                                    0x08000320   Section        0  d2f.o(.text)
    .text                                    0x08000358   Section        0  iusefp.o(.text)
    .text                                    0x08000358   Section        0  fepilogue.o(.text)
    .text                                    0x080003c6   Section        0  depilogue.o(.text)
    .text                                    0x08000480   Section       36  init.o(.text)
    .text                                    0x080004a4   Section        0  llshl.o(.text)
    i.ADC1_2_IRQHandler                      0x080004c4   Section        0  stm32f1xx_it.o(i.ADC1_2_IRQHandler)
    i.ADC_ConversionStop_Disable             0x080004d4   Section        0  stm32f1xx_hal_adc.o(i.ADC_ConversionStop_Disable)
    i.ADC_DMAConvCplt                        0x08000526   Section        0  stm32f1xx_hal_adc.o(i.ADC_DMAConvCplt)
    i.ADC_DMAError                           0x08000578   Section        0  stm32f1xx_hal_adc.o(i.ADC_DMAError)
    i.ADC_DMAHalfConvCplt                    0x08000596   Section        0  stm32f1xx_hal_adc.o(i.ADC_DMAHalfConvCplt)
    i.ADC_Enable                             0x080005a4   Section        0  stm32f1xx_hal_adc.o(i.ADC_Enable)
    i.BusFault_Handler                       0x08000628   Section        0  stm32f1xx_it.o(i.BusFault_Handler)
    i.CAN1_RX1_IRQHandler                    0x0800062c   Section        0  stm32f1xx_it.o(i.CAN1_RX1_IRQHandler)
    i.CAN_Config_Filter                      0x0800063c   Section        0  control_can.c.o(i.CAN_Config_Filter)
    i.CAN_Receive_IT                         0x08000680   Section        0  stm32f1xx_hal_can.o(i.CAN_Receive_IT)
    CAN_Receive_IT                           0x08000681   Thumb Code   450  stm32f1xx_hal_can.o(i.CAN_Receive_IT)
    i.CAN_Transmit_IT                        0x08000842   Section        0  stm32f1xx_hal_can.o(i.CAN_Transmit_IT)
    CAN_Transmit_IT                          0x08000843   Thumb Code    98  stm32f1xx_hal_can.o(i.CAN_Transmit_IT)
    i.DMA1_Channel1_IRQHandler               0x080008a4   Section        0  stm32f1xx_it.o(i.DMA1_Channel1_IRQHandler)
    i.DMA1_Channel4_IRQHandler               0x080008b4   Section        0  stm32f1xx_it.o(i.DMA1_Channel4_IRQHandler)
    i.DMA1_Channel5_IRQHandler               0x080008c4   Section        0  stm32f1xx_it.o(i.DMA1_Channel5_IRQHandler)
    i.DMA_SetConfig                          0x080008d4   Section        0  stm32f1xx_hal_dma.o(i.DMA_SetConfig)
    DMA_SetConfig                            0x080008d5   Thumb Code    44  stm32f1xx_hal_dma.o(i.DMA_SetConfig)
    i.DebugMon_Handler                       0x08000900   Section        0  stm32f1xx_it.o(i.DebugMon_Handler)
    i.HAL_ADCEx_Calibration_Start            0x08000904   Section        0  stm32f1xx_hal_adc_ex.o(i.HAL_ADCEx_Calibration_Start)
    i.HAL_ADCEx_InjectedConvCpltCallback     0x08000a08   Section        0  stm32f1xx_hal_adc_ex.o(i.HAL_ADCEx_InjectedConvCpltCallback)
    i.HAL_ADC_ConfigChannel                  0x08000a0c   Section        0  stm32f1xx_hal_adc.o(i.HAL_ADC_ConfigChannel)
    i.HAL_ADC_ConvCpltCallback               0x08000b6c   Section        0  stm32f1xx_hal_adc.o(i.HAL_ADC_ConvCpltCallback)
    i.HAL_ADC_ConvHalfCpltCallback           0x08000b6e   Section        0  stm32f1xx_hal_adc.o(i.HAL_ADC_ConvHalfCpltCallback)
    i.HAL_ADC_ErrorCallback                  0x08000b70   Section        0  stm32f1xx_hal_adc.o(i.HAL_ADC_ErrorCallback)
    i.HAL_ADC_IRQHandler                     0x08000b72   Section        0  stm32f1xx_hal_adc.o(i.HAL_ADC_IRQHandler)
    i.HAL_ADC_Init                           0x08000c94   Section        0  stm32f1xx_hal_adc.o(i.HAL_ADC_Init)
    i.HAL_ADC_LevelOutOfWindowCallback       0x08000dd8   Section        0  stm32f1xx_hal_adc.o(i.HAL_ADC_LevelOutOfWindowCallback)
    i.HAL_ADC_MspInit                        0x08000ddc   Section        0  adc.o(i.HAL_ADC_MspInit)
    i.HAL_ADC_Start_DMA                      0x08000e8c   Section        0  stm32f1xx_hal_adc.o(i.HAL_ADC_Start_DMA)
    i.HAL_CAN_ConfigFilter                   0x0800100c   Section        0  stm32f1xx_hal_can.o(i.HAL_CAN_ConfigFilter)
    i.HAL_CAN_ErrorCallback                  0x08001130   Section        0  stm32f1xx_hal_can.o(i.HAL_CAN_ErrorCallback)
    i.HAL_CAN_IRQHandler                     0x08001134   Section        0  stm32f1xx_hal_can.o(i.HAL_CAN_IRQHandler)
    i.HAL_CAN_Init                           0x08001388   Section        0  stm32f1xx_hal_can.o(i.HAL_CAN_Init)
    i.HAL_CAN_MspInit                        0x080014f8   Section        0  can.o(i.HAL_CAN_MspInit)
    i.HAL_CAN_Receive_IT                     0x0800156c   Section        0  stm32f1xx_hal_can.o(i.HAL_CAN_Receive_IT)
    i.HAL_CAN_RxCpltCallback                 0x08001678   Section        0  control_can.c.o(i.HAL_CAN_RxCpltCallback)
    i.HAL_CAN_TxCpltCallback                 0x080016c4   Section        0  stm32f1xx_hal_can.o(i.HAL_CAN_TxCpltCallback)
    i.HAL_DMA_Abort_IT                       0x080016c8   Section        0  stm32f1xx_hal_dma.o(i.HAL_DMA_Abort_IT)
    i.HAL_DMA_IRQHandler                     0x08001778   Section        0  stm32f1xx_hal_dma.o(i.HAL_DMA_IRQHandler)
    i.HAL_DMA_Init                           0x08001914   Section        0  stm32f1xx_hal_dma.o(i.HAL_DMA_Init)
    i.HAL_DMA_Start_IT                       0x08001984   Section        0  stm32f1xx_hal_dma.o(i.HAL_DMA_Start_IT)
    i.HAL_GPIO_Init                          0x08001a20   Section        0  stm32f1xx_hal_gpio.o(i.HAL_GPIO_Init)
    i.HAL_GPIO_WritePin                      0x08001d3c   Section        0  stm32f1xx_hal_gpio.o(i.HAL_GPIO_WritePin)
    i.HAL_GetTick                            0x08001d48   Section        0  stm32f1xx_hal.o(i.HAL_GetTick)
    i.HAL_IncTick                            0x08001d54   Section        0  stm32f1xx_hal.o(i.HAL_IncTick)
    i.HAL_Init                               0x08001d6c   Section        0  stm32f1xx_hal.o(i.HAL_Init)
    i.HAL_InitTick                           0x08001d94   Section        0  stm32f1xx_hal.o(i.HAL_InitTick)
    i.HAL_MspInit                            0x08001de0   Section        0  stm32f1xx_hal_msp.o(i.HAL_MspInit)
    i.HAL_NVIC_EnableIRQ                     0x08001e88   Section        0  stm32f1xx_hal_cortex.o(i.HAL_NVIC_EnableIRQ)
    i.HAL_NVIC_SetPriority                   0x08001ea2   Section        0  stm32f1xx_hal_cortex.o(i.HAL_NVIC_SetPriority)
    i.HAL_NVIC_SetPriorityGrouping           0x08001f20   Section        0  stm32f1xx_hal_cortex.o(i.HAL_NVIC_SetPriorityGrouping)
    i.HAL_RCCEx_GetPeriphCLKFreq             0x08001f48   Section        0  stm32f1xx_hal_rcc_ex.o(i.HAL_RCCEx_GetPeriphCLKFreq)
    i.HAL_RCCEx_PeriphCLKConfig              0x08002068   Section        0  stm32f1xx_hal_rcc_ex.o(i.HAL_RCCEx_PeriphCLKConfig)
    i.HAL_RCC_ClockConfig                    0x08002198   Section        0  stm32f1xx_hal_rcc.o(i.HAL_RCC_ClockConfig)
    i.HAL_RCC_GetHCLKFreq                    0x0800233c   Section        0  stm32f1xx_hal_rcc.o(i.HAL_RCC_GetHCLKFreq)
    i.HAL_RCC_GetPCLK1Freq                   0x08002348   Section        0  stm32f1xx_hal_rcc.o(i.HAL_RCC_GetPCLK1Freq)
    i.HAL_RCC_GetPCLK2Freq                   0x08002368   Section        0  stm32f1xx_hal_rcc.o(i.HAL_RCC_GetPCLK2Freq)
    i.HAL_RCC_GetSysClockFreq                0x08002388   Section        0  stm32f1xx_hal_rcc.o(i.HAL_RCC_GetSysClockFreq)
    i.HAL_RCC_OscConfig                      0x0800241c   Section        0  stm32f1xx_hal_rcc.o(i.HAL_RCC_OscConfig)
    i.HAL_SYSTICK_CLKSourceConfig            0x0800285c   Section        0  stm32f1xx_hal_cortex.o(i.HAL_SYSTICK_CLKSourceConfig)
    i.HAL_SYSTICK_Callback                   0x08002884   Section        0  stm32f1xx_hal_cortex.o(i.HAL_SYSTICK_Callback)
    i.HAL_SYSTICK_Config                     0x08002886   Section        0  stm32f1xx_hal_cortex.o(i.HAL_SYSTICK_Config)
    i.HAL_SYSTICK_IRQHandler                 0x080028ba   Section        0  stm32f1xx_hal_cortex.o(i.HAL_SYSTICK_IRQHandler)
    i.HAL_TIMEx_BreakCallback                0x080028c2   Section        0  stm32f1xx_hal_tim_ex.o(i.HAL_TIMEx_BreakCallback)
    i.HAL_TIMEx_CommutationCallback          0x080028c4   Section        0  stm32f1xx_hal_tim_ex.o(i.HAL_TIMEx_CommutationCallback)
    i.HAL_TIMEx_MasterConfigSynchronization  0x080028c6   Section        0  stm32f1xx_hal_tim_ex.o(i.HAL_TIMEx_MasterConfigSynchronization)
    i.HAL_TIM_Base_Init                      0x08002928   Section        0  stm32f1xx_hal_tim.o(i.HAL_TIM_Base_Init)
    i.HAL_TIM_Base_MspInit                   0x0800295c   Section        0  tim.o(i.HAL_TIM_Base_MspInit)
    i.HAL_TIM_Base_Start_IT                  0x08002a34   Section        0  stm32f1xx_hal_tim.o(i.HAL_TIM_Base_Start_IT)
    i.HAL_TIM_ConfigClockSource              0x08002a52   Section        0  stm32f1xx_hal_tim.o(i.HAL_TIM_ConfigClockSource)
    i.HAL_TIM_IC_CaptureCallback             0x08002b84   Section        0  stm32f1xx_hal_tim.o(i.HAL_TIM_IC_CaptureCallback)
    i.HAL_TIM_IC_ConfigChannel               0x08002b86   Section        0  stm32f1xx_hal_tim.o(i.HAL_TIM_IC_ConfigChannel)
    i.HAL_TIM_IC_Init                        0x08002c66   Section        0  stm32f1xx_hal_tim.o(i.HAL_TIM_IC_Init)
    i.HAL_TIM_IC_MspInit                     0x08002c9a   Section        0  stm32f1xx_hal_tim.o(i.HAL_TIM_IC_MspInit)
    i.HAL_TIM_IC_Start_IT                    0x08002c9c   Section        0  stm32f1xx_hal_tim.o(i.HAL_TIM_IC_Start_IT)
    i.HAL_TIM_IRQHandler                     0x08002d08   Section        0  stm32f1xx_hal_tim.o(i.HAL_TIM_IRQHandler)
    i.HAL_TIM_MspPostInit                    0x08002ea0   Section        0  tim.o(i.HAL_TIM_MspPostInit)
    i.HAL_TIM_OC_DelayElapsedCallback        0x08002f14   Section        0  stm32f1xx_hal_tim.o(i.HAL_TIM_OC_DelayElapsedCallback)
    i.HAL_TIM_PWM_ConfigChannel              0x08002f16   Section        0  stm32f1xx_hal_tim.o(i.HAL_TIM_PWM_ConfigChannel)
    i.HAL_TIM_PWM_Init                       0x0800301e   Section        0  stm32f1xx_hal_tim.o(i.HAL_TIM_PWM_Init)
    i.HAL_TIM_PWM_MspInit                    0x08003052   Section        0  stm32f1xx_hal_tim.o(i.HAL_TIM_PWM_MspInit)
    i.HAL_TIM_PWM_PulseFinishedCallback      0x08003054   Section        0  stm32f1xx_hal_tim.o(i.HAL_TIM_PWM_PulseFinishedCallback)
    i.HAL_TIM_PWM_Start                      0x08003058   Section        0  stm32f1xx_hal_tim.o(i.HAL_TIM_PWM_Start)
    i.HAL_TIM_PeriodElapsedCallback          0x08003098   Section        0  stm32f1xx_hal_tim.o(i.HAL_TIM_PeriodElapsedCallback)
    i.HAL_TIM_TriggerCallback                0x0800309a   Section        0  stm32f1xx_hal_tim.o(i.HAL_TIM_TriggerCallback)
    i.HAL_UART_ErrorCallback                 0x0800309c   Section        0  stm32f1xx_hal_uart.o(i.HAL_UART_ErrorCallback)
    i.HAL_UART_IRQHandler                    0x080030a0   Section        0  stm32f1xx_hal_uart.o(i.HAL_UART_IRQHandler)
    i.HAL_UART_Init                          0x080031ec   Section        0  stm32f1xx_hal_uart.o(i.HAL_UART_Init)
    i.HAL_UART_MspInit                       0x08003260   Section        0  usart.o(i.HAL_UART_MspInit)
    i.HAL_UART_Receive_IT                    0x08003364   Section        0  stm32f1xx_hal_uart.o(i.HAL_UART_Receive_IT)
    i.HAL_UART_RxCpltCallback                0x080033d4   Section        0  usart.o(i.HAL_UART_RxCpltCallback)
    i.HAL_UART_TxCpltCallback                0x080033f8   Section        0  stm32f1xx_hal_uart.o(i.HAL_UART_TxCpltCallback)
    i.HardFault_Handler                      0x080033fa   Section        0  stm32f1xx_it.o(i.HardFault_Handler)
    i.IIC_Init                               0x08003400   Section        0  myiic.o(i.IIC_Init)
    i.IIC_Send_Byte                          0x08003458   Section        0  myiic.o(i.IIC_Send_Byte)
    i.IIC_Start                              0x080034c0   Section        0  myiic.o(i.IIC_Start)
    i.IIC_Stop                               0x0800350c   Section        0  myiic.o(i.IIC_Stop)
    i.IIC_Wait_Ack                           0x08003558   Section        0  myiic.o(i.IIC_Wait_Ack)
    i.MCP4725_Init                           0x080035bc   Section        0  mcp4725.o(i.MCP4725_Init)
    i.MCP4725_WriteBreakData_Voltage         0x080035c4   Section        0  mcp4725.o(i.MCP4725_WriteBreakData_Voltage)
    i.MCP4725_WriteVelData_Voltage           0x08003602   Section        0  mcp4725.o(i.MCP4725_WriteVelData_Voltage)
    i.MT6813_IIC_Ack                         0x08003640   Section        0  myi2c.o(i.MT6813_IIC_Ack)
    i.MT6813_IIC_Init                        0x08003690   Section        0  myi2c.o(i.MT6813_IIC_Init)
    i.MT6813_IIC_NAck                        0x080036e8   Section        0  myi2c.o(i.MT6813_IIC_NAck)
    i.MT6813_IIC_Read_Byte                   0x08003738   Section        0  myi2c.o(i.MT6813_IIC_Read_Byte)
    i.MT6813_IIC_Send_Byte                   0x080037a8   Section        0  myi2c.o(i.MT6813_IIC_Send_Byte)
    i.MT6813_IIC_Start                       0x08003810   Section        0  myi2c.o(i.MT6813_IIC_Start)
    i.MT6813_IIC_Stop                        0x0800385c   Section        0  myi2c.o(i.MT6813_IIC_Stop)
    i.MT6813_IIC_Wait_Ack                    0x080038a8   Section        0  myi2c.o(i.MT6813_IIC_Wait_Ack)
    i.MT6813_Read_Byte                       0x0800390c   Section        0  mt6813.o(i.MT6813_Read_Byte)
    i.MT6813_init                            0x08003954   Section        0  mt6813.o(i.MT6813_init)
    i.MX_ADC1_Init                           0x08003970   Section        0  adc.o(i.MX_ADC1_Init)
    i.MX_CAN_Init                            0x080039f4   Section        0  can.o(i.MX_CAN_Init)
    i.MX_DMA_Init                            0x08003a4c   Section        0  dma.o(i.MX_DMA_Init)
    i.MX_GPIO_Init                           0x08003aa0   Section        0  gpio.o(i.MX_GPIO_Init)
    i.MX_TIM1_Init                           0x08003b6c   Section        0  tim.o(i.MX_TIM1_Init)
    i.MX_TIM2_Init                           0x08003be8   Section        0  tim.o(i.MX_TIM2_Init)
    i.MX_TIM3_Init                           0x08003ce0   Section        0  tim.o(i.MX_TIM3_Init)
    i.MX_USART1_UART_Init                    0x08003da4   Section        0  usart.o(i.MX_USART1_UART_Init)
    i.MemManage_Handler                      0x08003df0   Section        0  stm32f1xx_it.o(i.MemManage_Handler)
    i.NMI_Handler                            0x08003df4   Section        0  stm32f1xx_it.o(i.NMI_Handler)
    i.NVIC_GetPriorityGrouping               0x08003df8   Section        0  stm32f1xx_hal_cortex.o(i.NVIC_GetPriorityGrouping)
    NVIC_GetPriorityGrouping                 0x08003df9   Thumb Code    10  stm32f1xx_hal_cortex.o(i.NVIC_GetPriorityGrouping)
    i.NVIC_SetPriority                       0x08003e08   Section        0  stm32f1xx_hal_cortex.o(i.NVIC_SetPriority)
    NVIC_SetPriority                         0x08003e09   Thumb Code    32  stm32f1xx_hal_cortex.o(i.NVIC_SetPriority)
    i.PendSV_Handler                         0x08003e30   Section        0  stm32f1xx_it.o(i.PendSV_Handler)
    i.RCC_Delay                              0x08003e34   Section        0  stm32f1xx_hal_rcc.o(i.RCC_Delay)
    RCC_Delay                                0x08003e35   Thumb Code    36  stm32f1xx_hal_rcc.o(i.RCC_Delay)
    i.SVC_Handler                            0x08003e5c   Section        0  stm32f1xx_it.o(i.SVC_Handler)
    i.SysTick_Handler                        0x08003e5e   Section        0  stm32f1xx_it.o(i.SysTick_Handler)
    i.SystemClock_Config                     0x08003e6c   Section        0  main.o(i.SystemClock_Config)
    i.SystemInit                             0x08003f14   Section        0  system_stm32f1xx.o(i.SystemInit)
    i.TIM1_UP_IRQHandler                     0x08003f6c   Section        0  stm32f1xx_it.o(i.TIM1_UP_IRQHandler)
    i.TIM2_IRQHandler                        0x08003f7c   Section        0  stm32f1xx_it.o(i.TIM2_IRQHandler)
    i.TIM_Base_SetConfig                     0x08003f8c   Section        0  stm32f1xx_hal_tim.o(i.TIM_Base_SetConfig)
    i.TIM_CCxChannelCmd                      0x08004000   Section        0  stm32f1xx_hal_tim.o(i.TIM_CCxChannelCmd)
    i.TIM_ETR_SetConfig                      0x0800401c   Section        0  stm32f1xx_hal_tim.o(i.TIM_ETR_SetConfig)
    TIM_ETR_SetConfig                        0x0800401d   Thumb Code    24  stm32f1xx_hal_tim.o(i.TIM_ETR_SetConfig)
    i.TIM_ITRx_SetConfig                     0x08004034   Section        0  stm32f1xx_hal_tim.o(i.TIM_ITRx_SetConfig)
    TIM_ITRx_SetConfig                       0x08004035   Thumb Code    20  stm32f1xx_hal_tim.o(i.TIM_ITRx_SetConfig)
    i.TIM_OC1_SetConfig                      0x08004048   Section        0  stm32f1xx_hal_tim.o(i.TIM_OC1_SetConfig)
    TIM_OC1_SetConfig                        0x08004049   Thumb Code    96  stm32f1xx_hal_tim.o(i.TIM_OC1_SetConfig)
    i.TIM_OC2_SetConfig                      0x080040ac   Section        0  stm32f1xx_hal_tim.o(i.TIM_OC2_SetConfig)
    i.TIM_OC3_SetConfig                      0x0800411c   Section        0  stm32f1xx_hal_tim.o(i.TIM_OC3_SetConfig)
    TIM_OC3_SetConfig                        0x0800411d   Thumb Code   104  stm32f1xx_hal_tim.o(i.TIM_OC3_SetConfig)
    i.TIM_OC4_SetConfig                      0x08004188   Section        0  stm32f1xx_hal_tim.o(i.TIM_OC4_SetConfig)
    TIM_OC4_SetConfig                        0x08004189   Thumb Code    74  stm32f1xx_hal_tim.o(i.TIM_OC4_SetConfig)
    i.TIM_TI1_ConfigInputStage               0x080041d8   Section        0  stm32f1xx_hal_tim.o(i.TIM_TI1_ConfigInputStage)
    TIM_TI1_ConfigInputStage                 0x080041d9   Thumb Code    42  stm32f1xx_hal_tim.o(i.TIM_TI1_ConfigInputStage)
    i.TIM_TI1_SetConfig                      0x08004204   Section        0  stm32f1xx_hal_tim.o(i.TIM_TI1_SetConfig)
    i.TIM_TI2_ConfigInputStage               0x08004270   Section        0  stm32f1xx_hal_tim.o(i.TIM_TI2_ConfigInputStage)
    TIM_TI2_ConfigInputStage                 0x08004271   Thumb Code    44  stm32f1xx_hal_tim.o(i.TIM_TI2_ConfigInputStage)
    i.TIM_TI2_SetConfig                      0x0800429c   Section        0  stm32f1xx_hal_tim.o(i.TIM_TI2_SetConfig)
    TIM_TI2_SetConfig                        0x0800429d   Thumb Code    62  stm32f1xx_hal_tim.o(i.TIM_TI2_SetConfig)
    i.TIM_TI3_SetConfig                      0x080042da   Section        0  stm32f1xx_hal_tim.o(i.TIM_TI3_SetConfig)
    TIM_TI3_SetConfig                        0x080042db   Thumb Code    60  stm32f1xx_hal_tim.o(i.TIM_TI3_SetConfig)
    i.TIM_TI4_SetConfig                      0x08004316   Section        0  stm32f1xx_hal_tim.o(i.TIM_TI4_SetConfig)
    TIM_TI4_SetConfig                        0x08004317   Thumb Code    64  stm32f1xx_hal_tim.o(i.TIM_TI4_SetConfig)
    i.UART_DMAAbortOnError                   0x08004356   Section        0  stm32f1xx_hal_uart.o(i.UART_DMAAbortOnError)
    UART_DMAAbortOnError                     0x08004357   Thumb Code    20  stm32f1xx_hal_uart.o(i.UART_DMAAbortOnError)
    i.UART_EndRxTransfer                     0x0800436a   Section        0  stm32f1xx_hal_uart.o(i.UART_EndRxTransfer)
    UART_EndRxTransfer                       0x0800436b   Thumb Code    32  stm32f1xx_hal_uart.o(i.UART_EndRxTransfer)
    i.UART_EndTransmit_IT                    0x0800438a   Section        0  stm32f1xx_hal_uart.o(i.UART_EndTransmit_IT)
    UART_EndTransmit_IT                      0x0800438b   Thumb Code    32  stm32f1xx_hal_uart.o(i.UART_EndTransmit_IT)
    i.UART_Receive_IT                        0x080043aa   Section        0  stm32f1xx_hal_uart.o(i.UART_Receive_IT)
    UART_Receive_IT                          0x080043ab   Thumb Code   166  stm32f1xx_hal_uart.o(i.UART_Receive_IT)
    i.UART_SetConfig                         0x08004450   Section        0  stm32f1xx_hal_uart.o(i.UART_SetConfig)
    UART_SetConfig                           0x08004451   Thumb Code   450  stm32f1xx_hal_uart.o(i.UART_SetConfig)
    i.UART_Transmit_IT                       0x08004618   Section        0  stm32f1xx_hal_uart.o(i.UART_Transmit_IT)
    UART_Transmit_IT                         0x08004619   Thumb Code   104  stm32f1xx_hal_uart.o(i.UART_Transmit_IT)
    i.USART1_IRQHandler                      0x08004680   Section        0  stm32f1xx_it.o(i.USART1_IRQHandler)
    i.UsageFault_Handler                     0x08004690   Section        0  stm32f1xx_it.o(i.UsageFault_Handler)
    i._Error_Handler                         0x08004694   Section        0  main.o(i._Error_Handler)
    i.__scatterload_copy                     0x08004698   Section       14  handlers.o(i.__scatterload_copy)
    i.__scatterload_null                     0x080046a6   Section        2  handlers.o(i.__scatterload_null)
    i.__scatterload_zeroinit                 0x080046a8   Section       14  handlers.o(i.__scatterload_zeroinit)
    i.delay_init                             0x080046b8   Section        0  delay.o(i.delay_init)
    i.delay_ms                               0x080046cc   Section        0  delay.o(i.delay_ms)
    i.delay_us                               0x080046e4   Section        0  delay.o(i.delay_us)
    i.main                                   0x0800472c   Section        0  main.o(i.main)
    .constdata                               0x08004834   Section       24  system_stm32f1xx.o(.constdata)
    .data                                    0x20000000   Section        8  main.o(.data)
    .data                                    0x20000008   Section        8  adc.o(.data)
    .data                                    0x20000010   Section        9  stm32f1xx_hal.o(.data)
    .data                                    0x2000001c   Section        4  system_stm32f1xx.o(.data)
    .data                                    0x20000020   Section        4  delay.o(.data)
    fac_us                                   0x20000020   Data           4  delay.o(.data)
    .data                                    0x20000024   Section       11  control_can.c.o(.data)
    .bss                                     0x20000030   Section      116  adc.o(.bss)
    .bss                                     0x200000a4   Section       68  can.o(.bss)
    .bss                                     0x200000e8   Section      192  tim.o(.bss)
    .bss                                     0x200001a8   Section      200  usart.o(.bss)
    .bss                                     0x20000270   Section       64  control_can.c.o(.bss)
    STACK                                    0x200002b0   Section     1024  startup_stm32f103xb.o(STACK)

    Global Symbols

    Symbol Name                              Value     Ov Type        Size  Object(Section)

    BuildAttributes$$THM_ISAv4$P$D$K$B$S$PE$A:L22UL41UL21$X:L11$S22US41US21$IEEE1$IW$USESV6$~STKCKD$USESV7$~SHL$OTIME$ROPI$EBA8$MICROLIB$REQ8$PRES8$EABIv2 0x00000000   Number         0  anon$$obj.o ABSOLUTE
    __ARM_use_no_argv                        0x00000000   Number         0  main.o ABSOLUTE
    __cpp_initialize__aeabi_                  - Undefined Weak Reference
    __cxa_finalize                            - Undefined Weak Reference
    __decompress                              - Undefined Weak Reference
    _clock_init                               - Undefined Weak Reference
    _microlib_exit                            - Undefined Weak Reference
    __Vectors_Size                           0x000000ec   Number         0  startup_stm32f103xb.o ABSOLUTE
    __Vectors                                0x08000000   Data           4  startup_stm32f103xb.o(RESET)
    __Vectors_End                            0x080000ec   Data           0  startup_stm32f103xb.o(RESET)
    __main                                   0x080000ed   Thumb Code     0  entry.o(.ARM.Collect$$$$00000000)
    _main_stk                                0x080000ed   Thumb Code     0  entry2.o(.ARM.Collect$$$$00000001)
    _main_scatterload                        0x080000f1   Thumb Code     0  entry5.o(.ARM.Collect$$$$00000004)
    __main_after_scatterload                 0x080000f5   Thumb Code     0  entry5.o(.ARM.Collect$$$$00000004)
    _main_clock                              0x080000f5   Thumb Code     0  entry7b.o(.ARM.Collect$$$$00000008)
    _main_cpp_init                           0x080000f5   Thumb Code     0  entry8b.o(.ARM.Collect$$$$0000000A)
    _main_init                               0x080000f5   Thumb Code     0  entry9a.o(.ARM.Collect$$$$0000000B)
    __rt_final_cpp                           0x080000fd   Thumb Code     0  entry10a.o(.ARM.Collect$$$$0000000D)
    __rt_final_exit                          0x080000fd   Thumb Code     0  entry11a.o(.ARM.Collect$$$$0000000F)
    Reset_Handler                            0x08000101   Thumb Code     8  startup_stm32f103xb.o(.text)
    CAN1_SCE_IRQHandler                      0x0800011b   Thumb Code     0  startup_stm32f103xb.o(.text)
    DMA1_Channel2_IRQHandler                 0x0800011b   Thumb Code     0  startup_stm32f103xb.o(.text)
    DMA1_Channel3_IRQHandler                 0x0800011b   Thumb Code     0  startup_stm32f103xb.o(.text)
    DMA1_Channel6_IRQHandler                 0x0800011b   Thumb Code     0  startup_stm32f103xb.o(.text)
    DMA1_Channel7_IRQHandler                 0x0800011b   Thumb Code     0  startup_stm32f103xb.o(.text)
    EXTI0_IRQHandler                         0x0800011b   Thumb Code     0  startup_stm32f103xb.o(.text)
    EXTI15_10_IRQHandler                     0x0800011b   Thumb Code     0  startup_stm32f103xb.o(.text)
    EXTI1_IRQHandler                         0x0800011b   Thumb Code     0  startup_stm32f103xb.o(.text)
    EXTI2_IRQHandler                         0x0800011b   Thumb Code     0  startup_stm32f103xb.o(.text)
    EXTI3_IRQHandler                         0x0800011b   Thumb Code     0  startup_stm32f103xb.o(.text)
    EXTI4_IRQHandler                         0x0800011b   Thumb Code     0  startup_stm32f103xb.o(.text)
    EXTI9_5_IRQHandler                       0x0800011b   Thumb Code     0  startup_stm32f103xb.o(.text)
    FLASH_IRQHandler                         0x0800011b   Thumb Code     0  startup_stm32f103xb.o(.text)
    I2C1_ER_IRQHandler                       0x0800011b   Thumb Code     0  startup_stm32f103xb.o(.text)
    I2C1_EV_IRQHandler                       0x0800011b   Thumb Code     0  startup_stm32f103xb.o(.text)
    I2C2_ER_IRQHandler                       0x0800011b   Thumb Code     0  startup_stm32f103xb.o(.text)
    I2C2_EV_IRQHandler                       0x0800011b   Thumb Code     0  startup_stm32f103xb.o(.text)
    PVD_IRQHandler                           0x0800011b   Thumb Code     0  startup_stm32f103xb.o(.text)
    RCC_IRQHandler                           0x0800011b   Thumb Code     0  startup_stm32f103xb.o(.text)
    RTC_Alarm_IRQHandler                     0x0800011b   Thumb Code     0  startup_stm32f103xb.o(.text)
    RTC_IRQHandler                           0x0800011b   Thumb Code     0  startup_stm32f103xb.o(.text)
    SPI1_IRQHandler                          0x0800011b   Thumb Code     0  startup_stm32f103xb.o(.text)
    SPI2_IRQHandler                          0x0800011b   Thumb Code     0  startup_stm32f103xb.o(.text)
    TAMPER_IRQHandler                        0x0800011b   Thumb Code     0  startup_stm32f103xb.o(.text)
    TIM1_BRK_IRQHandler                      0x0800011b   Thumb Code     0  startup_stm32f103xb.o(.text)
    TIM1_CC_IRQHandler                       0x0800011b   Thumb Code     0  startup_stm32f103xb.o(.text)
    TIM1_TRG_COM_IRQHandler                  0x0800011b   Thumb Code     0  startup_stm32f103xb.o(.text)
    TIM3_IRQHandler                          0x0800011b   Thumb Code     0  startup_stm32f103xb.o(.text)
    TIM4_IRQHandler                          0x0800011b   Thumb Code     0  startup_stm32f103xb.o(.text)
    USART2_IRQHandler                        0x0800011b   Thumb Code     0  startup_stm32f103xb.o(.text)
    USART3_IRQHandler                        0x0800011b   Thumb Code     0  startup_stm32f103xb.o(.text)
    USBWakeUp_IRQHandler                     0x0800011b   Thumb Code     0  startup_stm32f103xb.o(.text)
    USB_HP_CAN1_TX_IRQHandler                0x0800011b   Thumb Code     0  startup_stm32f103xb.o(.text)
    USB_LP_CAN1_RX0_IRQHandler               0x0800011b   Thumb Code     0  startup_stm32f103xb.o(.text)
    WWDG_IRQHandler                          0x0800011b   Thumb Code     0  startup_stm32f103xb.o(.text)
    __aeabi_llsr                             0x08000125   Thumb Code    32  llushr.o(.text)
    _ll_ushift_r                             0x08000125   Thumb Code     0  llushr.o(.text)
    __aeabi_dmul                             0x08000145   Thumb Code   228  dmul.o(.text)
    __aeabi_ddiv                             0x08000229   Thumb Code   222  ddiv.o(.text)
    __aeabi_ui2d                             0x08000307   Thumb Code    26  dfltui.o(.text)
    __aeabi_d2f                              0x08000321   Thumb Code    56  d2f.o(.text)
    __I$use$fp                               0x08000359   Thumb Code     0  iusefp.o(.text)
    _float_round                             0x08000359   Thumb Code    18  fepilogue.o(.text)
    _float_epilogue                          0x0800036b   Thumb Code    92  fepilogue.o(.text)
    _double_round                            0x080003c7   Thumb Code    30  depilogue.o(.text)
    _double_epilogue                         0x080003e5   Thumb Code   156  depilogue.o(.text)
    __scatterload                            0x08000481   Thumb Code    28  init.o(.text)
    __scatterload_rt2                        0x08000481   Thumb Code     0  init.o(.text)
    __aeabi_llsl                             0x080004a5   Thumb Code    30  llshl.o(.text)
    _ll_shift_l                              0x080004a5   Thumb Code     0  llshl.o(.text)
    ADC1_2_IRQHandler                        0x080004c5   Thumb Code    10  stm32f1xx_it.o(i.ADC1_2_IRQHandler)
    ADC_ConversionStop_Disable               0x080004d5   Thumb Code    82  stm32f1xx_hal_adc.o(i.ADC_ConversionStop_Disable)
    ADC_DMAConvCplt                          0x08000527   Thumb Code    82  stm32f1xx_hal_adc.o(i.ADC_DMAConvCplt)
    ADC_DMAError                             0x08000579   Thumb Code    30  stm32f1xx_hal_adc.o(i.ADC_DMAError)
    ADC_DMAHalfConvCplt                      0x08000597   Thumb Code    14  stm32f1xx_hal_adc.o(i.ADC_DMAHalfConvCplt)
    ADC_Enable                               0x080005a5   Thumb Code   122  stm32f1xx_hal_adc.o(i.ADC_Enable)
    BusFault_Handler                         0x08000629   Thumb Code     4  stm32f1xx_it.o(i.BusFault_Handler)
    CAN1_RX1_IRQHandler                      0x0800062d   Thumb Code    10  stm32f1xx_it.o(i.CAN1_RX1_IRQHandler)
    CAN_Config_Filter                        0x0800063d   Thumb Code    56  control_can.c.o(i.CAN_Config_Filter)
    DMA1_Channel1_IRQHandler                 0x080008a5   Thumb Code    10  stm32f1xx_it.o(i.DMA1_Channel1_IRQHandler)
    DMA1_Channel4_IRQHandler                 0x080008b5   Thumb Code    10  stm32f1xx_it.o(i.DMA1_Channel4_IRQHandler)
    DMA1_Channel5_IRQHandler                 0x080008c5   Thumb Code    10  stm32f1xx_it.o(i.DMA1_Channel5_IRQHandler)
    DebugMon_Handler                         0x08000901   Thumb Code     2  stm32f1xx_it.o(i.DebugMon_Handler)
    HAL_ADCEx_Calibration_Start              0x08000905   Thumb Code   256  stm32f1xx_hal_adc_ex.o(i.HAL_ADCEx_Calibration_Start)
    HAL_ADCEx_InjectedConvCpltCallback       0x08000a09   Thumb Code     2  stm32f1xx_hal_adc_ex.o(i.HAL_ADCEx_InjectedConvCpltCallback)
    HAL_ADC_ConfigChannel                    0x08000a0d   Thumb Code   338  stm32f1xx_hal_adc.o(i.HAL_ADC_ConfigChannel)
    HAL_ADC_ConvCpltCallback                 0x08000b6d   Thumb Code     2  stm32f1xx_hal_adc.o(i.HAL_ADC_ConvCpltCallback)
    HAL_ADC_ConvHalfCpltCallback             0x08000b6f   Thumb Code     2  stm32f1xx_hal_adc.o(i.HAL_ADC_ConvHalfCpltCallback)
    HAL_ADC_ErrorCallback                    0x08000b71   Thumb Code     2  stm32f1xx_hal_adc.o(i.HAL_ADC_ErrorCallback)
    HAL_ADC_IRQHandler                       0x08000b73   Thumb Code   290  stm32f1xx_hal_adc.o(i.HAL_ADC_IRQHandler)
    HAL_ADC_Init                             0x08000c95   Thumb Code   314  stm32f1xx_hal_adc.o(i.HAL_ADC_Init)
    HAL_ADC_LevelOutOfWindowCallback         0x08000dd9   Thumb Code     2  stm32f1xx_hal_adc.o(i.HAL_ADC_LevelOutOfWindowCallback)
    HAL_ADC_MspInit                          0x08000ddd   Thumb Code   138  adc.o(i.HAL_ADC_MspInit)
    HAL_ADC_Start_DMA                        0x08000e8d   Thumb Code   362  stm32f1xx_hal_adc.o(i.HAL_ADC_Start_DMA)
    HAL_CAN_ConfigFilter                     0x0800100d   Thumb Code   292  stm32f1xx_hal_can.o(i.HAL_CAN_ConfigFilter)
    HAL_CAN_ErrorCallback                    0x08001131   Thumb Code     2  stm32f1xx_hal_can.o(i.HAL_CAN_ErrorCallback)
    HAL_CAN_IRQHandler                       0x08001135   Thumb Code   580  stm32f1xx_hal_can.o(i.HAL_CAN_IRQHandler)
    HAL_CAN_Init                             0x08001389   Thumb Code   366  stm32f1xx_hal_can.o(i.HAL_CAN_Init)
    HAL_CAN_MspInit                          0x080014f9   Thumb Code   102  can.o(i.HAL_CAN_MspInit)
    HAL_CAN_Receive_IT                       0x0800156d   Thumb Code   268  stm32f1xx_hal_can.o(i.HAL_CAN_Receive_IT)
    HAL_CAN_RxCpltCallback                   0x08001679   Thumb Code    64  control_can.c.o(i.HAL_CAN_RxCpltCallback)
    HAL_CAN_TxCpltCallback                   0x080016c5   Thumb Code     2  stm32f1xx_hal_can.o(i.HAL_CAN_TxCpltCallback)
    HAL_DMA_Abort_IT                         0x080016c9   Thumb Code   172  stm32f1xx_hal_dma.o(i.HAL_DMA_Abort_IT)
    HAL_DMA_IRQHandler                       0x08001779   Thumb Code   408  stm32f1xx_hal_dma.o(i.HAL_DMA_IRQHandler)
    HAL_DMA_Init                             0x08001915   Thumb Code   108  stm32f1xx_hal_dma.o(i.HAL_DMA_Init)
    HAL_DMA_Start_IT                         0x08001985   Thumb Code   156  stm32f1xx_hal_dma.o(i.HAL_DMA_Start_IT)
    HAL_GPIO_Init                            0x08001a21   Thumb Code   764  stm32f1xx_hal_gpio.o(i.HAL_GPIO_Init)
    HAL_GPIO_WritePin                        0x08001d3d   Thumb Code    12  stm32f1xx_hal_gpio.o(i.HAL_GPIO_WritePin)
    HAL_GetTick                              0x08001d49   Thumb Code     6  stm32f1xx_hal.o(i.HAL_GetTick)
    HAL_IncTick                              0x08001d55   Thumb Code    16  stm32f1xx_hal.o(i.HAL_IncTick)
    HAL_Init                                 0x08001d6d   Thumb Code    34  stm32f1xx_hal.o(i.HAL_Init)
    HAL_InitTick                             0x08001d95   Thumb Code    64  stm32f1xx_hal.o(i.HAL_InitTick)
    HAL_MspInit                              0x08001de1   Thumb Code   158  stm32f1xx_hal_msp.o(i.HAL_MspInit)
    HAL_NVIC_EnableIRQ                       0x08001e89   Thumb Code    26  stm32f1xx_hal_cortex.o(i.HAL_NVIC_EnableIRQ)
    HAL_NVIC_SetPriority                     0x08001ea3   Thumb Code   124  stm32f1xx_hal_cortex.o(i.HAL_NVIC_SetPriority)
    HAL_NVIC_SetPriorityGrouping             0x08001f21   Thumb Code    32  stm32f1xx_hal_cortex.o(i.HAL_NVIC_SetPriorityGrouping)
    HAL_RCCEx_GetPeriphCLKFreq               0x08001f49   Thumb Code   254  stm32f1xx_hal_rcc_ex.o(i.HAL_RCCEx_GetPeriphCLKFreq)
    HAL_RCCEx_PeriphCLKConfig                0x08002069   Thumb Code   290  stm32f1xx_hal_rcc_ex.o(i.HAL_RCCEx_PeriphCLKConfig)
    HAL_RCC_ClockConfig                      0x08002199   Thumb Code   402  stm32f1xx_hal_rcc.o(i.HAL_RCC_ClockConfig)
    HAL_RCC_GetHCLKFreq                      0x0800233d   Thumb Code     6  stm32f1xx_hal_rcc.o(i.HAL_RCC_GetHCLKFreq)
    HAL_RCC_GetPCLK1Freq                     0x08002349   Thumb Code    22  stm32f1xx_hal_rcc.o(i.HAL_RCC_GetPCLK1Freq)
    HAL_RCC_GetPCLK2Freq                     0x08002369   Thumb Code    22  stm32f1xx_hal_rcc.o(i.HAL_RCC_GetPCLK2Freq)
    HAL_RCC_GetSysClockFreq                  0x08002389   Thumb Code   116  stm32f1xx_hal_rcc.o(i.HAL_RCC_GetSysClockFreq)
    HAL_RCC_OscConfig                        0x0800241d   Thumb Code  1078  stm32f1xx_hal_rcc.o(i.HAL_RCC_OscConfig)
    HAL_SYSTICK_CLKSourceConfig              0x0800285d   Thumb Code    40  stm32f1xx_hal_cortex.o(i.HAL_SYSTICK_CLKSourceConfig)
    HAL_SYSTICK_Callback                     0x08002885   Thumb Code     2  stm32f1xx_hal_cortex.o(i.HAL_SYSTICK_Callback)
    HAL_SYSTICK_Config                       0x08002887   Thumb Code    52  stm32f1xx_hal_cortex.o(i.HAL_SYSTICK_Config)
    HAL_SYSTICK_IRQHandler                   0x080028bb   Thumb Code     8  stm32f1xx_hal_cortex.o(i.HAL_SYSTICK_IRQHandler)
    HAL_TIMEx_BreakCallback                  0x080028c3   Thumb Code     2  stm32f1xx_hal_tim_ex.o(i.HAL_TIMEx_BreakCallback)
    HAL_TIMEx_CommutationCallback            0x080028c5   Thumb Code     2  stm32f1xx_hal_tim_ex.o(i.HAL_TIMEx_CommutationCallback)
    HAL_TIMEx_MasterConfigSynchronization    0x080028c7   Thumb Code    98  stm32f1xx_hal_tim_ex.o(i.HAL_TIMEx_MasterConfigSynchronization)
    HAL_TIM_Base_Init                        0x08002929   Thumb Code    52  stm32f1xx_hal_tim.o(i.HAL_TIM_Base_Init)
    HAL_TIM_Base_MspInit                     0x0800295d   Thumb Code   194  tim.o(i.HAL_TIM_Base_MspInit)
    HAL_TIM_Base_Start_IT                    0x08002a35   Thumb Code    30  stm32f1xx_hal_tim.o(i.HAL_TIM_Base_Start_IT)
    HAL_TIM_ConfigClockSource                0x08002a53   Thumb Code   306  stm32f1xx_hal_tim.o(i.HAL_TIM_ConfigClockSource)
    HAL_TIM_IC_CaptureCallback               0x08002b85   Thumb Code     2  stm32f1xx_hal_tim.o(i.HAL_TIM_IC_CaptureCallback)
    HAL_TIM_IC_ConfigChannel                 0x08002b87   Thumb Code   224  stm32f1xx_hal_tim.o(i.HAL_TIM_IC_ConfigChannel)
    HAL_TIM_IC_Init                          0x08002c67   Thumb Code    52  stm32f1xx_hal_tim.o(i.HAL_TIM_IC_Init)
    HAL_TIM_IC_MspInit                       0x08002c9b   Thumb Code     2  stm32f1xx_hal_tim.o(i.HAL_TIM_IC_MspInit)
    HAL_TIM_IC_Start_IT                      0x08002c9d   Thumb Code   108  stm32f1xx_hal_tim.o(i.HAL_TIM_IC_Start_IT)
    HAL_TIM_IRQHandler                       0x08002d09   Thumb Code   406  stm32f1xx_hal_tim.o(i.HAL_TIM_IRQHandler)
    HAL_TIM_MspPostInit                      0x08002ea1   Thumb Code   100  tim.o(i.HAL_TIM_MspPostInit)
    HAL_TIM_OC_DelayElapsedCallback          0x08002f15   Thumb Code     2  stm32f1xx_hal_tim.o(i.HAL_TIM_OC_DelayElapsedCallback)
    HAL_TIM_PWM_ConfigChannel                0x08002f17   Thumb Code   264  stm32f1xx_hal_tim.o(i.HAL_TIM_PWM_ConfigChannel)
    HAL_TIM_PWM_Init                         0x0800301f   Thumb Code    52  stm32f1xx_hal_tim.o(i.HAL_TIM_PWM_Init)
    HAL_TIM_PWM_MspInit                      0x08003053   Thumb Code     2  stm32f1xx_hal_tim.o(i.HAL_TIM_PWM_MspInit)
    HAL_TIM_PWM_PulseFinishedCallback        0x08003055   Thumb Code     2  stm32f1xx_hal_tim.o(i.HAL_TIM_PWM_PulseFinishedCallback)
    HAL_TIM_PWM_Start                        0x08003059   Thumb Code    60  stm32f1xx_hal_tim.o(i.HAL_TIM_PWM_Start)
    HAL_TIM_PeriodElapsedCallback            0x08003099   Thumb Code     2  stm32f1xx_hal_tim.o(i.HAL_TIM_PeriodElapsedCallback)
    HAL_TIM_TriggerCallback                  0x0800309b   Thumb Code     2  stm32f1xx_hal_tim.o(i.HAL_TIM_TriggerCallback)
    HAL_UART_ErrorCallback                   0x0800309d   Thumb Code     2  stm32f1xx_hal_uart.o(i.HAL_UART_ErrorCallback)
    HAL_UART_IRQHandler                      0x080030a1   Thumb Code   326  stm32f1xx_hal_uart.o(i.HAL_UART_IRQHandler)
    HAL_UART_Init                            0x080031ed   Thumb Code   114  stm32f1xx_hal_uart.o(i.HAL_UART_Init)
    HAL_UART_MspInit                         0x08003261   Thumb Code   218  usart.o(i.HAL_UART_MspInit)
    HAL_UART_Receive_IT                      0x08003365   Thumb Code   112  stm32f1xx_hal_uart.o(i.HAL_UART_Receive_IT)
    HAL_UART_RxCpltCallback                  0x080033d5   Thumb Code    24  usart.o(i.HAL_UART_RxCpltCallback)
    HAL_UART_TxCpltCallback                  0x080033f9   Thumb Code     2  stm32f1xx_hal_uart.o(i.HAL_UART_TxCpltCallback)
    HardFault_Handler                        0x080033fb   Thumb Code     4  stm32f1xx_it.o(i.HardFault_Handler)
    IIC_Init                                 0x08003401   Thumb Code    70  myiic.o(i.IIC_Init)
    IIC_Send_Byte                            0x08003459   Thumb Code    90  myiic.o(i.IIC_Send_Byte)
    IIC_Start                                0x080034c1   Thumb Code    64  myiic.o(i.IIC_Start)
    IIC_Stop                                 0x0800350d   Thumb Code    64  myiic.o(i.IIC_Stop)
    IIC_Wait_Ack                             0x08003559   Thumb Code    86  myiic.o(i.IIC_Wait_Ack)
    MCP4725_Init                             0x080035bd   Thumb Code     8  mcp4725.o(i.MCP4725_Init)
    MCP4725_WriteBreakData_Voltage           0x080035c5   Thumb Code    62  mcp4725.o(i.MCP4725_WriteBreakData_Voltage)
    MCP4725_WriteVelData_Voltage             0x08003603   Thumb Code    62  mcp4725.o(i.MCP4725_WriteVelData_Voltage)
    MT6813_IIC_Ack                           0x08003641   Thumb Code    66  myi2c.o(i.MT6813_IIC_Ack)
    MT6813_IIC_Init                          0x08003691   Thumb Code    72  myi2c.o(i.MT6813_IIC_Init)
    MT6813_IIC_NAck                          0x080036e9   Thumb Code    66  myi2c.o(i.MT6813_IIC_NAck)
    MT6813_IIC_Read_Byte                     0x08003739   Thumb Code    98  myi2c.o(i.MT6813_IIC_Read_Byte)
    MT6813_IIC_Send_Byte                     0x080037a9   Thumb Code    90  myi2c.o(i.MT6813_IIC_Send_Byte)
    MT6813_IIC_Start                         0x08003811   Thumb Code    64  myi2c.o(i.MT6813_IIC_Start)
    MT6813_IIC_Stop                          0x0800385d   Thumb Code    64  myi2c.o(i.MT6813_IIC_Stop)
    MT6813_IIC_Wait_Ack                      0x080038a9   Thumb Code    86  myi2c.o(i.MT6813_IIC_Wait_Ack)
    MT6813_Read_Byte                         0x0800390d   Thumb Code    72  mt6813.o(i.MT6813_Read_Byte)
    MT6813_init                              0x08003955   Thumb Code    28  mt6813.o(i.MT6813_init)
    MX_ADC1_Init                             0x08003971   Thumb Code   108  adc.o(i.MX_ADC1_Init)
    MX_CAN_Init                              0x080039f5   Thumb Code    62  can.o(i.MX_CAN_Init)
    MX_DMA_Init                              0x08003a4d   Thumb Code    80  dma.o(i.MX_DMA_Init)
    MX_GPIO_Init                             0x08003aa1   Thumb Code   192  gpio.o(i.MX_GPIO_Init)
    MX_TIM1_Init                             0x08003b6d   Thumb Code   100  tim.o(i.MX_TIM1_Init)
    MX_TIM2_Init                             0x08003be9   Thumb Code   226  tim.o(i.MX_TIM2_Init)
    MX_TIM3_Init                             0x08003ce1   Thumb Code   172  tim.o(i.MX_TIM3_Init)
    MX_USART1_UART_Init                      0x08003da5   Thumb Code    50  usart.o(i.MX_USART1_UART_Init)
    MemManage_Handler                        0x08003df1   Thumb Code     4  stm32f1xx_it.o(i.MemManage_Handler)
    NMI_Handler                              0x08003df5   Thumb Code     2  stm32f1xx_it.o(i.NMI_Handler)
    PendSV_Handler                           0x08003e31   Thumb Code     2  stm32f1xx_it.o(i.PendSV_Handler)
    SVC_Handler                              0x08003e5d   Thumb Code     2  stm32f1xx_it.o(i.SVC_Handler)
    SysTick_Handler                          0x08003e5f   Thumb Code    12  stm32f1xx_it.o(i.SysTick_Handler)
    SystemClock_Config                       0x08003e6d   Thumb Code   152  main.o(i.SystemClock_Config)
    SystemInit                               0x08003f15   Thumb Code    70  system_stm32f1xx.o(i.SystemInit)
    TIM1_UP_IRQHandler                       0x08003f6d   Thumb Code    10  stm32f1xx_it.o(i.TIM1_UP_IRQHandler)
    TIM2_IRQHandler                          0x08003f7d   Thumb Code    10  stm32f1xx_it.o(i.TIM2_IRQHandler)
    TIM_Base_SetConfig                       0x08003f8d   Thumb Code   102  stm32f1xx_hal_tim.o(i.TIM_Base_SetConfig)
    TIM_CCxChannelCmd                        0x08004001   Thumb Code    28  stm32f1xx_hal_tim.o(i.TIM_CCxChannelCmd)
    TIM_OC2_SetConfig                        0x080040ad   Thumb Code   106  stm32f1xx_hal_tim.o(i.TIM_OC2_SetConfig)
    TIM_TI1_SetConfig                        0x08004205   Thumb Code    94  stm32f1xx_hal_tim.o(i.TIM_TI1_SetConfig)
    USART1_IRQHandler                        0x08004681   Thumb Code    10  stm32f1xx_it.o(i.USART1_IRQHandler)
    UsageFault_Handler                       0x08004691   Thumb Code     4  stm32f1xx_it.o(i.UsageFault_Handler)
    _Error_Handler                           0x08004695   Thumb Code     4  main.o(i._Error_Handler)
    __scatterload_copy                       0x08004699   Thumb Code    14  handlers.o(i.__scatterload_copy)
    __scatterload_null                       0x080046a7   Thumb Code     2  handlers.o(i.__scatterload_null)
    __scatterload_zeroinit                   0x080046a9   Thumb Code    14  handlers.o(i.__scatterload_zeroinit)
    delay_init                               0x080046b9   Thumb Code    16  delay.o(i.delay_init)
    delay_ms                                 0x080046cd   Thumb Code    24  delay.o(i.delay_ms)
    delay_us                                 0x080046e5   Thumb Code    68  delay.o(i.delay_us)
    main                                     0x0800472d   Thumb Code   220  main.o(i.main)
    AHBPrescTable                            0x08004834   Data          16  system_stm32f1xx.o(.constdata)
    APBPrescTable                            0x08004844   Data           8  system_stm32f1xx.o(.constdata)
    Region$$Table$$Base                      0x0800484c   Number         0  anon$$obj.o(Region$$Table)
    Region$$Table$$Limit                     0x0800486c   Number         0  anon$$obj.o(Region$$Table)
    rx                                       0x20000000   Data           1  main.o(.data)
    val                                      0x20000004   Data           4  main.o(.data)
    ADC_RX                                   0x20000008   Data           8  adc.o(.data)
    uwTick                                   0x20000010   Data           4  stm32f1xx_hal.o(.data)
    uwTickPrio                               0x20000014   Data           4  stm32f1xx_hal.o(.data)
    uwTickFreq                               0x20000018   Data           1  stm32f1xx_hal.o(.data)
    SystemCoreClock                          0x2000001c   Data           4  system_stm32f1xx.o(.data)
    CAN_RX                                   0x20000024   Data           8  control_can.c.o(.data)
    CAN_TX                                   0x2000002c   Data           2  control_can.c.o(.data)
    CAN_RX_Flag                              0x2000002e   Data           1  control_can.c.o(.data)
    hadc1                                    0x20000030   Data          48  adc.o(.bss)
    hdma_adc1                                0x20000060   Data          68  adc.o(.bss)
    hcan                                     0x200000a4   Data          68  can.o(.bss)
    htim1                                    0x200000e8   Data          64  tim.o(.bss)
    htim2                                    0x20000128   Data          64  tim.o(.bss)
    htim3                                    0x20000168   Data          64  tim.o(.bss)
    huart1                                   0x200001a8   Data          64  usart.o(.bss)
    hdma_usart1_rx                           0x200001e8   Data          68  usart.o(.bss)
    hdma_usart1_tx                           0x2000022c   Data          68  usart.o(.bss)
    CANTxMsg                                 0x20000270   Data          28  control_can.c.o(.bss)
    CANRxMsg                                 0x2000028c   Data          36  control_can.c.o(.bss)
    __initial_sp                             0x200006b0   Data           0  startup_stm32f103xb.o(STACK)



==============================================================================

Memory Map of the image

  Image Entry point : 0x080000ed

  Load Region LR_IROM1 (Base: 0x08000000, Size: 0x0000489c, Max: 0x00010000, ABSOLUTE)

    Execution Region ER_IROM1 (Exec base: 0x08000000, Load base: 0x08000000, Size: 0x0000486c, Max: 0x00010000, ABSOLUTE)

    Exec Addr    Load Addr    Size         Type   Attr      Idx    E Section Name        Object

    0x08000000   0x08000000   0x000000ec   Data   RO            3    RESET               startup_stm32f103xb.o
    0x080000ec   0x080000ec   0x00000000   Code   RO         3632  * .ARM.Collect$$$$00000000  mc_w.l(entry.o)
    0x080000ec   0x080000ec   0x00000004   Code   RO         3657    .ARM.Collect$$$$00000001  mc_w.l(entry2.o)
    0x080000f0   0x080000f0   0x00000004   Code   RO         3660    .ARM.Collect$$$$00000004  mc_w.l(entry5.o)
    0x080000f4   0x080000f4   0x00000000   Code   RO         3662    .ARM.Collect$$$$00000008  mc_w.l(entry7b.o)
    0x080000f4   0x080000f4   0x00000000   Code   RO         3664    .ARM.Collect$$$$0000000A  mc_w.l(entry8b.o)
    0x080000f4   0x080000f4   0x00000008   Code   RO         3665    .ARM.Collect$$$$0000000B  mc_w.l(entry9a.o)
    0x080000fc   0x080000fc   0x00000000   Code   RO         3667    .ARM.Collect$$$$0000000D  mc_w.l(entry10a.o)
    0x080000fc   0x080000fc   0x00000000   Code   RO         3669    .ARM.Collect$$$$0000000F  mc_w.l(entry11a.o)
    0x080000fc   0x080000fc   0x00000004   Code   RO         3658    .ARM.Collect$$$$00002712  mc_w.l(entry2.o)
    0x08000100   0x08000100   0x00000024   Code   RO            4    .text               startup_stm32f103xb.o
    0x08000124   0x08000124   0x00000020   Code   RO         3635    .text               mc_w.l(llushr.o)
    0x08000144   0x08000144   0x000000e4   Code   RO         3641    .text               mf_w.l(dmul.o)
    0x08000228   0x08000228   0x000000de   Code   RO         3643    .text               mf_w.l(ddiv.o)
    0x08000306   0x08000306   0x0000001a   Code   RO         3649    .text               mf_w.l(dfltui.o)
    0x08000320   0x08000320   0x00000038   Code   RO         3653    .text               mf_w.l(d2f.o)
    0x08000358   0x08000358   0x00000000   Code   RO         3671    .text               mc_w.l(iusefp.o)
    0x08000358   0x08000358   0x0000006e   Code   RO         3672    .text               mf_w.l(fepilogue.o)
    0x080003c6   0x080003c6   0x000000ba   Code   RO         3674    .text               mf_w.l(depilogue.o)
    0x08000480   0x08000480   0x00000024   Code   RO         3676    .text               mc_w.l(init.o)
    0x080004a4   0x080004a4   0x0000001e   Code   RO         3678    .text               mc_w.l(llshl.o)
    0x080004c2   0x080004c2   0x00000002   PAD
    0x080004c4   0x080004c4   0x00000010   Code   RO          433    i.ADC1_2_IRQHandler  stm32f1xx_it.o
    0x080004d4   0x080004d4   0x00000052   Code   RO          617    i.ADC_ConversionStop_Disable  stm32f1xx_hal_adc.o
    0x08000526   0x08000526   0x00000052   Code   RO          618    i.ADC_DMAConvCplt   stm32f1xx_hal_adc.o
    0x08000578   0x08000578   0x0000001e   Code   RO          619    i.ADC_DMAError      stm32f1xx_hal_adc.o
    0x08000596   0x08000596   0x0000000e   Code   RO          620    i.ADC_DMAHalfConvCplt  stm32f1xx_hal_adc.o
    0x080005a4   0x080005a4   0x00000084   Code   RO          621    i.ADC_Enable        stm32f1xx_hal_adc.o
    0x08000628   0x08000628   0x00000004   Code   RO          434    i.BusFault_Handler  stm32f1xx_it.o
    0x0800062c   0x0800062c   0x00000010   Code   RO          435    i.CAN1_RX1_IRQHandler  stm32f1xx_it.o
    0x0800063c   0x0800063c   0x00000044   Code   RO         3372    i.CAN_Config_Filter  control_can.c.o
    0x08000680   0x08000680   0x000001c2   Code   RO          893    i.CAN_Receive_IT    stm32f1xx_hal_can.o
    0x08000842   0x08000842   0x00000062   Code   RO          894    i.CAN_Transmit_IT   stm32f1xx_hal_can.o
    0x080008a4   0x080008a4   0x00000010   Code   RO          436    i.DMA1_Channel1_IRQHandler  stm32f1xx_it.o
    0x080008b4   0x080008b4   0x00000010   Code   RO          437    i.DMA1_Channel4_IRQHandler  stm32f1xx_it.o
    0x080008c4   0x080008c4   0x00000010   Code   RO          438    i.DMA1_Channel5_IRQHandler  stm32f1xx_it.o
    0x080008d4   0x080008d4   0x0000002c   Code   RO         2596    i.DMA_SetConfig     stm32f1xx_hal_dma.o
    0x08000900   0x08000900   0x00000002   Code   RO          439    i.DebugMon_Handler  stm32f1xx_it.o
    0x08000902   0x08000902   0x00000002   PAD
    0x08000904   0x08000904   0x00000104   Code   RO          797    i.HAL_ADCEx_Calibration_Start  stm32f1xx_hal_adc_ex.o
    0x08000a08   0x08000a08   0x00000002   Code   RO          799    i.HAL_ADCEx_InjectedConvCpltCallback  stm32f1xx_hal_adc_ex.o
    0x08000a0a   0x08000a0a   0x00000002   PAD
    0x08000a0c   0x08000a0c   0x00000160   Code   RO          623    i.HAL_ADC_ConfigChannel  stm32f1xx_hal_adc.o
    0x08000b6c   0x08000b6c   0x00000002   Code   RO          624    i.HAL_ADC_ConvCpltCallback  stm32f1xx_hal_adc.o
    0x08000b6e   0x08000b6e   0x00000002   Code   RO          625    i.HAL_ADC_ConvHalfCpltCallback  stm32f1xx_hal_adc.o
    0x08000b70   0x08000b70   0x00000002   Code   RO          627    i.HAL_ADC_ErrorCallback  stm32f1xx_hal_adc.o
    0x08000b72   0x08000b72   0x00000122   Code   RO          631    i.HAL_ADC_IRQHandler  stm32f1xx_hal_adc.o
    0x08000c94   0x08000c94   0x00000144   Code   RO          632    i.HAL_ADC_Init      stm32f1xx_hal_adc.o
    0x08000dd8   0x08000dd8   0x00000002   Code   RO          633    i.HAL_ADC_LevelOutOfWindowCallback  stm32f1xx_hal_adc.o
    0x08000dda   0x08000dda   0x00000002   PAD
    0x08000ddc   0x08000ddc   0x000000b0   Code   RO          210    i.HAL_ADC_MspInit   adc.o
    0x08000e8c   0x08000e8c   0x00000180   Code   RO          639    i.HAL_ADC_Start_DMA  stm32f1xx_hal_adc.o
    0x0800100c   0x0800100c   0x00000124   Code   RO          895    i.HAL_CAN_ConfigFilter  stm32f1xx_hal_can.o
    0x08001130   0x08001130   0x00000002   Code   RO          897    i.HAL_CAN_ErrorCallback  stm32f1xx_hal_can.o
    0x08001132   0x08001132   0x00000002   PAD
    0x08001134   0x08001134   0x00000254   Code   RO          900    i.HAL_CAN_IRQHandler  stm32f1xx_hal_can.o
    0x08001388   0x08001388   0x0000016e   Code   RO          901    i.HAL_CAN_Init      stm32f1xx_hal_can.o
    0x080014f6   0x080014f6   0x00000002   PAD
    0x080014f8   0x080014f8   0x00000074   Code   RO          253    i.HAL_CAN_MspInit   can.o
    0x0800156c   0x0800156c   0x0000010c   Code   RO          905    i.HAL_CAN_Receive_IT  stm32f1xx_hal_can.o
    0x08001678   0x08001678   0x0000004c   Code   RO         3374    i.HAL_CAN_RxCpltCallback  control_can.c.o
    0x080016c4   0x080016c4   0x00000002   Code   RO          910    i.HAL_CAN_TxCpltCallback  stm32f1xx_hal_can.o
    0x080016c6   0x080016c6   0x00000002   PAD
    0x080016c8   0x080016c8   0x000000b0   Code   RO         2598    i.HAL_DMA_Abort_IT  stm32f1xx_hal_dma.o
    0x08001778   0x08001778   0x0000019c   Code   RO         2602    i.HAL_DMA_IRQHandler  stm32f1xx_hal_dma.o
    0x08001914   0x08001914   0x00000070   Code   RO         2603    i.HAL_DMA_Init      stm32f1xx_hal_dma.o
    0x08001984   0x08001984   0x0000009c   Code   RO         2607    i.HAL_DMA_Start_IT  stm32f1xx_hal_dma.o
    0x08001a20   0x08001a20   0x0000031c   Code   RO         2533    i.HAL_GPIO_Init     stm32f1xx_hal_gpio.o
    0x08001d3c   0x08001d3c   0x0000000c   Code   RO         2537    i.HAL_GPIO_WritePin  stm32f1xx_hal_gpio.o
    0x08001d48   0x08001d48   0x0000000c   Code   RO         2239    i.HAL_GetTick       stm32f1xx_hal.o
    0x08001d54   0x08001d54   0x00000018   Code   RO         2243    i.HAL_IncTick       stm32f1xx_hal.o
    0x08001d6c   0x08001d6c   0x00000028   Code   RO         2244    i.HAL_Init          stm32f1xx_hal.o
    0x08001d94   0x08001d94   0x0000004c   Code   RO         2245    i.HAL_InitTick      stm32f1xx_hal.o
    0x08001de0   0x08001de0   0x000000a8   Code   RO          557    i.HAL_MspInit       stm32f1xx_hal_msp.o
    0x08001e88   0x08001e88   0x0000001a   Code   RO         2693    i.HAL_NVIC_EnableIRQ  stm32f1xx_hal_cortex.o
    0x08001ea2   0x08001ea2   0x0000007c   Code   RO         2699    i.HAL_NVIC_SetPriority  stm32f1xx_hal_cortex.o
    0x08001f1e   0x08001f1e   0x00000002   PAD
    0x08001f20   0x08001f20   0x00000028   Code   RO         2700    i.HAL_NVIC_SetPriorityGrouping  stm32f1xx_hal_cortex.o
    0x08001f48   0x08001f48   0x00000120   Code   RO         2495    i.HAL_RCCEx_GetPeriphCLKFreq  stm32f1xx_hal_rcc_ex.o
    0x08002068   0x08002068   0x00000130   Code   RO         2496    i.HAL_RCCEx_PeriphCLKConfig  stm32f1xx_hal_rcc_ex.o
    0x08002198   0x08002198   0x000001a4   Code   RO         2388    i.HAL_RCC_ClockConfig  stm32f1xx_hal_rcc.o
    0x0800233c   0x0800233c   0x0000000c   Code   RO         2393    i.HAL_RCC_GetHCLKFreq  stm32f1xx_hal_rcc.o
    0x08002348   0x08002348   0x00000020   Code   RO         2395    i.HAL_RCC_GetPCLK1Freq  stm32f1xx_hal_rcc.o
    0x08002368   0x08002368   0x00000020   Code   RO         2396    i.HAL_RCC_GetPCLK2Freq  stm32f1xx_hal_rcc.o
    0x08002388   0x08002388   0x00000094   Code   RO         2397    i.HAL_RCC_GetSysClockFreq  stm32f1xx_hal_rcc.o
    0x0800241c   0x0800241c   0x00000440   Code   RO         2400    i.HAL_RCC_OscConfig  stm32f1xx_hal_rcc.o
    0x0800285c   0x0800285c   0x00000028   Code   RO         2702    i.HAL_SYSTICK_CLKSourceConfig  stm32f1xx_hal_cortex.o
    0x08002884   0x08002884   0x00000002   Code   RO         2703    i.HAL_SYSTICK_Callback  stm32f1xx_hal_cortex.o
    0x08002886   0x08002886   0x00000034   Code   RO         2704    i.HAL_SYSTICK_Config  stm32f1xx_hal_cortex.o
    0x080028ba   0x080028ba   0x00000008   Code   RO         2705    i.HAL_SYSTICK_IRQHandler  stm32f1xx_hal_cortex.o
    0x080028c2   0x080028c2   0x00000002   Code   RO         1664    i.HAL_TIMEx_BreakCallback  stm32f1xx_hal_tim_ex.o
    0x080028c4   0x080028c4   0x00000002   Code   RO         1665    i.HAL_TIMEx_CommutationCallback  stm32f1xx_hal_tim_ex.o
    0x080028c6   0x080028c6   0x00000062   Code   RO         1681    i.HAL_TIMEx_MasterConfigSynchronization  stm32f1xx_hal_tim_ex.o
    0x08002928   0x08002928   0x00000034   Code   RO         1025    i.HAL_TIM_Base_Init  stm32f1xx_hal_tim.o
    0x0800295c   0x0800295c   0x000000d8   Code   RO          319    i.HAL_TIM_Base_MspInit  tim.o
    0x08002a34   0x08002a34   0x0000001e   Code   RO         1030    i.HAL_TIM_Base_Start_IT  stm32f1xx_hal_tim.o
    0x08002a52   0x08002a52   0x00000132   Code   RO         1034    i.HAL_TIM_ConfigClockSource  stm32f1xx_hal_tim.o
    0x08002b84   0x08002b84   0x00000002   Code   RO         1054    i.HAL_TIM_IC_CaptureCallback  stm32f1xx_hal_tim.o
    0x08002b86   0x08002b86   0x000000e0   Code   RO         1055    i.HAL_TIM_IC_ConfigChannel  stm32f1xx_hal_tim.o
    0x08002c66   0x08002c66   0x00000034   Code   RO         1058    i.HAL_TIM_IC_Init   stm32f1xx_hal_tim.o
    0x08002c9a   0x08002c9a   0x00000002   Code   RO         1060    i.HAL_TIM_IC_MspInit  stm32f1xx_hal_tim.o
    0x08002c9c   0x08002c9c   0x0000006c   Code   RO         1063    i.HAL_TIM_IC_Start_IT  stm32f1xx_hal_tim.o
    0x08002d08   0x08002d08   0x00000196   Code   RO         1067    i.HAL_TIM_IRQHandler  stm32f1xx_hal_tim.o
    0x08002e9e   0x08002e9e   0x00000002   PAD
    0x08002ea0   0x08002ea0   0x00000074   Code   RO          320    i.HAL_TIM_MspPostInit  tim.o
    0x08002f14   0x08002f14   0x00000002   Code   RO         1070    i.HAL_TIM_OC_DelayElapsedCallback  stm32f1xx_hal_tim.o
    0x08002f16   0x08002f16   0x00000108   Code   RO         1091    i.HAL_TIM_PWM_ConfigChannel  stm32f1xx_hal_tim.o
    0x0800301e   0x0800301e   0x00000034   Code   RO         1094    i.HAL_TIM_PWM_Init  stm32f1xx_hal_tim.o
    0x08003052   0x08003052   0x00000002   Code   RO         1096    i.HAL_TIM_PWM_MspInit  stm32f1xx_hal_tim.o
    0x08003054   0x08003054   0x00000002   Code   RO         1097    i.HAL_TIM_PWM_PulseFinishedCallback  stm32f1xx_hal_tim.o
    0x08003056   0x08003056   0x00000002   PAD
    0x08003058   0x08003058   0x00000040   Code   RO         1098    i.HAL_TIM_PWM_Start  stm32f1xx_hal_tim.o
    0x08003098   0x08003098   0x00000002   Code   RO         1104    i.HAL_TIM_PeriodElapsedCallback  stm32f1xx_hal_tim.o
    0x0800309a   0x0800309a   0x00000002   Code   RO         1108    i.HAL_TIM_TriggerCallback  stm32f1xx_hal_tim.o
    0x0800309c   0x0800309c   0x00000002   Code   RO         1918    i.HAL_UART_ErrorCallback  stm32f1xx_hal_uart.o
    0x0800309e   0x0800309e   0x00000002   PAD
    0x080030a0   0x080030a0   0x0000014c   Code   RO         1921    i.HAL_UART_IRQHandler  stm32f1xx_hal_uart.o
    0x080031ec   0x080031ec   0x00000072   Code   RO         1922    i.HAL_UART_Init     stm32f1xx_hal_uart.o
    0x0800325e   0x0800325e   0x00000002   PAD
    0x08003260   0x08003260   0x00000104   Code   RO          379    i.HAL_UART_MspInit  usart.o
    0x08003364   0x08003364   0x00000070   Code   RO         1927    i.HAL_UART_Receive_IT  stm32f1xx_hal_uart.o
    0x080033d4   0x080033d4   0x00000024   Code   RO          380    i.HAL_UART_RxCpltCallback  usart.o
    0x080033f8   0x080033f8   0x00000002   Code   RO         1933    i.HAL_UART_TxCpltCallback  stm32f1xx_hal_uart.o
    0x080033fa   0x080033fa   0x00000004   Code   RO          440    i.HardFault_Handler  stm32f1xx_it.o
    0x080033fe   0x080033fe   0x00000002   PAD
    0x08003400   0x08003400   0x00000058   Code   RO         3570    i.IIC_Init          myiic.o
    0x08003458   0x08003458   0x00000068   Code   RO         3573    i.IIC_Send_Byte     myiic.o
    0x080034c0   0x080034c0   0x0000004c   Code   RO         3574    i.IIC_Start         myiic.o
    0x0800350c   0x0800350c   0x0000004c   Code   RO         3575    i.IIC_Stop          myiic.o
    0x08003558   0x08003558   0x00000064   Code   RO         3576    i.IIC_Wait_Ack      myiic.o
    0x080035bc   0x080035bc   0x00000008   Code   RO         3419    i.MCP4725_Init      mcp4725.o
    0x080035c4   0x080035c4   0x0000003e   Code   RO         3420    i.MCP4725_WriteBreakData_Voltage  mcp4725.o
    0x08003602   0x08003602   0x0000003e   Code   RO         3421    i.MCP4725_WriteVelData_Voltage  mcp4725.o
    0x08003640   0x08003640   0x00000050   Code   RO         3503    i.MT6813_IIC_Ack    myi2c.o
    0x08003690   0x08003690   0x00000058   Code   RO         3504    i.MT6813_IIC_Init   myi2c.o
    0x080036e8   0x080036e8   0x00000050   Code   RO         3505    i.MT6813_IIC_NAck   myi2c.o
    0x08003738   0x08003738   0x00000070   Code   RO         3506    i.MT6813_IIC_Read_Byte  myi2c.o
    0x080037a8   0x080037a8   0x00000068   Code   RO         3507    i.MT6813_IIC_Send_Byte  myi2c.o
    0x08003810   0x08003810   0x0000004c   Code   RO         3508    i.MT6813_IIC_Start  myi2c.o
    0x0800385c   0x0800385c   0x0000004c   Code   RO         3509    i.MT6813_IIC_Stop   myi2c.o
    0x080038a8   0x080038a8   0x00000064   Code   RO         3510    i.MT6813_IIC_Wait_Ack  myi2c.o
    0x0800390c   0x0800390c   0x00000048   Code   RO         3459    i.MT6813_Read_Byte  mt6813.o
    0x08003954   0x08003954   0x0000001c   Code   RO         3461    i.MT6813_init       mt6813.o
    0x08003970   0x08003970   0x00000084   Code   RO          211    i.MX_ADC1_Init      adc.o
    0x080039f4   0x080039f4   0x00000058   Code   RO          254    i.MX_CAN_Init       can.o
    0x08003a4c   0x08003a4c   0x00000054   Code   RO          294    i.MX_DMA_Init       dma.o
    0x08003aa0   0x08003aa0   0x000000cc   Code   RO          185    i.MX_GPIO_Init      gpio.o
    0x08003b6c   0x08003b6c   0x0000007c   Code   RO          321    i.MX_TIM1_Init      tim.o
    0x08003be8   0x08003be8   0x000000f8   Code   RO          322    i.MX_TIM2_Init      tim.o
    0x08003ce0   0x08003ce0   0x000000c4   Code   RO          323    i.MX_TIM3_Init      tim.o
    0x08003da4   0x08003da4   0x0000004c   Code   RO          381    i.MX_USART1_UART_Init  usart.o
    0x08003df0   0x08003df0   0x00000004   Code   RO          441    i.MemManage_Handler  stm32f1xx_it.o
    0x08003df4   0x08003df4   0x00000002   Code   RO          442    i.NMI_Handler       stm32f1xx_it.o
    0x08003df6   0x08003df6   0x00000002   PAD
    0x08003df8   0x08003df8   0x00000010   Code   RO         2706    i.NVIC_GetPriorityGrouping  stm32f1xx_hal_cortex.o
    0x08003e08   0x08003e08   0x00000028   Code   RO         2707    i.NVIC_SetPriority  stm32f1xx_hal_cortex.o
    0x08003e30   0x08003e30   0x00000002   Code   RO          443    i.PendSV_Handler    stm32f1xx_it.o
    0x08003e32   0x08003e32   0x00000002   PAD
    0x08003e34   0x08003e34   0x00000028   Code   RO         2401    i.RCC_Delay         stm32f1xx_hal_rcc.o
    0x08003e5c   0x08003e5c   0x00000002   Code   RO          444    i.SVC_Handler       stm32f1xx_it.o
    0x08003e5e   0x08003e5e   0x0000000c   Code   RO          445    i.SysTick_Handler   stm32f1xx_it.o
    0x08003e6a   0x08003e6a   0x00000002   PAD
    0x08003e6c   0x08003e6c   0x000000a8   Code   RO           13    i.SystemClock_Config  main.o
    0x08003f14   0x08003f14   0x00000058   Code   RO         3148    i.SystemInit        system_stm32f1xx.o
    0x08003f6c   0x08003f6c   0x00000010   Code   RO          446    i.TIM1_UP_IRQHandler  stm32f1xx_it.o
    0x08003f7c   0x08003f7c   0x00000010   Code   RO          447    i.TIM2_IRQHandler   stm32f1xx_it.o
    0x08003f8c   0x08003f8c   0x00000074   Code   RO         1109    i.TIM_Base_SetConfig  stm32f1xx_hal_tim.o
    0x08004000   0x08004000   0x0000001c   Code   RO         1110    i.TIM_CCxChannelCmd  stm32f1xx_hal_tim.o
    0x0800401c   0x0800401c   0x00000018   Code   RO         1116    i.TIM_ETR_SetConfig  stm32f1xx_hal_tim.o
    0x08004034   0x08004034   0x00000014   Code   RO         1117    i.TIM_ITRx_SetConfig  stm32f1xx_hal_tim.o
    0x08004048   0x08004048   0x00000064   Code   RO         1118    i.TIM_OC1_SetConfig  stm32f1xx_hal_tim.o
    0x080040ac   0x080040ac   0x00000070   Code   RO         1119    i.TIM_OC2_SetConfig  stm32f1xx_hal_tim.o
    0x0800411c   0x0800411c   0x0000006c   Code   RO         1120    i.TIM_OC3_SetConfig  stm32f1xx_hal_tim.o
    0x08004188   0x08004188   0x00000050   Code   RO         1121    i.TIM_OC4_SetConfig  stm32f1xx_hal_tim.o
    0x080041d8   0x080041d8   0x0000002a   Code   RO         1123    i.TIM_TI1_ConfigInputStage  stm32f1xx_hal_tim.o
    0x08004202   0x08004202   0x00000002   PAD
    0x08004204   0x08004204   0x0000006c   Code   RO         1124    i.TIM_TI1_SetConfig  stm32f1xx_hal_tim.o
    0x08004270   0x08004270   0x0000002c   Code   RO         1125    i.TIM_TI2_ConfigInputStage  stm32f1xx_hal_tim.o
    0x0800429c   0x0800429c   0x0000003e   Code   RO         1126    i.TIM_TI2_SetConfig  stm32f1xx_hal_tim.o
    0x080042da   0x080042da   0x0000003c   Code   RO         1127    i.TIM_TI3_SetConfig  stm32f1xx_hal_tim.o
    0x08004316   0x08004316   0x00000040   Code   RO         1128    i.TIM_TI4_SetConfig  stm32f1xx_hal_tim.o
    0x08004356   0x08004356   0x00000014   Code   RO         1935    i.UART_DMAAbortOnError  stm32f1xx_hal_uart.o
    0x0800436a   0x0800436a   0x00000020   Code   RO         1945    i.UART_EndRxTransfer  stm32f1xx_hal_uart.o
    0x0800438a   0x0800438a   0x00000020   Code   RO         1946    i.UART_EndTransmit_IT  stm32f1xx_hal_uart.o
    0x080043aa   0x080043aa   0x000000a6   Code   RO         1948    i.UART_Receive_IT   stm32f1xx_hal_uart.o
    0x08004450   0x08004450   0x000001c8   Code   RO         1949    i.UART_SetConfig    stm32f1xx_hal_uart.o
    0x08004618   0x08004618   0x00000068   Code   RO         1950    i.UART_Transmit_IT  stm32f1xx_hal_uart.o
    0x08004680   0x08004680   0x00000010   Code   RO          448    i.USART1_IRQHandler  stm32f1xx_it.o
    0x08004690   0x08004690   0x00000004   Code   RO          449    i.UsageFault_Handler  stm32f1xx_it.o
    0x08004694   0x08004694   0x00000004   Code   RO           14    i._Error_Handler    main.o
    0x08004698   0x08004698   0x0000000e   Code   RO         3682    i.__scatterload_copy  mc_w.l(handlers.o)
    0x080046a6   0x080046a6   0x00000002   Code   RO         3683    i.__scatterload_null  mc_w.l(handlers.o)
    0x080046a8   0x080046a8   0x0000000e   Code   RO         3684    i.__scatterload_zeroinit  mc_w.l(handlers.o)
    0x080046b6   0x080046b6   0x00000002   PAD
    0x080046b8   0x080046b8   0x00000014   Code   RO         3334    i.delay_init        delay.o
    0x080046cc   0x080046cc   0x00000018   Code   RO         3335    i.delay_ms          delay.o
    0x080046e4   0x080046e4   0x00000048   Code   RO         3336    i.delay_us          delay.o
    0x0800472c   0x0800472c   0x00000108   Code   RO           15    i.main              main.o
    0x08004834   0x08004834   0x00000018   Data   RO         3149    .constdata          system_stm32f1xx.o
    0x0800484c   0x0800484c   0x00000020   Data   RO         3680    Region$$Table       anon$$obj.o


    Execution Region RW_IRAM1 (Exec base: 0x20000000, Load base: 0x0800486c, Size: 0x000006b0, Max: 0x00005000, ABSOLUTE)

    Exec Addr    Load Addr    Size         Type   Attr      Idx    E Section Name        Object

    0x20000000   0x0800486c   0x00000008   Data   RW           16    .data               main.o
    0x20000008   0x08004874   0x00000008   Data   RW          213    .data               adc.o
    0x20000010   0x0800487c   0x00000009   Data   RW         2251    .data               stm32f1xx_hal.o
    0x20000019   0x08004885   0x00000003   PAD
    0x2000001c   0x08004888   0x00000004   Data   RW         3150    .data               system_stm32f1xx.o
    0x20000020   0x0800488c   0x00000004   Data   RW         3337    .data               delay.o
    0x20000024   0x08004890   0x0000000b   Data   RW         3376    .data               control_can.c.o
    0x2000002f   0x0800489b   0x00000001   PAD
    0x20000030        -       0x00000074   Zero   RW          212    .bss                adc.o
    0x200000a4        -       0x00000044   Zero   RW          255    .bss                can.o
    0x200000e8        -       0x000000c0   Zero   RW          324    .bss                tim.o
    0x200001a8        -       0x000000c8   Zero   RW          383    .bss                usart.o
    0x20000270        -       0x00000040   Zero   RW         3375    .bss                control_can.c.o
    0x200002b0        -       0x00000400   Zero   RW            1    STACK               startup_stm32f103xb.o


==============================================================================

Image component sizes


      Code (inc. data)   RO Data    RW Data    ZI Data      Debug   Object Name

       308         62          0          8        116       1738   adc.o
       204         40          0          0         68       1563   can.o
       144         24          0         11         64       1894   control_can.c.o
       116          8          0          4          0       1843   delay.o
        84          4          0          0          0        738   dma.o
       204         12          0          0          0        939   gpio.o
       436         60          0          8          0     469604   main.o
       132          0          0          0          0       1651   mcp4725.o
       100          0          0          0          0       1161   mt6813.o
       716        110          0          0          0       4662   myi2c.o
       444         70          0          0          0       2985   myiic.o
        36          8        236          0       1024        804   startup_stm32f103xb.o
       152         32          0          9          0       3225   stm32f1xx_hal.o
      1698         56          0          0          0       9598   stm32f1xx_hal_adc.o
       262          4          0          0          0       2023   stm32f1xx_hal_adc_ex.o
      2074         16          0          0          0       6589   stm32f1xx_hal_can.o
       348         22          0          0          0      27849   stm32f1xx_hal_cortex.o
       900         12          0          0          0       4206   stm32f1xx_hal_dma.o
       808         32          0          0          0       2656   stm32f1xx_hal_gpio.o
       168         10          0          0          0        938   stm32f1xx_hal_msp.o
      1772        108          0          0          0       5944   stm32f1xx_hal_rcc.o
       592         48          0          0          0       2409   stm32f1xx_hal_rcc_ex.o
      2540         52          0          0          0      21556   stm32f1xx_hal_tim.o
       102          0          0          0          0       2258   stm32f1xx_hal_tim_ex.o
      1372         12          0          0          0       7631   stm32f1xx_hal_uart.o
       164         48          0          0          0       7504   stm32f1xx_it.o
        88         18         24          4          0       1163   system_stm32f1xx.o
       900        108          0          0        192       3886   tim.o
       372         80          0          0        200       2347   usart.o

    ----------------------------------------------------------------------
     17268       1056        292         48       1664     601364   Object Totals
         0          0         32          0          0          0   (incl. Generated)
        32          0          0          4          0          0   (incl. Padding)

    ----------------------------------------------------------------------

      Code (inc. data)   RO Data    RW Data    ZI Data      Debug   Library Member Name

         0          0          0          0          0          0   entry.o
         0          0          0          0          0          0   entry10a.o
         0          0          0          0          0          0   entry11a.o
         8          4          0          0          0          0   entry2.o
         4          0          0          0          0          0   entry5.o
         0          0          0          0          0          0   entry7b.o
         0          0          0          0          0          0   entry8b.o
         8          4          0          0          0          0   entry9a.o
        30          0          0          0          0          0   handlers.o
        36          8          0          0          0         68   init.o
         0          0          0          0          0          0   iusefp.o
        30          0          0          0          0         68   llshl.o
        32          0          0          0          0         68   llushr.o
        56          0          0          0          0         88   d2f.o
       222          0          0          0          0        100   ddiv.o
       186          0          0          0          0        176   depilogue.o
        26          0          0          0          0         76   dfltui.o
       228          0          0          0          0         96   dmul.o
       110          0          0          0          0        168   fepilogue.o

    ----------------------------------------------------------------------
       980         16          0          0          0        908   Library Totals
         4          0          0          0          0          0   (incl. Padding)

    ----------------------------------------------------------------------

      Code (inc. data)   RO Data    RW Data    ZI Data      Debug   Library Name

       148         16          0          0          0        204   mc_w.l
       828          0          0          0          0        704   mf_w.l

    ----------------------------------------------------------------------
       980         16          0          0          0        908   Library Totals

    ----------------------------------------------------------------------

==============================================================================


      Code (inc. data)   RO Data    RW Data    ZI Data      Debug   

     18248       1072        292         48       1664     594156   Grand Totals
     18248       1072        292         48       1664     594156   ELF Image Totals
     18248       1072        292         48          0          0   ROM Totals

==============================================================================

    Total RO  Size (Code + RO Data)                18540 (  18.11kB)
    Total RW  Size (RW Data + ZI Data)              1712 (   1.67kB)
    Total ROM Size (Code + RO Data + RW Data)      18588 (  18.15kB)

==============================================================================

